Archive member included to satisfy reference by file (symbol)

/usr/lib/gcc/arm-none-eabi/10.3.1/../../../arm-none-eabi/lib/thumb/v7e-m+fp/hard/libc_nano.a(lib_a-atexit.o)
                              /usr/lib/gcc/arm-none-eabi/10.3.1/../../../arm-none-eabi/lib/thumb/v7e-m+fp/hard/crt0.o (atexit)
/usr/lib/gcc/arm-none-eabi/10.3.1/../../../arm-none-eabi/lib/thumb/v7e-m+fp/hard/libc_nano.a(lib_a-exit.o)
                              /usr/lib/gcc/arm-none-eabi/10.3.1/../../../arm-none-eabi/lib/thumb/v7e-m+fp/hard/crt0.o (exit)
/usr/lib/gcc/arm-none-eabi/10.3.1/../../../arm-none-eabi/lib/thumb/v7e-m+fp/hard/libc_nano.a(lib_a-fini.o)
                              /usr/lib/gcc/arm-none-eabi/10.3.1/../../../arm-none-eabi/lib/thumb/v7e-m+fp/hard/crt0.o (__libc_fini_array)
/usr/lib/gcc/arm-none-eabi/10.3.1/../../../arm-none-eabi/lib/thumb/v7e-m+fp/hard/libc_nano.a(lib_a-impure.o)
                              /usr/lib/gcc/arm-none-eabi/10.3.1/../../../arm-none-eabi/lib/thumb/v7e-m+fp/hard/libc_nano.a(lib_a-exit.o) (_global_impure_ptr)
/usr/lib/gcc/arm-none-eabi/10.3.1/../../../arm-none-eabi/lib/thumb/v7e-m+fp/hard/libc_nano.a(lib_a-init.o)
                              /usr/lib/gcc/arm-none-eabi/10.3.1/../../../arm-none-eabi/lib/thumb/v7e-m+fp/hard/crt0.o (__libc_init_array)
/usr/lib/gcc/arm-none-eabi/10.3.1/../../../arm-none-eabi/lib/thumb/v7e-m+fp/hard/libc_nano.a(lib_a-memset.o)
                              /usr/lib/gcc/arm-none-eabi/10.3.1/../../../arm-none-eabi/lib/thumb/v7e-m+fp/hard/crt0.o (memset)
/usr/lib/gcc/arm-none-eabi/10.3.1/../../../arm-none-eabi/lib/thumb/v7e-m+fp/hard/libc_nano.a(lib_a-nano-vfprintf_float.o)
                              (_printf_float)
/usr/lib/gcc/arm-none-eabi/10.3.1/../../../arm-none-eabi/lib/thumb/v7e-m+fp/hard/libc_nano.a(lib_a-nano-vfprintf_i.o)
                              /usr/lib/gcc/arm-none-eabi/10.3.1/../../../arm-none-eabi/lib/thumb/v7e-m+fp/hard/libc_nano.a(lib_a-nano-vfprintf_float.o) (_printf_common)
/usr/lib/gcc/arm-none-eabi/10.3.1/../../../arm-none-eabi/lib/thumb/v7e-m+fp/hard/libc_nano.a(lib_a-strlen.o)
                              /usr/lib/gcc/arm-none-eabi/10.3.1/../../../arm-none-eabi/lib/thumb/v7e-m+fp/hard/libc_nano.a(lib_a-nano-vfprintf_float.o) (strlen)
/usr/lib/gcc/arm-none-eabi/10.3.1/../../../arm-none-eabi/lib/thumb/v7e-m+fp/hard/libc_nano.a(lib_a-__atexit.o)
                              /usr/lib/gcc/arm-none-eabi/10.3.1/../../../arm-none-eabi/lib/thumb/v7e-m+fp/hard/libc_nano.a(lib_a-atexit.o) (__register_exitproc)
/usr/lib/gcc/arm-none-eabi/10.3.1/../../../arm-none-eabi/lib/thumb/v7e-m+fp/hard/libc_nano.a(lib_a-__call_atexit.o)
                              /usr/lib/gcc/arm-none-eabi/10.3.1/../../../arm-none-eabi/lib/thumb/v7e-m+fp/hard/libc_nano.a(lib_a-__atexit.o) (__call_exitprocs)
/usr/lib/gcc/arm-none-eabi/10.3.1/../../../arm-none-eabi/lib/thumb/v7e-m+fp/hard/libc_nano.a(lib_a-dtoa.o)
                              /usr/lib/gcc/arm-none-eabi/10.3.1/../../../arm-none-eabi/lib/thumb/v7e-m+fp/hard/libc_nano.a(lib_a-nano-vfprintf_float.o) (_dtoa_r)
/usr/lib/gcc/arm-none-eabi/10.3.1/../../../arm-none-eabi/lib/thumb/v7e-m+fp/hard/libc_nano.a(lib_a-localeconv.o)
                              /usr/lib/gcc/arm-none-eabi/10.3.1/../../../arm-none-eabi/lib/thumb/v7e-m+fp/hard/libc_nano.a(lib_a-nano-vfprintf_float.o) (_localeconv_r)
/usr/lib/gcc/arm-none-eabi/10.3.1/../../../arm-none-eabi/lib/thumb/v7e-m+fp/hard/libc_nano.a(lib_a-malloc.o)
                              /usr/lib/gcc/arm-none-eabi/10.3.1/../../../arm-none-eabi/lib/thumb/v7e-m+fp/hard/libc_nano.a(lib_a-dtoa.o) (malloc)
/usr/lib/gcc/arm-none-eabi/10.3.1/../../../arm-none-eabi/lib/thumb/v7e-m+fp/hard/libc_nano.a(lib_a-memchr.o)
                              /usr/lib/gcc/arm-none-eabi/10.3.1/../../../arm-none-eabi/lib/thumb/v7e-m+fp/hard/libc_nano.a(lib_a-nano-vfprintf_i.o) (memchr)
/usr/lib/gcc/arm-none-eabi/10.3.1/../../../arm-none-eabi/lib/thumb/v7e-m+fp/hard/libc_nano.a(lib_a-memcpy.o)
                              /usr/lib/gcc/arm-none-eabi/10.3.1/../../../arm-none-eabi/lib/thumb/v7e-m+fp/hard/libc_nano.a(lib_a-dtoa.o) (memcpy)
/usr/lib/gcc/arm-none-eabi/10.3.1/../../../arm-none-eabi/lib/thumb/v7e-m+fp/hard/libc_nano.a(lib_a-mprec.o)
                              /usr/lib/gcc/arm-none-eabi/10.3.1/../../../arm-none-eabi/lib/thumb/v7e-m+fp/hard/libc_nano.a(lib_a-dtoa.o) (_Balloc)
/usr/lib/gcc/arm-none-eabi/10.3.1/../../../arm-none-eabi/lib/thumb/v7e-m+fp/hard/libc_nano.a(lib_a-nano-callocr.o)
                              /usr/lib/gcc/arm-none-eabi/10.3.1/../../../arm-none-eabi/lib/thumb/v7e-m+fp/hard/libc_nano.a(lib_a-mprec.o) (_calloc_r)
/usr/lib/gcc/arm-none-eabi/10.3.1/../../../arm-none-eabi/lib/thumb/v7e-m+fp/hard/libc_nano.a(lib_a-nano-freer.o)
                              /usr/lib/gcc/arm-none-eabi/10.3.1/../../../arm-none-eabi/lib/thumb/v7e-m+fp/hard/libc_nano.a(lib_a-malloc.o) (_free_r)
[...]
Memory Configuration

Name             Origin             Length             Attributes
RAM              0x0000000020000000 0x0000000000018000 xrw
RAM2             0x0000000010000000 0x0000000000008000 xrw
FLASH            0x0000000008000000 0x0000000000100000 xr
*default*        0x0000000000000000 0xffffffffffffffff

Linker script and memory map

LOAD /usr/lib/gcc/arm-none-eabi/10.3.1/thumb/v7e-m+fp/hard/crti.o
LOAD /usr/lib/gcc/arm-none-eabi/10.3.1/thumb/v7e-m+fp/hard/crtbegin.o
LOAD /usr/lib/gcc/arm-none-eabi/10.3.1/../../../arm-none-eabi/lib/thumb/v7e-m+fp/hard/crt0.o
START GROUP
LOAD /usr/lib/gcc/arm-none-eabi/10.3.1/../../../arm-none-eabi/lib/thumb/v7e-m+fp/hard/libc_nano.a
LOAD /usr/lib/gcc/arm-none-eabi/10.3.1/../../../arm-none-eabi/lib/thumb/v7e-m+fp/hard/libm.a
END GROUP
LOAD CMakeFiles/lab_03.dir/Core/Src/main.c.obj
LOAD CMakeFiles/lab_03.dir/Core/Src/gpio.c.obj
LOAD CMakeFiles/lab_03.dir/Core/Src/tim.c.obj
LOAD CMakeFiles/lab_03.dir/Core/Src/usart.c.obj
LOAD CMakeFiles/lab_03.dir/Core/Src/stm32l4xx_it.c.obj
LOAD CMakeFiles/lab_03.dir/Core/Src/stm32l4xx_hal_msp.c.obj
LOAD CMakeFiles/lab_03.dir/Drivers/STM32L4xx_HAL_Driver/Src/stm32l4xx_hal_tim.c.obj
LOAD CMakeFiles/lab_03.dir/Drivers/STM32L4xx_HAL_Driver/Src/stm32l4xx_hal_tim_ex.c.obj
LOAD CMakeFiles/lab_03.dir/Drivers/STM32L4xx_HAL_Driver/Src/stm32l4xx_hal.c.obj
LOAD CMakeFiles/lab_03.dir/Drivers/STM32L4xx_HAL_Driver/Src/stm32l4xx_hal_rcc.c.obj
LOAD CMakeFiles/lab_03.dir/Drivers/STM32L4xx_HAL_Driver/Src/stm32l4xx_hal_rcc_ex.c.obj
LOAD CMakeFiles/lab_03.dir/Drivers/STM32L4xx_HAL_Driver/Src/stm32l4xx_hal_flash.c.obj
LOAD CMakeFiles/lab_03.dir/Drivers/STM32L4xx_HAL_Driver/Src/stm32l4xx_hal_flash_ex.c.obj
LOAD CMakeFiles/lab_03.dir/Drivers/STM32L4xx_HAL_Driver/Src/stm32l4xx_hal_flash_ramfunc.c.obj
LOAD CMakeFiles/lab_03.dir/Drivers/STM32L4xx_HAL_Driver/Src/stm32l4xx_hal_gpio.c.obj
LOAD CMakeFiles/lab_03.dir/Drivers/STM32L4xx_HAL_Driver/Src/stm32l4xx_hal_i2c.c.obj
LOAD CMakeFiles/lab_03.dir/Drivers/STM32L4xx_HAL_Driver/Src/stm32l4xx_hal_i2c_ex.c.obj
LOAD CMakeFiles/lab_03.dir/Drivers/STM32L4xx_HAL_Driver/Src/stm32l4xx_hal_dma.c.obj
LOAD CMakeFiles/lab_03.dir/Drivers/STM32L4xx_HAL_Driver/Src/stm32l4xx_hal_dma_ex.c.obj
LOAD CMakeFiles/lab_03.dir/Drivers/STM32L4xx_HAL_Driver/Src/stm32l4xx_hal_pwr.c.obj
LOAD CMakeFiles/lab_03.dir/Drivers/STM32L4xx_HAL_Driver/Src/stm32l4xx_hal_pwr_ex.c.obj
LOAD CMakeFiles/lab_03.dir/Drivers/STM32L4xx_HAL_Driver/Src/stm32l4xx_hal_cortex.c.obj
LOAD CMakeFiles/lab_03.dir/Drivers/STM32L4xx_HAL_Driver/Src/stm32l4xx_hal_exti.c.obj
LOAD CMakeFiles/lab_03.dir/Drivers/STM32L4xx_HAL_Driver/Src/stm32l4xx_hal_uart.c.obj
LOAD CMakeFiles/lab_03.dir/Drivers/STM32L4xx_HAL_Driver/Src/stm32l4xx_hal_uart_ex.c.obj
LOAD CMakeFiles/lab_03.dir/Core/Src/system_stm32l4xx.c.obj
LOAD CMakeFiles/lab_03.dir/Core/Src/sysmem.c.obj
LOAD CMakeFiles/lab_03.dir/Core/Src/syscalls.c.obj
LOAD CMakeFiles/lab_03.dir/startup_stm32l476xx.s.obj
START GROUP
LOAD /usr/lib/gcc/arm-none-eabi/10.3.1/thumb/v7e-m+fp/hard/libgcc.a
LOAD /usr/lib/gcc/arm-none-eabi/10.3.1/../../../arm-none-eabi/lib/thumb/v7e-m+fp/hard/libg_nano.a
LOAD /usr/lib/gcc/arm-none-eabi/10.3.1/../../../arm-none-eabi/lib/thumb/v7e-m+fp/hard/libc_nano.a
END GROUP
START GROUP
LOAD /usr/lib/gcc/arm-none-eabi/10.3.1/thumb/v7e-m+fp/hard/libgcc.a
LOAD /usr/lib/gcc/arm-none-eabi/10.3.1/../../../arm-none-eabi/lib/thumb/v7e-m+fp/hard/libc_nano.a
END GROUP
LOAD /usr/lib/gcc/arm-none-eabi/10.3.1/thumb/v7e-m+fp/hard/crtend.o
LOAD /usr/lib/gcc/arm-none-eabi/10.3.1/thumb/v7e-m+fp/hard/crtn.o
                0x0000000020018000                _estack = (ORIGIN (RAM) + LENGTH (RAM))
                0x0000000000000200                _Min_Heap_Size = 0x200
                0x0000000000000400                _Min_Stack_Size = 0x400

.isr_vector     0x0000000008000000      0x188
                0x0000000008000000                . = ALIGN (0x8)
 *(.isr_vector)
 .isr_vector    0x0000000008000000      0x188 CMakeFiles/lab_03.dir/startup_stm32l476xx.s.obj
                0x0000000008000000                g_pfnVectors
                0x0000000008000188                . = ALIGN (0x8)

.text           0x00000000080001c0     0x9ea0
                0x00000000080001c0                . = ALIGN (0x8)
 *(.text)
 .text          0x00000000080001c0       0x88 /usr/lib/gcc/arm-none-eabi/10.3.1/thumb/v7e-m+fp/hard/crtbegin.o
 .text          0x0000000008000248       0x48 /usr/lib/gcc/arm-none-eabi/10.3.1/../../../arm-none-eabi/lib/thumb/v7e-m+fp/hard/libc_nano.a(lib_a-init.o)
                0x0000000008000248                __libc_init_array
 .text          0x0000000008000290       0xa4 /usr/lib/gcc/arm-none-eabi/10.3.1/../../../arm-none-eabi/lib/thumb/v7e-m+fp/hard/libc_nano.a(lib_a-memset.o)
                0x0000000008000290                memset
 .text          0x0000000008000334      0x6cc /usr/lib/gcc/arm-none-eabi/10.3.1/../../../arm-none-eabi/lib/thumb/v7e-m+fp/hard/libc_nano.a(lib_a-nano-vfprintf_float.o)
                0x0000000008000334                __cvt
                0x0000000008000430                __exponent
                0x00000000080004cc                _printf_float
 .text          0x0000000008000a00      0x3dc /usr/lib/gcc/arm-none-eabi/10.3.1/../../../arm-none-eabi/lib/thumb/v7e-m+fp/hard/libc_nano.a(lib_a-nano-vfprintf_i.o)
                0x0000000008000a00                _printf_common
                0x0000000008000b2c                _printf_i
 *fill*         0x0000000008000ddc       0x24 
 .text          0x0000000008000e00       0xdc /usr/lib/gcc/arm-none-eabi/10.3.1/../../../arm-none-eabi/lib/thumb/v7e-m+fp/hard/libc_nano.a(lib_a-strlen.o)
                0x0000000008000e00                strlen
 *fill*         0x0000000008000edc        0x4 
 .text          0x0000000008000ee0     0x10a4 /usr/lib/gcc/arm-none-eabi/10.3.1/../../../arm-none-eabi/lib/thumb/v7e-m+fp/hard/libc_nano.a(lib_a-dtoa.o)
                0x0000000008001008                _dtoa_r
 .text          0x0000000008001f84       0x14 /usr/lib/gcc/arm-none-eabi/10.3.1/../../../arm-none-eabi/lib/thumb/v7e-m+fp/hard/libc_nano.a(lib_a-localeconv.o)
                0x0000000008001f84                __localeconv_l
                0x0000000008001f88                _localeconv_r
                0x0000000008001f90                localeconv
 .text          0x0000000008001f98       0x20 /usr/lib/gcc/arm-none-eabi/10.3.1/../../../arm-none-eabi/lib/thumb/v7e-m+fp/hard/libc_nano.a(lib_a-malloc.o)
                0x0000000008001f98                malloc
                0x0000000008001fa8                free
 *fill*         0x0000000008001fb8        0x8 
 .text          0x0000000008001fc0       0xa0 /usr/lib/gcc/arm-none-eabi/10.3.1/../../../arm-none-eabi/lib/thumb/v7e-m+fp/hard/libc_nano.a(lib_a-memchr.o)
                0x0000000008001fc0                memchr
 .text          0x0000000008002060      0x134 /usr/lib/gcc/arm-none-eabi/10.3.1/../../../arm-none-eabi/lib/thumb/v7e-m+fp/hard/libc_nano.a(lib_a-memcpy.o)
                0x0000000008002060                memcpy
 .text          0x0000000008002194      0xaec /usr/lib/gcc/arm-none-eabi/10.3.1/../../../arm-none-eabi/lib/thumb/v7e-m+fp/hard/libc_nano.a(lib_a-mprec.o)
                0x0000000008002194                _Balloc
                0x0000000008002214                _Bfree
                0x000000000800225c                __multadd
                0x0000000008002300                __s2b
                0x00000000080023b4                __hi0bits
                0x00000000080023f4                __lo0bits
                0x0000000008002454                __i2b
                0x0000000008002480                __multiply
                0x00000000080025dc                __pow5mult
                0x00000000080026bc                __lshift
                0x00000000080027a4                __mcmp
                0x00000000080027e8                __mdiff
                0x0000000008002934                __ulp
                0x0000000008002994                __b2d
                0x0000000008002a54                __d2b
                0x0000000008002b24                __ratio
                0x0000000008002b80                _mprec_log10
                0x0000000008002bc0                __copybits
                0x0000000008002c1c                __any_on
 .text          0x0000000008002c80       0x1c /usr/lib/gcc/arm-none-eabi/10.3.1/../../../arm-none-eabi/lib/thumb/v7e-m+fp/hard/libc_nano.a(lib_a-nano-callocr.o)
                0x0000000008002c80                _calloc_r
 .text          0x0000000008002c9c       0xc4 /usr/lib/gcc/arm-none-eabi/10.3.1/../../../arm-none-eabi/lib/thumb/v7e-m+fp/hard/libc_nano.a(lib_a-nano-freer.o)
                0x0000000008002c9c                _free_r
 .text          0x0000000008002d60       0xb4 /usr/lib/gcc/arm-none-eabi/10.3.1/../../../arm-none-eabi/lib/thumb/v7e-m+fp/hard/libc_nano.a(lib_a-nano-mallocr.o)
                0x0000000008002d60                _malloc_r
 .text          0x0000000008002e14       0x24 /usr/lib/gcc/arm-none-eabi/10.3.1/../../../arm-none-eabi/lib/thumb/v7e-m+fp/hard/libc_nano.a(lib_a-sbrkr.o)
                0x0000000008002e14                _sbrk_r
 .text          0x0000000008002e38       0x4c /usr/lib/gcc/arm-none-eabi/10.3.1/../../../arm-none-eabi/lib/thumb/v7e-m+fp/hard/libc_nano.a(lib_a-assert.o)
                0x0000000008002e38                __assert_func
                0x0000000008002e78                __assert
 .text          0x0000000008002e84       0x44 /usr/lib/gcc/arm-none-eabi/10.3.1/../../../arm-none-eabi/lib/thumb/v7e-m+fp/hard/libc_nano.a(lib_a-fprintf.o)
                0x0000000008002e84                _fprintf_r
                0x0000000008002e84                _fiprintf_r
                0x0000000008002ea0                fprintf
                0x0000000008002ea0                fiprintf
 .text          0x0000000008002ec8       0x40 /usr/lib/gcc/arm-none-eabi/10.3.1/../../../arm-none-eabi/lib/thumb/v7e-m+fp/hard/libc_nano.a(lib_a-mbtowc_r.o)
                0x0000000008002ec8                _mbtowc_r
                0x0000000008002edc                __ascii_mbtowc
 .text          0x0000000008002f08        0x8 /usr/lib/gcc/arm-none-eabi/10.3.1/../../../arm-none-eabi/lib/thumb/v7e-m+fp/hard/libc_nano.a(lib_a-mlock.o)
                0x0000000008002f08                __malloc_lock
                0x0000000008002f0c                __malloc_unlock
 .text          0x0000000008002f10      0x328 /usr/lib/gcc/arm-none-eabi/10.3.1/../../../arm-none-eabi/lib/thumb/v7e-m+fp/hard/libc_nano.a(lib_a-nano-vfprintf.o)
                0x0000000008002f4c                __sfputs_r
                0x0000000008002f7c                __sprint_r
                0x0000000008002f98                _vfiprintf_r
                0x0000000008002f98                _vfprintf_r
                0x000000000800321c                vfiprintf
                0x000000000800321c                vfprintf
 .text          0x0000000008003238       0xc8 /usr/lib/gcc/arm-none-eabi/10.3.1/../../../arm-none-eabi/lib/thumb/v7e-m+fp/hard/libc_nano.a(lib_a-wbuf.o)
                0x0000000008003238                __swbuf_r
                0x00000000080032e8                __swbuf
 .text          0x0000000008003300       0x30 /usr/lib/gcc/arm-none-eabi/10.3.1/../../../arm-none-eabi/lib/thumb/v7e-m+fp/hard/libc_nano.a(lib_a-wctomb_r.o)
                0x0000000008003300                _wctomb_r
                0x0000000008003314                __ascii_wctomb
 .text          0x0000000008003330      0x104 /usr/lib/gcc/arm-none-eabi/10.3.1/../../../arm-none-eabi/lib/thumb/v7e-m+fp/hard/libc_nano.a(lib_a-wsetup.o)
                0x0000000008003330                __swsetup_r
 .text          0x0000000008003434       0x10 /usr/lib/gcc/arm-none-eabi/10.3.1/../../../arm-none-eabi/lib/thumb/v7e-m+fp/hard/libc_nano.a(lib_a-abort.o)
                0x0000000008003434                abort
 .text          0x0000000008003444      0x1e8 /usr/lib/gcc/arm-none-eabi/10.3.1/../../../arm-none-eabi/lib/thumb/v7e-m+fp/hard/libc_nano.a(lib_a-fflush.o)
                0x0000000008003444                __sflush_r
                0x0000000008003558                _fflush_r
                0x00000000080035ac                fflush
 .text          0x000000000800362c      0x238 /usr/lib/gcc/arm-none-eabi/10.3.1/../../../arm-none-eabi/lib/thumb/v7e-m+fp/hard/libc_nano.a(lib_a-findfp.o)
                0x0000000008003630                _cleanup_r
                0x0000000008003640                __sfmoreglue
                0x0000000008003670                __sfp
                0x0000000008003810                _cleanup
                0x0000000008003824                __sinit
                0x000000000800382c                __sfp_lock_acquire
                0x0000000008003830                __sfp_lock_release
                0x0000000008003834                __sinit_lock_acquire
                0x0000000008003838                __sinit_lock_release
                0x000000000800383c                __fp_lock_all
                0x0000000008003850                __fp_unlock_all
 .text          0x0000000008003864      0x2f0 /usr/lib/gcc/arm-none-eabi/10.3.1/../../../arm-none-eabi/lib/thumb/v7e-m+fp/hard/libc_nano.a(lib_a-fvwrite.o)
                0x0000000008003864                __sfvwrite_r
 .text          0x0000000008003b54       0x88 /usr/lib/gcc/arm-none-eabi/10.3.1/../../../arm-none-eabi/lib/thumb/v7e-m+fp/hard/libc_nano.a(lib_a-fwalk.o)
                0x0000000008003b54                _fwalk
                0x0000000008003b94                _fwalk_reent
 .text          0x0000000008003bdc      0x11c /usr/lib/gcc/arm-none-eabi/10.3.1/../../../arm-none-eabi/lib/thumb/v7e-m+fp/hard/libc_nano.a(lib_a-makebuf.o)
                0x0000000008003bdc                __smakebuf_r
                0x0000000008003c9c                __swhatbuf_r
 .text          0x0000000008003cf8       0xf8 /usr/lib/gcc/arm-none-eabi/10.3.1/../../../arm-none-eabi/lib/thumb/v7e-m+fp/hard/libc_nano.a(lib_a-memmove.o)
                0x0000000008003cf8                memmove
 .text          0x0000000008003df0       0x50 /usr/lib/gcc/arm-none-eabi/10.3.1/../../../arm-none-eabi/lib/thumb/v7e-m+fp/hard/libc_nano.a(lib_a-nano-reallocr.o)
                0x0000000008003df0                _realloc_r
 .text          0x0000000008003e40      0x268 /usr/lib/gcc/arm-none-eabi/10.3.1/../../../arm-none-eabi/lib/thumb/v7e-m+fp/hard/libc_nano.a(lib_a-signal.o)
                0x0000000008003e40                _init_signal_r
                0x0000000008003e6c                _signal_r
                0x0000000008003eb4                _raise_r
                0x0000000008003f08                __sigtramp_r
                0x0000000008003f68                raise
                0x0000000008003fc0                signal
                0x0000000008004010                _init_signal
                0x0000000008004044                __sigtramp
 .text          0x00000000080040a8       0x30 /usr/lib/gcc/arm-none-eabi/10.3.1/../../../arm-none-eabi/lib/thumb/v7e-m+fp/hard/libc_nano.a(lib_a-signalr.o)
                0x00000000080040a8                _kill_r
                0x00000000080040d4                _getpid_r
 .text          0x00000000080040d8       0x90 /usr/lib/gcc/arm-none-eabi/10.3.1/../../../arm-none-eabi/lib/thumb/v7e-m+fp/hard/libc_nano.a(lib_a-stdio.o)
                0x00000000080040d8                __sread
                0x00000000080040fc                __seofread
                0x0000000008004100                __swrite
                0x0000000008004140                __sseek
                0x0000000008004160                __sclose
 .text          0x0000000008004168       0x2c /usr/lib/gcc/arm-none-eabi/10.3.1/../../../arm-none-eabi/lib/thumb/v7e-m+fp/hard/libc_nano.a(lib_a-writer.o)
                0x0000000008004168                _write_r
 .text          0x0000000008004194       0x24 /usr/lib/gcc/arm-none-eabi/10.3.1/../../../arm-none-eabi/lib/thumb/v7e-m+fp/hard/libc_nano.a(lib_a-closer.o)
                0x0000000008004194                _close_r
 .text          0x00000000080041b8       0x2c /usr/lib/gcc/arm-none-eabi/10.3.1/../../../arm-none-eabi/lib/thumb/v7e-m+fp/hard/libc_nano.a(lib_a-fstatr.o)
                0x00000000080041b8                _fstat_r
 .text          0x00000000080041e4       0x24 /usr/lib/gcc/arm-none-eabi/10.3.1/../../../arm-none-eabi/lib/thumb/v7e-m+fp/hard/libc_nano.a(lib_a-isattyr.o)
                0x00000000080041e4                _isatty_r
 .text          0x0000000008004208       0x2c /usr/lib/gcc/arm-none-eabi/10.3.1/../../../arm-none-eabi/lib/thumb/v7e-m+fp/hard/libc_nano.a(lib_a-lseekr.o)
                0x0000000008004208                _lseek_r
 .text          0x0000000008004234       0x14 /usr/lib/gcc/arm-none-eabi/10.3.1/../../../arm-none-eabi/lib/thumb/v7e-m+fp/hard/libc_nano.a(lib_a-nano-msizer.o)
                0x0000000008004234                _malloc_usable_size_r
 .text          0x0000000008004248       0x2c /usr/lib/gcc/arm-none-eabi/10.3.1/../../../arm-none-eabi/lib/thumb/v7e-m+fp/hard/libc_nano.a(lib_a-readr.o)
                0x0000000008004248                _read_r
 .text          0x0000000008004274      0x378 /usr/lib/gcc/arm-none-eabi/10.3.1/thumb/v7e-m+fp/hard/libgcc.a(_arm_addsubdf3.o)
                0x0000000008004274                __aeabi_drsub
                0x000000000800427c                __aeabi_dsub
                0x000000000800427c                __subdf3
                0x0000000008004280                __adddf3
                0x0000000008004280                __aeabi_dadd
                0x00000000080044f8                __aeabi_ui2d
                0x00000000080044f8                __floatunsidf
                0x0000000008004518                __floatsidf
                0x0000000008004518                __aeabi_i2d
                0x000000000800453c                __extendsfdf2
                0x000000000800453c                __aeabi_f2d
                0x0000000008004580                __aeabi_ul2d
                0x0000000008004580                __floatundidf
                0x0000000008004590                __floatdidf
                0x0000000008004590                __aeabi_l2d
 .text          0x00000000080045ec      0x424 /usr/lib/gcc/arm-none-eabi/10.3.1/thumb/v7e-m+fp/hard/libgcc.a(_arm_muldivdf3.o)
                0x00000000080045ec                __aeabi_dmul
                0x00000000080045ec                __muldf3
                0x0000000008004840                __aeabi_ddiv
                0x0000000008004840                __divdf3
 .text          0x0000000008004a10      0x110 /usr/lib/gcc/arm-none-eabi/10.3.1/thumb/v7e-m+fp/hard/libgcc.a(_arm_cmpdf2.o)
                0x0000000008004a10                __gtdf2
                0x0000000008004a10                __gedf2
                0x0000000008004a18                __ltdf2
                0x0000000008004a18                __ledf2
                0x0000000008004a20                __cmpdf2
                0x0000000008004a20                __eqdf2
                0x0000000008004a20                __nedf2
                0x0000000008004a9c                __aeabi_cdrcmple
                0x0000000008004aac                __aeabi_cdcmple
                0x0000000008004aac                __aeabi_cdcmpeq
                0x0000000008004abc                __aeabi_dcmpeq
                0x0000000008004ad0                __aeabi_dcmplt
                0x0000000008004ae4                __aeabi_dcmple
                0x0000000008004af8                __aeabi_dcmpge
                0x0000000008004b0c                __aeabi_dcmpgt
 .text          0x0000000008004b20       0x2c /usr/lib/gcc/arm-none-eabi/10.3.1/thumb/v7e-m+fp/hard/libgcc.a(_arm_unorddf2.o)
                0x0000000008004b20                __aeabi_dcmpun
                0x0000000008004b20                __unorddf2
 .text          0x0000000008004b4c       0x50 /usr/lib/gcc/arm-none-eabi/10.3.1/thumb/v7e-m+fp/hard/libgcc.a(_arm_fixdfsi.o)
                0x0000000008004b4c                __fixdfsi
                0x0000000008004b4c                __aeabi_d2iz
 .text          0x0000000008004b9c       0xa0 /usr/lib/gcc/arm-none-eabi/10.3.1/thumb/v7e-m+fp/hard/libgcc.a(_arm_truncdfsf2.o)
                0x0000000008004b9c                __aeabi_d2f
                0x0000000008004b9c                __truncdfsf2
 .text          0x0000000008004c3c       0x30 /usr/lib/gcc/arm-none-eabi/10.3.1/thumb/v7e-m+fp/hard/libgcc.a(_aeabi_uldivmod.o)
                0x0000000008004c3c                __aeabi_uldivmod
 .text          0x0000000008004c6c      0x2d0 /usr/lib/gcc/arm-none-eabi/10.3.1/thumb/v7e-m+fp/hard/libgcc.a(_udivmoddi4.o)
                0x0000000008004c6c                __udivmoddi4
 .text          0x0000000008004f3c        0x4 /usr/lib/gcc/arm-none-eabi/10.3.1/thumb/v7e-m+fp/hard/libgcc.a(_dvmd_tls.o)
                0x0000000008004f3c                __aeabi_ldiv0
                0x0000000008004f3c                __aeabi_idiv0
 .text          0x0000000008004f40        0xc /usr/lib/gcc/arm-none-eabi/10.3.1/../../../arm-none-eabi/lib/thumb/v7e-m+fp/hard/libg_nano.a(lib_a-errno.o)
                0x0000000008004f40                __errno
 .text          0x0000000008004f4c       0x60 /usr/lib/gcc/arm-none-eabi/10.3.1/../../../arm-none-eabi/lib/thumb/v7e-m+fp/hard/libg_nano.a(lib_a-printf.o)
                0x0000000008004f4c                _printf_r
                0x0000000008004f4c                _iprintf_r
                0x0000000008004f78                printf
                0x0000000008004f78                iprintf
 .text          0x0000000008004fac       0xec /usr/lib/gcc/arm-none-eabi/10.3.1/../../../arm-none-eabi/lib/thumb/v7e-m+fp/hard/libg_nano.a(lib_a-puts.o)
                0x0000000008004fac                _puts_r
                0x0000000008005088                puts
 *(.text*)
 .text.HAL_TIM_IC_CaptureCallback
                0x0000000008005098       0xd4 CMakeFiles/lab_03.dir/Core/Src/main.c.obj
                0x0000000008005098                HAL_TIM_IC_CaptureCallback
 .text.HAL_TIM_PeriodElapsedCallback
                0x000000000800516c       0x4c CMakeFiles/lab_03.dir/Core/Src/main.c.obj
                0x000000000800516c                HAL_TIM_PeriodElapsedCallback
 .text._write   0x00000000080051b8       0x2c CMakeFiles/lab_03.dir/Core/Src/main.c.obj
                0x00000000080051b8                _write
 *fill*         0x00000000080051e4        0x4 
 .text.main     0x00000000080051e8      0x28c CMakeFiles/lab_03.dir/Core/Src/main.c.obj
                0x00000000080051e8                main
 .text.SystemClock_Config
                0x0000000008005474       0xa2 CMakeFiles/lab_03.dir/Core/Src/main.c.obj
                0x0000000008005474                SystemClock_Config
 .text.Error_Handler
                0x0000000008005516        0xa CMakeFiles/lab_03.dir/Core/Src/main.c.obj
                0x0000000008005516                Error_Handler
 .text.MX_GPIO_Init
                0x0000000008005520       0xb4 CMakeFiles/lab_03.dir/Core/Src/gpio.c.obj
                0x0000000008005520                MX_GPIO_Init
 .text.MX_TIM1_Init
                0x00000000080055d4       0xf0 CMakeFiles/lab_03.dir/Core/Src/tim.c.obj
                0x00000000080055d4                MX_TIM1_Init
 .text.MX_TIM3_Init
                0x00000000080056c4       0xf4 CMakeFiles/lab_03.dir/Core/Src/tim.c.obj
                0x00000000080056c4                MX_TIM3_Init
 .text.HAL_TIM_Base_MspInit
                0x00000000080057b8      0x100 CMakeFiles/lab_03.dir/Core/Src/tim.c.obj
                0x00000000080057b8                HAL_TIM_Base_MspInit
 .text.HAL_TIM_MspPostInit
                0x00000000080058b8       0x70 CMakeFiles/lab_03.dir/Core/Src/tim.c.obj
                0x00000000080058b8                HAL_TIM_MspPostInit
 .text.MX_USART2_UART_Init
                0x0000000008005928       0x60 CMakeFiles/lab_03.dir/Core/Src/usart.c.obj
                0x0000000008005928                MX_USART2_UART_Init
 .text.HAL_UART_MspInit
                0x0000000008005988       0xb8 CMakeFiles/lab_03.dir/Core/Src/usart.c.obj
                0x0000000008005988                HAL_UART_MspInit
 .text.NMI_Handler
                0x0000000008005a40        0x6 CMakeFiles/lab_03.dir/Core/Src/stm32l4xx_it.c.obj
                0x0000000008005a40                NMI_Handler
 .text.HardFault_Handler
                0x0000000008005a46        0x6 CMakeFiles/lab_03.dir/Core/Src/stm32l4xx_it.c.obj
                0x0000000008005a46                HardFault_Handler
 .text.MemManage_Handler
                0x0000000008005a4c        0x6 CMakeFiles/lab_03.dir/Core/Src/stm32l4xx_it.c.obj
                0x0000000008005a4c                MemManage_Handler
 .text.BusFault_Handler
                0x0000000008005a52        0x6 CMakeFiles/lab_03.dir/Core/Src/stm32l4xx_it.c.obj
                0x0000000008005a52                BusFault_Handler
 .text.UsageFault_Handler
                0x0000000008005a58        0x6 CMakeFiles/lab_03.dir/Core/Src/stm32l4xx_it.c.obj
                0x0000000008005a58                UsageFault_Handler
 .text.SVC_Handler
                0x0000000008005a5e        0xe CMakeFiles/lab_03.dir/Core/Src/stm32l4xx_it.c.obj
                0x0000000008005a5e                SVC_Handler
 .text.DebugMon_Handler
                0x0000000008005a6c        0xe CMakeFiles/lab_03.dir/Core/Src/stm32l4xx_it.c.obj
                0x0000000008005a6c                DebugMon_Handler
 .text.PendSV_Handler
                0x0000000008005a7a        0xe CMakeFiles/lab_03.dir/Core/Src/stm32l4xx_it.c.obj
                0x0000000008005a7a                PendSV_Handler
 .text.SysTick_Handler
                0x0000000008005a88        0xc CMakeFiles/lab_03.dir/Core/Src/stm32l4xx_it.c.obj
                0x0000000008005a88                SysTick_Handler
 .text.TIM1_BRK_TIM15_IRQHandler
                0x0000000008005a94       0x14 CMakeFiles/lab_03.dir/Core/Src/stm32l4xx_it.c.obj
                0x0000000008005a94                TIM1_BRK_TIM15_IRQHandler
 .text.TIM1_UP_TIM16_IRQHandler
                0x0000000008005aa8       0x14 CMakeFiles/lab_03.dir/Core/Src/stm32l4xx_it.c.obj
                0x0000000008005aa8                TIM1_UP_TIM16_IRQHandler
 .text.TIM1_TRG_COM_TIM17_IRQHandler
                0x0000000008005abc       0x14 CMakeFiles/lab_03.dir/Core/Src/stm32l4xx_it.c.obj
                0x0000000008005abc                TIM1_TRG_COM_TIM17_IRQHandler
 .text.TIM1_CC_IRQHandler
                0x0000000008005ad0       0x14 CMakeFiles/lab_03.dir/Core/Src/stm32l4xx_it.c.obj
                0x0000000008005ad0                TIM1_CC_IRQHandler
 .text.TIM3_IRQHandler
                0x0000000008005ae4       0x14 CMakeFiles/lab_03.dir/Core/Src/stm32l4xx_it.c.obj
                0x0000000008005ae4                TIM3_IRQHandler
 .text.EXTI15_10_IRQHandler
                0x0000000008005af8       0x10 CMakeFiles/lab_03.dir/Core/Src/stm32l4xx_it.c.obj
                0x0000000008005af8                EXTI15_10_IRQHandler
 .text.HAL_MspInit
                0x0000000008005b08       0x48 CMakeFiles/lab_03.dir/Core/Src/stm32l4xx_hal_msp.c.obj
                0x0000000008005b08                HAL_MspInit
 .text.HAL_TIM_Base_Init
                0x0000000008005b50       0xae CMakeFiles/lab_03.dir/Drivers/STM32L4xx_HAL_Driver/Src/stm32l4xx_hal_tim.c.obj
                0x0000000008005b50                HAL_TIM_Base_Init
 .text.HAL_TIM_PWM_Init
                0x0000000008005bfe       0xae CMakeFiles/lab_03.dir/Drivers/STM32L4xx_HAL_Driver/Src/stm32l4xx_hal_tim.c.obj
                0x0000000008005bfe                HAL_TIM_PWM_Init
 .text.HAL_TIM_PWM_MspInit
                0x0000000008005cac       0x14 CMakeFiles/lab_03.dir/Drivers/STM32L4xx_HAL_Driver/Src/stm32l4xx_hal_tim.c.obj
                0x0000000008005cac                HAL_TIM_PWM_MspInit
 .text.HAL_TIM_PWM_Start
                0x0000000008005cc0      0x20c CMakeFiles/lab_03.dir/Drivers/STM32L4xx_HAL_Driver/Src/stm32l4xx_hal_tim.c.obj
                0x0000000008005cc0                HAL_TIM_PWM_Start
 .text.HAL_TIM_IC_Init
                0x0000000008005ecc       0xae CMakeFiles/lab_03.dir/Drivers/STM32L4xx_HAL_Driver/Src/stm32l4xx_hal_tim.c.obj
                0x0000000008005ecc                HAL_TIM_IC_Init
 .text.HAL_TIM_IC_MspInit
                0x0000000008005f7a       0x14 CMakeFiles/lab_03.dir/Drivers/STM32L4xx_HAL_Driver/Src/stm32l4xx_hal_tim.c.obj
                0x0000000008005f7a                HAL_TIM_IC_MspInit
 *fill*         0x0000000008005f8e        0x2 
 .text.HAL_TIM_IC_Start_IT
                0x0000000008005f90      0x294 CMakeFiles/lab_03.dir/Drivers/STM32L4xx_HAL_Driver/Src/stm32l4xx_hal_tim.c.obj
                0x0000000008005f90                HAL_TIM_IC_Start_IT
 .text.HAL_TIM_IRQHandler
                0x0000000008006224      0x20e CMakeFiles/lab_03.dir/Drivers/STM32L4xx_HAL_Driver/Src/stm32l4xx_hal_tim.c.obj
                0x0000000008006224                HAL_TIM_IRQHandler
 .text.HAL_TIM_IC_ConfigChannel
                0x0000000008006432      0x138 CMakeFiles/lab_03.dir/Drivers/STM32L4xx_HAL_Driver/Src/stm32l4xx_hal_tim.c.obj
                0x0000000008006432                HAL_TIM_IC_ConfigChannel
 *fill*         0x000000000800656a        0x2 
 .text.HAL_TIM_PWM_ConfigChannel
                0x000000000800656c      0x228 CMakeFiles/lab_03.dir/Drivers/STM32L4xx_HAL_Driver/Src/stm32l4xx_hal_tim.c.obj
                0x000000000800656c                HAL_TIM_PWM_ConfigChannel
 .text.HAL_TIM_ConfigClockSource
                0x0000000008006794      0x192 CMakeFiles/lab_03.dir/Drivers/STM32L4xx_HAL_Driver/Src/stm32l4xx_hal_tim.c.obj
                0x0000000008006794                HAL_TIM_ConfigClockSource
 *fill*         0x0000000008006926        0x2 
 .text.HAL_TIM_ReadCapturedValue
                0x0000000008006928       0x88 CMakeFiles/lab_03.dir/Drivers/STM32L4xx_HAL_Driver/Src/stm32l4xx_hal_tim.c.obj
                0x0000000008006928                HAL_TIM_ReadCapturedValue
 .text.HAL_TIM_OC_DelayElapsedCallback
                0x00000000080069b0       0x14 CMakeFiles/lab_03.dir/Drivers/STM32L4xx_HAL_Driver/Src/stm32l4xx_hal_tim.c.obj
                0x00000000080069b0                HAL_TIM_OC_DelayElapsedCallback
 .text.HAL_TIM_PWM_PulseFinishedCallback
                0x00000000080069c4       0x14 CMakeFiles/lab_03.dir/Drivers/STM32L4xx_HAL_Driver/Src/stm32l4xx_hal_tim.c.obj
                0x00000000080069c4                HAL_TIM_PWM_PulseFinishedCallback
 .text.HAL_TIM_TriggerCallback
                0x00000000080069d8       0x14 CMakeFiles/lab_03.dir/Drivers/STM32L4xx_HAL_Driver/Src/stm32l4xx_hal_tim.c.obj
                0x00000000080069d8                HAL_TIM_TriggerCallback
 .text.TIM_Base_SetConfig
                0x00000000080069ec      0x14c CMakeFiles/lab_03.dir/Drivers/STM32L4xx_HAL_Driver/Src/stm32l4xx_hal_tim.c.obj
                0x00000000080069ec                TIM_Base_SetConfig
 .text.TIM_OC1_SetConfig
                0x0000000008006b38      0x120 CMakeFiles/lab_03.dir/Drivers/STM32L4xx_HAL_Driver/Src/stm32l4xx_hal_tim.c.obj
 .text.TIM_OC2_SetConfig
                0x0000000008006c58      0x114 CMakeFiles/lab_03.dir/Drivers/STM32L4xx_HAL_Driver/Src/stm32l4xx_hal_tim.c.obj
                0x0000000008006c58                TIM_OC2_SetConfig
 .text.TIM_OC3_SetConfig
                0x0000000008006d6c      0x110 CMakeFiles/lab_03.dir/Drivers/STM32L4xx_HAL_Driver/Src/stm32l4xx_hal_tim.c.obj
 .text.TIM_OC4_SetConfig
                0x0000000008006e7c       0xd4 CMakeFiles/lab_03.dir/Drivers/STM32L4xx_HAL_Driver/Src/stm32l4xx_hal_tim.c.obj
 .text.TIM_OC5_SetConfig
                0x0000000008006f50       0xc8 CMakeFiles/lab_03.dir/Drivers/STM32L4xx_HAL_Driver/Src/stm32l4xx_hal_tim.c.obj
 .text.TIM_OC6_SetConfig
                0x0000000008007018       0xcc CMakeFiles/lab_03.dir/Drivers/STM32L4xx_HAL_Driver/Src/stm32l4xx_hal_tim.c.obj
 .text.TIM_TI1_SetConfig
                0x00000000080070e4       0xdc CMakeFiles/lab_03.dir/Drivers/STM32L4xx_HAL_Driver/Src/stm32l4xx_hal_tim.c.obj
                0x00000000080070e4                TIM_TI1_SetConfig
 .text.TIM_TI1_ConfigInputStage
                0x00000000080071c0       0x5e CMakeFiles/lab_03.dir/Drivers/STM32L4xx_HAL_Driver/Src/stm32l4xx_hal_tim.c.obj
 .text.TIM_TI2_SetConfig
                0x000000000800721e       0x7a CMakeFiles/lab_03.dir/Drivers/STM32L4xx_HAL_Driver/Src/stm32l4xx_hal_tim.c.obj
 .text.TIM_TI2_ConfigInputStage
                0x0000000008007298       0x60 CMakeFiles/lab_03.dir/Drivers/STM32L4xx_HAL_Driver/Src/stm32l4xx_hal_tim.c.obj
 .text.TIM_TI3_SetConfig
                0x00000000080072f8       0x78 CMakeFiles/lab_03.dir/Drivers/STM32L4xx_HAL_Driver/Src/stm32l4xx_hal_tim.c.obj
 .text.TIM_TI4_SetConfig
                0x0000000008007370       0x7a CMakeFiles/lab_03.dir/Drivers/STM32L4xx_HAL_Driver/Src/stm32l4xx_hal_tim.c.obj
 .text.TIM_ITRx_SetConfig
                0x00000000080073ea       0x36 CMakeFiles/lab_03.dir/Drivers/STM32L4xx_HAL_Driver/Src/stm32l4xx_hal_tim.c.obj
 .text.TIM_ETR_SetConfig
                0x0000000008007420       0x40 CMakeFiles/lab_03.dir/Drivers/STM32L4xx_HAL_Driver/Src/stm32l4xx_hal_tim.c.obj
                0x0000000008007420                TIM_ETR_SetConfig
 .text.TIM_CCxChannelCmd
                0x0000000008007460       0x4a CMakeFiles/lab_03.dir/Drivers/STM32L4xx_HAL_Driver/Src/stm32l4xx_hal_tim.c.obj
                0x0000000008007460                TIM_CCxChannelCmd
 *fill*         0x00000000080074aa        0x2 
 .text.HAL_TIMEx_MasterConfigSynchronization
                0x00000000080074ac      0x110 CMakeFiles/lab_03.dir/Drivers/STM32L4xx_HAL_Driver/Src/stm32l4xx_hal_tim_ex.c.obj
                0x00000000080074ac                HAL_TIMEx_MasterConfigSynchronization
 .text.HAL_TIMEx_CommutCallback
                0x00000000080075bc       0x14 CMakeFiles/lab_03.dir/Drivers/STM32L4xx_HAL_Driver/Src/stm32l4xx_hal_tim_ex.c.obj
                0x00000000080075bc                HAL_TIMEx_CommutCallback
 .text.HAL_TIMEx_BreakCallback
                0x00000000080075d0       0x14 CMakeFiles/lab_03.dir/Drivers/STM32L4xx_HAL_Driver/Src/stm32l4xx_hal_tim_ex.c.obj
                0x00000000080075d0                HAL_TIMEx_BreakCallback
 .text.HAL_TIMEx_Break2Callback
                0x00000000080075e4       0x14 CMakeFiles/lab_03.dir/Drivers/STM32L4xx_HAL_Driver/Src/stm32l4xx_hal_tim_ex.c.obj
                0x00000000080075e4                HAL_TIMEx_Break2Callback
 .text.HAL_Init
                0x00000000080075f8       0x40 CMakeFiles/lab_03.dir/Drivers/STM32L4xx_HAL_Driver/Src/stm32l4xx_hal.c.obj
                0x00000000080075f8                HAL_Init
 .text.HAL_InitTick
                0x0000000008007638       0x78 CMakeFiles/lab_03.dir/Drivers/STM32L4xx_HAL_Driver/Src/stm32l4xx_hal.c.obj
                0x0000000008007638                HAL_InitTick
 .text.HAL_IncTick
                0x00000000080076b0       0x28 CMakeFiles/lab_03.dir/Drivers/STM32L4xx_HAL_Driver/Src/stm32l4xx_hal.c.obj
                0x00000000080076b0                HAL_IncTick
 .text.HAL_GetTick
                0x00000000080076d8       0x18 CMakeFiles/lab_03.dir/Drivers/STM32L4xx_HAL_Driver/Src/stm32l4xx_hal.c.obj
                0x00000000080076d8                HAL_GetTick
 .text.HAL_RCC_OscConfig
                0x00000000080076f0      0x7b8 CMakeFiles/lab_03.dir/Drivers/STM32L4xx_HAL_Driver/Src/stm32l4xx_hal_rcc.c.obj
                0x00000000080076f0                HAL_RCC_OscConfig
 .text.HAL_RCC_ClockConfig
                0x0000000008007ea8      0x200 CMakeFiles/lab_03.dir/Drivers/STM32L4xx_HAL_Driver/Src/stm32l4xx_hal_rcc.c.obj
                0x0000000008007ea8                HAL_RCC_ClockConfig
 .text.HAL_RCC_GetSysClockFreq
                0x00000000080080a8      0x118 CMakeFiles/lab_03.dir/Drivers/STM32L4xx_HAL_Driver/Src/stm32l4xx_hal_rcc.c.obj
                0x00000000080080a8                HAL_RCC_GetSysClockFreq
 .text.HAL_RCC_GetHCLKFreq
                0x00000000080081c0       0x18 CMakeFiles/lab_03.dir/Drivers/STM32L4xx_HAL_Driver/Src/stm32l4xx_hal_rcc.c.obj
                0x00000000080081c0                HAL_RCC_GetHCLKFreq
 .text.HAL_RCC_GetPCLK1Freq
                0x00000000080081d8       0x2c CMakeFiles/lab_03.dir/Drivers/STM32L4xx_HAL_Driver/Src/stm32l4xx_hal_rcc.c.obj
                0x00000000080081d8                HAL_RCC_GetPCLK1Freq
 .text.HAL_RCC_GetPCLK2Freq
                0x0000000008008204       0x2c CMakeFiles/lab_03.dir/Drivers/STM32L4xx_HAL_Driver/Src/stm32l4xx_hal_rcc.c.obj
                0x0000000008008204                HAL_RCC_GetPCLK2Freq
 .text.RCC_SetFlashLatencyFromMSIRange
                0x0000000008008230       0xc0 CMakeFiles/lab_03.dir/Drivers/STM32L4xx_HAL_Driver/Src/stm32l4xx_hal_rcc.c.obj
 .text.HAL_RCCEx_PeriphCLKConfig
                0x00000000080082f0      0x5d4 CMakeFiles/lab_03.dir/Drivers/STM32L4xx_HAL_Driver/Src/stm32l4xx_hal_rcc_ex.c.obj
                0x00000000080082f0                HAL_RCCEx_PeriphCLKConfig
 .text.RCCEx_PLLSAI1_Config
                0x00000000080088c4      0x1e8 CMakeFiles/lab_03.dir/Drivers/STM32L4xx_HAL_Driver/Src/stm32l4xx_hal_rcc_ex.c.obj
 .text.RCCEx_PLLSAI2_Config
                0x0000000008008aac      0x1bc CMakeFiles/lab_03.dir/Drivers/STM32L4xx_HAL_Driver/Src/stm32l4xx_hal_rcc_ex.c.obj
 .text.HAL_GPIO_Init
                0x0000000008008c68      0x354 CMakeFiles/lab_03.dir/Drivers/STM32L4xx_HAL_Driver/Src/stm32l4xx_hal_gpio.c.obj
                0x0000000008008c68                HAL_GPIO_Init
 .text.HAL_GPIO_ReadPin
                0x0000000008008fbc       0x30 CMakeFiles/lab_03.dir/Drivers/STM32L4xx_HAL_Driver/Src/stm32l4xx_hal_gpio.c.obj
                0x0000000008008fbc                HAL_GPIO_ReadPin
 .text.HAL_GPIO_EXTI_IRQHandler
                0x0000000008008fec       0x30 CMakeFiles/lab_03.dir/Drivers/STM32L4xx_HAL_Driver/Src/stm32l4xx_hal_gpio.c.obj
                0x0000000008008fec                HAL_GPIO_EXTI_IRQHandler
 .text.HAL_GPIO_EXTI_Callback
                0x000000000800901c       0x16 CMakeFiles/lab_03.dir/Drivers/STM32L4xx_HAL_Driver/Src/stm32l4xx_hal_gpio.c.obj
                0x000000000800901c                HAL_GPIO_EXTI_Callback
 *fill*         0x0000000008009032        0x2 
 .text.HAL_PWREx_GetVoltageRange
                0x0000000008009034       0x1c CMakeFiles/lab_03.dir/Drivers/STM32L4xx_HAL_Driver/Src/stm32l4xx_hal_pwr_ex.c.obj
                0x0000000008009034                HAL_PWREx_GetVoltageRange
 .text.HAL_PWREx_ControlVoltageScaling
                0x0000000008009050       0xac CMakeFiles/lab_03.dir/Drivers/STM32L4xx_HAL_Driver/Src/stm32l4xx_hal_pwr_ex.c.obj
                0x0000000008009050                HAL_PWREx_ControlVoltageScaling
 .text.__NVIC_SetPriorityGrouping
                0x00000000080090fc       0x48 CMakeFiles/lab_03.dir/Drivers/STM32L4xx_HAL_Driver/Src/stm32l4xx_hal_cortex.c.obj
 .text.__NVIC_GetPriorityGrouping
                0x0000000008009144       0x1c CMakeFiles/lab_03.dir/Drivers/STM32L4xx_HAL_Driver/Src/stm32l4xx_hal_cortex.c.obj
 .text.__NVIC_EnableIRQ
                0x0000000008009160       0x3c CMakeFiles/lab_03.dir/Drivers/STM32L4xx_HAL_Driver/Src/stm32l4xx_hal_cortex.c.obj
 .text.__NVIC_SetPriority
                0x000000000800919c       0x54 CMakeFiles/lab_03.dir/Drivers/STM32L4xx_HAL_Driver/Src/stm32l4xx_hal_cortex.c.obj
 .text.NVIC_EncodePriority
                0x00000000080091f0       0x66 CMakeFiles/lab_03.dir/Drivers/STM32L4xx_HAL_Driver/Src/stm32l4xx_hal_cortex.c.obj
 *fill*         0x0000000008009256        0x2 
 .text.SysTick_Config
                0x0000000008009258       0x44 CMakeFiles/lab_03.dir/Drivers/STM32L4xx_HAL_Driver/Src/stm32l4xx_hal_cortex.c.obj
 .text.HAL_NVIC_SetPriorityGrouping
                0x000000000800929c       0x16 CMakeFiles/lab_03.dir/Drivers/STM32L4xx_HAL_Driver/Src/stm32l4xx_hal_cortex.c.obj
                0x000000000800929c                HAL_NVIC_SetPriorityGrouping
 .text.HAL_NVIC_SetPriority
                0x00000000080092b2       0x38 CMakeFiles/lab_03.dir/Drivers/STM32L4xx_HAL_Driver/Src/stm32l4xx_hal_cortex.c.obj
                0x00000000080092b2                HAL_NVIC_SetPriority
 .text.HAL_NVIC_EnableIRQ
                0x00000000080092ea       0x1c CMakeFiles/lab_03.dir/Drivers/STM32L4xx_HAL_Driver/Src/stm32l4xx_hal_cortex.c.obj
                0x00000000080092ea                HAL_NVIC_EnableIRQ
 .text.HAL_SYSTICK_Config
                0x0000000008009306       0x18 CMakeFiles/lab_03.dir/Drivers/STM32L4xx_HAL_Driver/Src/stm32l4xx_hal_cortex.c.obj
                0x0000000008009306                HAL_SYSTICK_Config
 .text.HAL_UART_Init
                0x000000000800931e       0x9c CMakeFiles/lab_03.dir/Drivers/STM32L4xx_HAL_Driver/Src/stm32l4xx_hal_uart.c.obj
                0x000000000800931e                HAL_UART_Init
 .text.HAL_UART_Transmit
                0x00000000080093ba      0x114 CMakeFiles/lab_03.dir/Drivers/STM32L4xx_HAL_Driver/Src/stm32l4xx_hal_uart.c.obj
                0x00000000080093ba                HAL_UART_Transmit
 *fill*         0x00000000080094ce        0x2 
 .text.UART_SetConfig
                0x00000000080094d0      0x570 CMakeFiles/lab_03.dir/Drivers/STM32L4xx_HAL_Driver/Src/stm32l4xx_hal_uart.c.obj
                0x00000000080094d0                UART_SetConfig
 .text.UART_AdvFeatureConfig
                0x0000000008009a40      0x144 CMakeFiles/lab_03.dir/Drivers/STM32L4xx_HAL_Driver/Src/stm32l4xx_hal_uart.c.obj
                0x0000000008009a40                UART_AdvFeatureConfig
 .text.UART_CheckIdleState
                0x0000000008009b84      0x150 CMakeFiles/lab_03.dir/Drivers/STM32L4xx_HAL_Driver/Src/stm32l4xx_hal_uart.c.obj
                0x0000000008009b84                UART_CheckIdleState
 .text.UART_WaitOnFlagUntilTimeout
                0x0000000008009cd4       0xda CMakeFiles/lab_03.dir/Drivers/STM32L4xx_HAL_Driver/Src/stm32l4xx_hal_uart.c.obj
                0x0000000008009cd4                UART_WaitOnFlagUntilTimeout
 .text.UART_EndRxTransfer
                0x0000000008009dae       0xc8 CMakeFiles/lab_03.dir/Drivers/STM32L4xx_HAL_Driver/Src/stm32l4xx_hal_uart.c.obj
 *fill*         0x0000000008009e76        0x2 
 .text.SystemInit
                0x0000000008009e78       0x24 CMakeFiles/lab_03.dir/Core/Src/system_stm32l4xx.c.obj
                0x0000000008009e78                SystemInit
 .text._sbrk    0x0000000008009e9c       0x6c CMakeFiles/lab_03.dir/Core/Src/sysmem.c.obj
                0x0000000008009e9c                _sbrk
 .text._getpid  0x0000000008009f08       0x10 CMakeFiles/lab_03.dir/Core/Src/syscalls.c.obj
                0x0000000008009f08                _getpid
 .text._kill    0x0000000008009f18       0x20 CMakeFiles/lab_03.dir/Core/Src/syscalls.c.obj
                0x0000000008009f18                _kill
 .text._exit    0x0000000008009f38       0x14 CMakeFiles/lab_03.dir/Core/Src/syscalls.c.obj
                0x0000000008009f38                _exit
 .text._read    0x0000000008009f4c       0x3a CMakeFiles/lab_03.dir/Core/Src/syscalls.c.obj
                0x0000000008009f4c                _read
 .text._close   0x0000000008009f86       0x18 CMakeFiles/lab_03.dir/Core/Src/syscalls.c.obj
                0x0000000008009f86                _close
 .text._fstat   0x0000000008009f9e       0x20 CMakeFiles/lab_03.dir/Core/Src/syscalls.c.obj
                0x0000000008009f9e                _fstat
 .text._isatty  0x0000000008009fbe       0x16 CMakeFiles/lab_03.dir/Core/Src/syscalls.c.obj
                0x0000000008009fbe                _isatty
 .text._lseek   0x0000000008009fd4       0x1a CMakeFiles/lab_03.dir/Core/Src/syscalls.c.obj
                0x0000000008009fd4                _lseek
 *fill*         0x0000000008009fee        0x2 
 .text.Reset_Handler
                0x0000000008009ff0       0x50 CMakeFiles/lab_03.dir/startup_stm32l476xx.s.obj
                0x0000000008009ff0                Reset_Handler
 .text.Default_Handler
                0x000000000800a040        0x2 CMakeFiles/lab_03.dir/startup_stm32l476xx.s.obj
                0x000000000800a040                RTC_Alarm_IRQHandler
                0x000000000800a040                EXTI2_IRQHandler
                0x000000000800a040                TIM8_TRG_COM_IRQHandler
                0x000000000800a040                TIM8_CC_IRQHandler
                0x000000000800a040                TSC_IRQHandler
                0x000000000800a040                TAMP_STAMP_IRQHandler
                0x000000000800a040                EXTI3_IRQHandler
                0x000000000800a040                LPTIM2_IRQHandler
                0x000000000800a040                DFSDM1_FLT1_IRQHandler
                0x000000000800a040                I2C3_ER_IRQHandler
                0x000000000800a040                DFSDM1_FLT2_IRQHandler
                0x000000000800a040                EXTI0_IRQHandler
                0x000000000800a040                I2C2_EV_IRQHandler
                0x000000000800a040                CAN1_RX0_IRQHandler
                0x000000000800a040                FPU_IRQHandler
                0x000000000800a040                ADC1_2_IRQHandler
                0x000000000800a040                SPI1_IRQHandler
                0x000000000800a040                TIM6_DAC_IRQHandler
                0x000000000800a040                TIM8_UP_IRQHandler
                0x000000000800a040                DMA2_Channel2_IRQHandler
                0x000000000800a040                DMA1_Channel4_IRQHandler
                0x000000000800a040                SAI2_IRQHandler
                0x000000000800a040                DFSDM1_FLT3_IRQHandler
                0x000000000800a040                USART3_IRQHandler
                0x000000000800a040                DMA1_Channel7_IRQHandler
                0x000000000800a040                CAN1_RX1_IRQHandler
                0x000000000800a040                LCD_IRQHandler
                0x000000000800a040                UART5_IRQHandler
                0x000000000800a040                ADC3_IRQHandler
                0x000000000800a040                TIM4_IRQHandler
                0x000000000800a040                DMA2_Channel1_IRQHandler
                0x000000000800a040                QUADSPI_IRQHandler
                0x000000000800a040                I2C1_EV_IRQHandler
                0x000000000800a040                DMA1_Channel6_IRQHandler
                0x000000000800a040                UART4_IRQHandler
                0x000000000800a040                DMA2_Channel4_IRQHandler
                0x000000000800a040                RCC_IRQHandler
                0x000000000800a040                DMA1_Channel1_IRQHandler
                0x000000000800a040                Default_Handler
                0x000000000800a040                DMA2_Channel7_IRQHandler
                0x000000000800a040                TIM7_IRQHandler
                0x000000000800a040                SDMMC1_IRQHandler
                0x000000000800a040                TIM5_IRQHandler
                0x000000000800a040                I2C3_EV_IRQHandler
                0x000000000800a040                EXTI9_5_IRQHandler
                0x000000000800a040                RTC_WKUP_IRQHandler
                0x000000000800a040                PVD_PVM_IRQHandler
                0x000000000800a040                SPI2_IRQHandler
                0x000000000800a040                CAN1_TX_IRQHandler
                0x000000000800a040                DMA2_Channel5_IRQHandler
                0x000000000800a040                DMA1_Channel5_IRQHandler
                0x000000000800a040                EXTI4_IRQHandler
                0x000000000800a040                RNG_IRQHandler
                0x000000000800a040                DMA1_Channel3_IRQHandler
                0x000000000800a040                COMP_IRQHandler
                0x000000000800a040                WWDG_IRQHandler
                0x000000000800a040                LPUART1_IRQHandler
                0x000000000800a040                DMA2_Channel6_IRQHandler
                0x000000000800a040                TIM2_IRQHandler
                0x000000000800a040                EXTI1_IRQHandler
                0x000000000800a040                USART2_IRQHandler
                0x000000000800a040                DFSDM1_FLT0_IRQHandler
                0x000000000800a040                I2C2_ER_IRQHandler
                0x000000000800a040                DMA1_Channel2_IRQHandler
                0x000000000800a040                TIM8_BRK_IRQHandler
                0x000000000800a040                CAN1_SCE_IRQHandler
                0x000000000800a040                FLASH_IRQHandler
                0x000000000800a040                USART1_IRQHandler
                0x000000000800a040                OTG_FS_IRQHandler
                0x000000000800a040                SPI3_IRQHandler
                0x000000000800a040                I2C1_ER_IRQHandler
                0x000000000800a040                FMC_IRQHandler
                0x000000000800a040                SWPMI1_IRQHandler
                0x000000000800a040                LPTIM1_IRQHandler
                0x000000000800a040                SAI1_IRQHandler
                0x000000000800a040                DMA2_Channel3_IRQHandler
 *(.glue_7)
 .glue_7        0x000000000800a042        0x0 linker stubs
 *(.glue_7t)
 .glue_7t       0x000000000800a042        0x0 linker stubs
 *(.eh_frame)
 *fill*         0x000000000800a042        0x2 
 .eh_frame      0x000000000800a044        0x0 /usr/lib/gcc/arm-none-eabi/10.3.1/thumb/v7e-m+fp/hard/crtbegin.o
 *(.init)
 .init          0x000000000800a044        0x4 /usr/lib/gcc/arm-none-eabi/10.3.1/thumb/v7e-m+fp/hard/crti.o
                0x000000000800a044                _init
 .init          0x000000000800a048        0x8 /usr/lib/gcc/arm-none-eabi/10.3.1/thumb/v7e-m+fp/hard/crtn.o
 *(.fini)
 .fini          0x000000000800a050        0x4 /usr/lib/gcc/arm-none-eabi/10.3.1/thumb/v7e-m+fp/hard/crti.o
                0x000000000800a050                _fini
 .fini          0x000000000800a054        0x8 /usr/lib/gcc/arm-none-eabi/10.3.1/thumb/v7e-m+fp/hard/crtn.o
                0x000000000800a060                . = ALIGN (0x8)
 *fill*         0x000000000800a05c        0x4 
                0x000000000800a060                _etext = .

.vfp11_veneer   0x000000000800a060        0x0
 .vfp11_veneer  0x000000000800a060        0x0 linker stubs

.v4_bx          0x000000000800a060        0x0
 .v4_bx         0x000000000800a060        0x0 linker stubs

.iplt           0x000000000800a060        0x0
 .iplt          0x000000000800a060        0x0 /usr/lib/gcc/arm-none-eabi/10.3.1/thumb/v7e-m+fp/hard/crtbegin.o

.rodata         0x000000000800a060      0x530
                0x000000000800a060                . = ALIGN (0x8)
 *(.rodata)
 .rodata        0x000000000800a060        0x4 /usr/lib/gcc/arm-none-eabi/10.3.1/../../../arm-none-eabi/lib/thumb/v7e-m+fp/hard/libc_nano.a(lib_a-impure.o)
                0x000000000800a060                _global_impure_ptr
 *fill*         0x000000000800a064        0x4 
 .rodata        0x000000000800a068      0x128 /usr/lib/gcc/arm-none-eabi/10.3.1/../../../arm-none-eabi/lib/thumb/v7e-m+fp/hard/libc_nano.a(lib_a-mprec.o)
                0x000000000800a078                __mprec_tens
                0x000000000800a140                __mprec_tinytens
                0x000000000800a168                __mprec_bigtens
 .rodata        0x000000000800a190      0x101 /usr/lib/gcc/arm-none-eabi/10.3.1/../../../arm-none-eabi/lib/thumb/v7e-m+fp/hard/libc_nano.a(lib_a-ctype_.o)
                0x000000000800a190                _ctype_
 *fill*         0x000000000800a291        0x3 
 .rodata        0x000000000800a294       0x60 /usr/lib/gcc/arm-none-eabi/10.3.1/../../../arm-none-eabi/lib/thumb/v7e-m+fp/hard/libc_nano.a(lib_a-findfp.o)
                0x000000000800a294                __sf_fake_stderr
                0x000000000800a2b4                __sf_fake_stdout
                0x000000000800a2d4                __sf_fake_stdin
 .rodata        0x000000000800a2f4      0x10e CMakeFiles/lab_03.dir/Core/Src/main.c.obj
 *(.rodata*)
 *fill*         0x000000000800a402        0x2 
 .rodata.str1.4
                0x000000000800a404       0x12 /usr/lib/gcc/arm-none-eabi/10.3.1/../../../arm-none-eabi/lib/thumb/v7e-m+fp/hard/libc_nano.a(lib_a-nano-vfprintf_float.o)
 *fill*         0x000000000800a416        0x2 
 .rodata.str1.4
                0x000000000800a418       0x25 /usr/lib/gcc/arm-none-eabi/10.3.1/../../../arm-none-eabi/lib/thumb/v7e-m+fp/hard/libc_nano.a(lib_a-nano-vfprintf_i.o)
 *fill*         0x000000000800a43d        0x3 
 .rodata.str1.4
                0x000000000800a440       0x6d /usr/lib/gcc/arm-none-eabi/10.3.1/../../../arm-none-eabi/lib/thumb/v7e-m+fp/hard/libc_nano.a(lib_a-dtoa.o)
                                         0x71 (size before relaxing)
 *fill*         0x000000000800a4ad        0x3 
 .rodata.str1.4
                0x000000000800a4b0       0x33 /usr/lib/gcc/arm-none-eabi/10.3.1/../../../arm-none-eabi/lib/thumb/v7e-m+fp/hard/libc_nano.a(lib_a-mprec.o)
                                         0x5d (size before relaxing)
 *fill*         0x000000000800a4e3        0x1 
 .rodata.str1.4
                0x000000000800a4e4       0x3f /usr/lib/gcc/arm-none-eabi/10.3.1/../../../arm-none-eabi/lib/thumb/v7e-m+fp/hard/libc_nano.a(lib_a-assert.o)
                                         0x43 (size before relaxing)
 *fill*         0x000000000800a523        0x1 
 .rodata.str1.4
                0x000000000800a524        0xe /usr/lib/gcc/arm-none-eabi/10.3.1/../../../arm-none-eabi/lib/thumb/v7e-m+fp/hard/libc_nano.a(lib_a-locale.o)
                                         0x12 (size before relaxing)
 *fill*         0x000000000800a532        0x2 
 .rodata.str1.4
                0x000000000800a534       0x13 /usr/lib/gcc/arm-none-eabi/10.3.1/../../../arm-none-eabi/lib/thumb/v7e-m+fp/hard/libc_nano.a(lib_a-nano-vfprintf.o)
 *fill*         0x000000000800a547        0x1 
 .rodata.AHBPrescTable
                0x000000000800a548       0x10 CMakeFiles/lab_03.dir/Core/Src/system_stm32l4xx.c.obj
                0x000000000800a548                AHBPrescTable
 .rodata.APBPrescTable
                0x000000000800a558        0x8 CMakeFiles/lab_03.dir/Core/Src/system_stm32l4xx.c.obj
                0x000000000800a558                APBPrescTable
 .rodata.MSIRangeTable
                0x000000000800a560       0x30 CMakeFiles/lab_03.dir/Core/Src/system_stm32l4xx.c.obj
                0x000000000800a560                MSIRangeTable
                0x000000000800a590                . = ALIGN (0x8)

.ARM.extab      0x000000000800a590        0x0
                0x000000000800a590                . = ALIGN (0x8)
 *(.ARM.extab* .gnu.linkonce.armextab.*)
                0x000000000800a590                . = ALIGN (0x8)

.ARM            0x000000000800a590        0x8
                0x000000000800a590                . = ALIGN (0x8)
                0x000000000800a590                __exidx_start = .
 *(.ARM.exidx*)
 .ARM.exidx     0x000000000800a590        0x8 /usr/lib/gcc/arm-none-eabi/10.3.1/thumb/v7e-m+fp/hard/libgcc.a(_udivmoddi4.o)
                0x000000000800a598                __exidx_end = .
                0x000000000800a598                . = ALIGN (0x8)

.rel.dyn        0x000000000800a598        0x0
 .rel.iplt      0x000000000800a598        0x0 /usr/lib/gcc/arm-none-eabi/10.3.1/thumb/v7e-m+fp/hard/crtbegin.o

.preinit_array  0x000000000800a598        0x0
                0x000000000800a598                . = ALIGN (0x8)
                0x000000000800a598                PROVIDE (__preinit_array_start = .)
 *(.preinit_array*)
                0x000000000800a598                PROVIDE (__preinit_array_end = .)
                0x000000000800a598                . = ALIGN (0x8)

.init_array     0x000000000800a598        0x8
                0x000000000800a598                . = ALIGN (0x8)
                0x000000000800a598                PROVIDE (__init_array_start = .)
 *(SORT_BY_NAME(.init_array.*))
 *(.init_array*)
 .init_array    0x000000000800a598        0x4 /usr/lib/gcc/arm-none-eabi/10.3.1/thumb/v7e-m+fp/hard/crtbegin.o
                0x000000000800a59c                PROVIDE (__init_array_end = .)
                0x000000000800a5a0                . = ALIGN (0x8)
 *fill*         0x000000000800a59c        0x4 

.fini_array     0x000000000800a5a0        0x8
                0x000000000800a5a0                . = ALIGN (0x8)
                0x000000000800a5a0                PROVIDE (__fini_array_start = .)
 *(SORT_BY_NAME(.fini_array.*))
 *(.fini_array*)
 .fini_array    0x000000000800a5a0        0x4 /usr/lib/gcc/arm-none-eabi/10.3.1/thumb/v7e-m+fp/hard/crtbegin.o
                0x000000000800a5a4                PROVIDE (__fini_array_end = .)
                0x000000000800a5a8                . = ALIGN (0x8)
 *fill*         0x000000000800a5a4        0x4 
                0x000000000800a5a8                _sidata = LOADADDR (.data)

.data           0x0000000020000000      0x1e0 load address 0x000000000800a5a8
                0x0000000020000000                . = ALIGN (0x8)
                0x0000000020000000                _sdata = .
 *(.data)
 .data          0x0000000020000000       0x64 /usr/lib/gcc/arm-none-eabi/10.3.1/../../../arm-none-eabi/lib/thumb/v7e-m+fp/hard/libc_nano.a(lib_a-impure.o)
                0x0000000020000000                _impure_ptr
 .data          0x0000000020000064      0x16c /usr/lib/gcc/arm-none-eabi/10.3.1/../../../arm-none-eabi/lib/thumb/v7e-m+fp/hard/libc_nano.a(lib_a-locale.o)
                0x0000000020000064                __global_locale
 *(.data*)
 .data.uwTickPrio
                0x00000000200001d0        0x4 CMakeFiles/lab_03.dir/Drivers/STM32L4xx_HAL_Driver/Src/stm32l4xx_hal.c.obj
                0x00000000200001d0                uwTickPrio
 .data.uwTickFreq
                0x00000000200001d4        0x1 CMakeFiles/lab_03.dir/Drivers/STM32L4xx_HAL_Driver/Src/stm32l4xx_hal.c.obj
                0x00000000200001d4                uwTickFreq
 *fill*         0x00000000200001d5        0x3 
 .data.SystemCoreClock
                0x00000000200001d8        0x4 CMakeFiles/lab_03.dir/Core/Src/system_stm32l4xx.c.obj
                0x00000000200001d8                SystemCoreClock
                0x00000000200001e0                . = ALIGN (0x8)
 *fill*         0x00000000200001dc        0x4 
                0x00000000200001e0                _edata = .

.tm_clone_table
                0x00000000200001e0        0x0 load address 0x000000000800a788
 .tm_clone_table
                0x00000000200001e0        0x0 /usr/lib/gcc/arm-none-eabi/10.3.1/thumb/v7e-m+fp/hard/crtbegin.o
 .tm_clone_table
                0x00000000200001e0        0x0 /usr/lib/gcc/arm-none-eabi/10.3.1/thumb/v7e-m+fp/hard/crtend.o

.igot.plt       0x00000000200001e0        0x0 load address 0x000000000800a788
 .igot.plt      0x00000000200001e0        0x0 /usr/lib/gcc/arm-none-eabi/10.3.1/thumb/v7e-m+fp/hard/crtbegin.o
                0x00000000200001e0                . = ALIGN (0x4)

.bss            0x00000000200001e0      0x184 load address 0x000000000800a788
                0x00000000200001e0                _sbss = .
                0x00000000200001e0                __bss_start__ = _sbss
 *(.bss)
 .bss           0x00000000200001e0       0x1c /usr/lib/gcc/arm-none-eabi/10.3.1/thumb/v7e-m+fp/hard/crtbegin.o
 .bss           0x00000000200001fc        0x8 /usr/lib/gcc/arm-none-eabi/10.3.1/../../../arm-none-eabi/lib/thumb/v7e-m+fp/hard/libc_nano.a(lib_a-nano-mallocr.o)
                0x00000000200001fc                __malloc_free_list
                0x0000000020000200                __malloc_sbrk_start
 .bss           0x0000000020000204        0x4 /usr/lib/gcc/arm-none-eabi/10.3.1/../../../arm-none-eabi/lib/thumb/v7e-m+fp/hard/libc_nano.a(lib_a-reent.o)
                0x0000000020000204                errno
 *(.bss*)
 .bss.risingEdgeTime
                0x0000000020000208        0x4 CMakeFiles/lab_03.dir/Core/Src/main.c.obj
                0x0000000020000208                risingEdgeTime
 .bss.fallingEdgeTime
                0x000000002000020c        0x4 CMakeFiles/lab_03.dir/Core/Src/main.c.obj
                0x000000002000020c                fallingEdgeTime
 .bss.overflowCount
                0x0000000020000210        0x4 CMakeFiles/lab_03.dir/Core/Src/main.c.obj
                0x0000000020000210                overflowCount
 .bss.overflowsRisingToFalling
                0x0000000020000214        0x4 CMakeFiles/lab_03.dir/Core/Src/main.c.obj
                0x0000000020000214                overflowsRisingToFalling
 .bss.pulseDuration
                0x0000000020000218        0x4 CMakeFiles/lab_03.dir/Core/Src/main.c.obj
                0x0000000020000218                pulseDuration
 .bss.risingEdgeDetected
                0x000000002000021c        0x1 CMakeFiles/lab_03.dir/Core/Src/main.c.obj
                0x000000002000021c                risingEdgeDetected
 .bss.measurementComplete
                0x000000002000021d        0x1 CMakeFiles/lab_03.dir/Core/Src/main.c.obj
                0x000000002000021d                measurementComplete
 *fill*         0x000000002000021e        0x2 
 .bss.pwmDutyCycle
                0x0000000020000220        0x4 CMakeFiles/lab_03.dir/Core/Src/main.c.obj
                0x0000000020000220                pwmDutyCycle
 .bss.pulseDurationMs
                0x0000000020000224        0x4 CMakeFiles/lab_03.dir/Core/Src/main.c.obj
                0x0000000020000224                pulseDurationMs
 .bss.pwmPeriodMs
                0x0000000020000228        0x4 CMakeFiles/lab_03.dir/Core/Src/main.c.obj
                0x0000000020000228                pwmPeriodMs
 .bss.lastTime_pwm
                0x000000002000022c        0x4 CMakeFiles/lab_03.dir/Core/Src/main.c.obj
 .bss.lastTime_IC
                0x0000000020000230        0x4 CMakeFiles/lab_03.dir/Core/Src/main.c.obj
 .bss.pwmState  0x0000000020000234        0x1 CMakeFiles/lab_03.dir/Core/Src/main.c.obj
 *fill*         0x0000000020000235        0x3 
 .bss.currentTime
                0x0000000020000238        0x4 CMakeFiles/lab_03.dir/Core/Src/main.c.obj
                0x0000000020000238                currentTime
 .bss.htim1     0x000000002000023c       0x4c CMakeFiles/lab_03.dir/Core/Src/tim.c.obj
                0x000000002000023c                htim1
 .bss.htim3     0x0000000020000288       0x4c CMakeFiles/lab_03.dir/Core/Src/tim.c.obj
                0x0000000020000288                htim3
 .bss.huart2    0x00000000200002d4       0x88 CMakeFiles/lab_03.dir/Core/Src/usart.c.obj
                0x00000000200002d4                huart2
 .bss.uwTick    0x000000002000035c        0x4 CMakeFiles/lab_03.dir/Drivers/STM32L4xx_HAL_Driver/Src/stm32l4xx_hal.c.obj
                0x000000002000035c                uwTick
 .bss.__sbrk_heap_end
                0x0000000020000360        0x4 CMakeFiles/lab_03.dir/Core/Src/sysmem.c.obj
 *(COMMON)
                0x0000000020000364                . = ALIGN (0x4)
                0x0000000020000364                _ebss = .
                0x0000000020000364                __bss_end__ = _ebss

._user_heap_stack
                0x0000000020000364      0x604 load address 0x000000000800a788
                0x0000000020000368                . = ALIGN (0x8)
 *fill*         0x0000000020000364        0x4 
                [!provide]                        PROVIDE (end = .)
                0x0000000020000368                PROVIDE (_end = .)
                0x0000000020000568                . = (. + _Min_Heap_Size)
 *fill*         0x0000000020000368      0x200 
                0x0000000020000968                . = (. + _Min_Stack_Size)
 *fill*         0x0000000020000568      0x400 
                0x0000000020000968                . = ALIGN (0x8)

/DISCARD/
 libc.a(*)
 libm.a(*)
 libgcc.a(*)

.ARM.attributes
                0x0000000000000000       0x30
 *(.ARM.attributes)
 .ARM.attributes
                0x0000000000000000       0x1e /usr/lib/gcc/arm-none-eabi/10.3.1/thumb/v7e-m+fp/hard/crti.o
 .ARM.attributes
                0x000000000000001e       0x34 /usr/lib/gcc/arm-none-eabi/10.3.1/thumb/v7e-m+fp/hard/crtbegin.o
 .ARM.attributes
                0x0000000000000052       0x32 /usr/lib/gcc/arm-none-eabi/10.3.1/../../../arm-none-eabi/lib/thumb/v7e-m+fp/hard/libc_nano.a(lib_a-impure.o)
 .ARM.attributes
                0x0000000000000084       0x34 /usr/lib/gcc/arm-none-eabi/10.3.1/../../../arm-none-eabi/lib/thumb/v7e-m+fp/hard/libc_nano.a(lib_a-init.o)
 .ARM.attributes
                0x00000000000000b8       0x34 /usr/lib/gcc/arm-none-eabi/10.3.1/../../../arm-none-eabi/lib/thumb/v7e-m+fp/hard/libc_nano.a(lib_a-memset.o)
 .ARM.attributes
                0x00000000000000ec       0x34 /usr/lib/gcc/arm-none-eabi/10.3.1/../../../arm-none-eabi/lib/thumb/v7e-m+fp/hard/libc_nano.a(lib_a-nano-vfprintf_float.o)
 .ARM.attributes
                0x0000000000000120       0x34 /usr/lib/gcc/arm-none-eabi/10.3.1/../../../arm-none-eabi/lib/thumb/v7e-m+fp/hard/libc_nano.a(lib_a-nano-vfprintf_i.o)
 .ARM.attributes
                0x0000000000000154       0x1c /usr/lib/gcc/arm-none-eabi/10.3.1/../../../arm-none-eabi/lib/thumb/v7e-m+fp/hard/libc_nano.a(lib_a-strlen.o)
 .ARM.attributes
                0x0000000000000170       0x34 /usr/lib/gcc/arm-none-eabi/10.3.1/../../../arm-none-eabi/lib/thumb/v7e-m+fp/hard/libc_nano.a(lib_a-dtoa.o)
 .ARM.attributes
                0x00000000000001a4       0x34 /usr/lib/gcc/arm-none-eabi/10.3.1/../../../arm-none-eabi/lib/thumb/v7e-m+fp/hard/libc_nano.a(lib_a-localeconv.o)
 .ARM.attributes
                0x00000000000001d8       0x34 /usr/lib/gcc/arm-none-eabi/10.3.1/../../../arm-none-eabi/lib/thumb/v7e-m+fp/hard/libc_nano.a(lib_a-malloc.o)
 .ARM.attributes
                0x000000000000020c       0x1c /usr/lib/gcc/arm-none-eabi/10.3.1/../../../arm-none-eabi/lib/thumb/v7e-m+fp/hard/libc_nano.a(lib_a-memchr.o)
 .ARM.attributes
                0x0000000000000228       0x1c /usr/lib/gcc/arm-none-eabi/10.3.1/../../../arm-none-eabi/lib/thumb/v7e-m+fp/hard/libc_nano.a(lib_a-memcpy.o)
 .ARM.attributes
                0x0000000000000244       0x34 /usr/lib/gcc/arm-none-eabi/10.3.1/../../../arm-none-eabi/lib/thumb/v7e-m+fp/hard/libc_nano.a(lib_a-mprec.o)
 .ARM.attributes
                0x0000000000000278       0x34 /usr/lib/gcc/arm-none-eabi/10.3.1/../../../arm-none-eabi/lib/thumb/v7e-m+fp/hard/libc_nano.a(lib_a-nano-callocr.o)
 .ARM.attributes
                0x00000000000002ac       0x34 /usr/lib/gcc/arm-none-eabi/10.3.1/../../../arm-none-eabi/lib/thumb/v7e-m+fp/hard/libc_nano.a(lib_a-nano-freer.o)
 .ARM.attributes
                0x00000000000002e0       0x34 /usr/lib/gcc/arm-none-eabi/10.3.1/../../../arm-none-eabi/lib/thumb/v7e-m+fp/hard/libc_nano.a(lib_a-nano-mallocr.o)
 .ARM.attributes
                0x0000000000000314       0x34 /usr/lib/gcc/arm-none-eabi/10.3.1/../../../arm-none-eabi/lib/thumb/v7e-m+fp/hard/libc_nano.a(lib_a-sbrkr.o)
 .ARM.attributes
                0x0000000000000348       0x34 /usr/lib/gcc/arm-none-eabi/10.3.1/../../../arm-none-eabi/lib/thumb/v7e-m+fp/hard/libc_nano.a(lib_a-assert.o)
 .ARM.attributes
                0x000000000000037c       0x34 /usr/lib/gcc/arm-none-eabi/10.3.1/../../../arm-none-eabi/lib/thumb/v7e-m+fp/hard/libc_nano.a(lib_a-fprintf.o)
 .ARM.attributes
                0x00000000000003b0       0x34 /usr/lib/gcc/arm-none-eabi/10.3.1/../../../arm-none-eabi/lib/thumb/v7e-m+fp/hard/libc_nano.a(lib_a-locale.o)
 .ARM.attributes
                0x00000000000003e4       0x34 /usr/lib/gcc/arm-none-eabi/10.3.1/../../../arm-none-eabi/lib/thumb/v7e-m+fp/hard/libc_nano.a(lib_a-mbtowc_r.o)
 .ARM.attributes
                0x0000000000000418       0x34 /usr/lib/gcc/arm-none-eabi/10.3.1/../../../arm-none-eabi/lib/thumb/v7e-m+fp/hard/libc_nano.a(lib_a-mlock.o)
 .ARM.attributes
                0x000000000000044c       0x34 /usr/lib/gcc/arm-none-eabi/10.3.1/../../../arm-none-eabi/lib/thumb/v7e-m+fp/hard/libc_nano.a(lib_a-nano-vfprintf.o)
 .ARM.attributes
                0x0000000000000480       0x34 /usr/lib/gcc/arm-none-eabi/10.3.1/../../../arm-none-eabi/lib/thumb/v7e-m+fp/hard/libc_nano.a(lib_a-reent.o)
 .ARM.attributes
                0x00000000000004b4       0x34 /usr/lib/gcc/arm-none-eabi/10.3.1/../../../arm-none-eabi/lib/thumb/v7e-m+fp/hard/libc_nano.a(lib_a-wbuf.o)
 .ARM.attributes
                0x00000000000004e8       0x34 /usr/lib/gcc/arm-none-eabi/10.3.1/../../../arm-none-eabi/lib/thumb/v7e-m+fp/hard/libc_nano.a(lib_a-wctomb_r.o)
 .ARM.attributes
                0x000000000000051c       0x34 /usr/lib/gcc/arm-none-eabi/10.3.1/../../../arm-none-eabi/lib/thumb/v7e-m+fp/hard/libc_nano.a(lib_a-wsetup.o)
 .ARM.attributes
                0x0000000000000550       0x34 /usr/lib/gcc/arm-none-eabi/10.3.1/../../../arm-none-eabi/lib/thumb/v7e-m+fp/hard/libc_nano.a(lib_a-abort.o)
 .ARM.attributes
                0x0000000000000584       0x32 /usr/lib/gcc/arm-none-eabi/10.3.1/../../../arm-none-eabi/lib/thumb/v7e-m+fp/hard/libc_nano.a(lib_a-ctype_.o)
 .ARM.attributes
                0x00000000000005b6       0x34 /usr/lib/gcc/arm-none-eabi/10.3.1/../../../arm-none-eabi/lib/thumb/v7e-m+fp/hard/libc_nano.a(lib_a-fflush.o)
 .ARM.attributes
                0x00000000000005ea       0x34 /usr/lib/gcc/arm-none-eabi/10.3.1/../../../arm-none-eabi/lib/thumb/v7e-m+fp/hard/libc_nano.a(lib_a-findfp.o)
 .ARM.attributes
                0x000000000000061e       0x34 /usr/lib/gcc/arm-none-eabi/10.3.1/../../../arm-none-eabi/lib/thumb/v7e-m+fp/hard/libc_nano.a(lib_a-fvwrite.o)
 .ARM.attributes
                0x0000000000000652       0x34 /usr/lib/gcc/arm-none-eabi/10.3.1/../../../arm-none-eabi/lib/thumb/v7e-m+fp/hard/libc_nano.a(lib_a-fwalk.o)
 .ARM.attributes
                0x0000000000000686       0x34 /usr/lib/gcc/arm-none-eabi/10.3.1/../../../arm-none-eabi/lib/thumb/v7e-m+fp/hard/libc_nano.a(lib_a-makebuf.o)
 .ARM.attributes
                0x00000000000006ba       0x34 /usr/lib/gcc/arm-none-eabi/10.3.1/../../../arm-none-eabi/lib/thumb/v7e-m+fp/hard/libc_nano.a(lib_a-memmove.o)
 .ARM.attributes
                0x00000000000006ee       0x34 /usr/lib/gcc/arm-none-eabi/10.3.1/../../../arm-none-eabi/lib/thumb/v7e-m+fp/hard/libc_nano.a(lib_a-nano-reallocr.o)
 .ARM.attributes
                0x0000000000000722       0x34 /usr/lib/gcc/arm-none-eabi/10.3.1/../../../arm-none-eabi/lib/thumb/v7e-m+fp/hard/libc_nano.a(lib_a-signal.o)
 .ARM.attributes
                0x0000000000000756       0x34 /usr/lib/gcc/arm-none-eabi/10.3.1/../../../arm-none-eabi/lib/thumb/v7e-m+fp/hard/libc_nano.a(lib_a-signalr.o)
 .ARM.attributes
                0x000000000000078a       0x34 /usr/lib/gcc/arm-none-eabi/10.3.1/../../../arm-none-eabi/lib/thumb/v7e-m+fp/hard/libc_nano.a(lib_a-stdio.o)
 .ARM.attributes
                0x00000000000007be       0x34 /usr/lib/gcc/arm-none-eabi/10.3.1/../../../arm-none-eabi/lib/thumb/v7e-m+fp/hard/libc_nano.a(lib_a-writer.o)
 .ARM.attributes
                0x00000000000007f2       0x34 /usr/lib/gcc/arm-none-eabi/10.3.1/../../../arm-none-eabi/lib/thumb/v7e-m+fp/hard/libc_nano.a(lib_a-closer.o)
 .ARM.attributes
                0x0000000000000826       0x34 /usr/lib/gcc/arm-none-eabi/10.3.1/../../../arm-none-eabi/lib/thumb/v7e-m+fp/hard/libc_nano.a(lib_a-fstatr.o)
 .ARM.attributes
                0x000000000000085a       0x34 /usr/lib/gcc/arm-none-eabi/10.3.1/../../../arm-none-eabi/lib/thumb/v7e-m+fp/hard/libc_nano.a(lib_a-isattyr.o)
 .ARM.attributes
                0x000000000000088e       0x34 /usr/lib/gcc/arm-none-eabi/10.3.1/../../../arm-none-eabi/lib/thumb/v7e-m+fp/hard/libc_nano.a(lib_a-lseekr.o)
 .ARM.attributes
                0x00000000000008c2       0x34 /usr/lib/gcc/arm-none-eabi/10.3.1/../../../arm-none-eabi/lib/thumb/v7e-m+fp/hard/libc_nano.a(lib_a-nano-msizer.o)
 .ARM.attributes
                0x00000000000008f6       0x34 /usr/lib/gcc/arm-none-eabi/10.3.1/../../../arm-none-eabi/lib/thumb/v7e-m+fp/hard/libc_nano.a(lib_a-readr.o)
 .ARM.attributes
                0x000000000000092a       0x34 CMakeFiles/lab_03.dir/Core/Src/main.c.obj
 .ARM.attributes
                0x000000000000095e       0x34 CMakeFiles/lab_03.dir/Core/Src/gpio.c.obj
 .ARM.attributes
                0x0000000000000992       0x34 CMakeFiles/lab_03.dir/Core/Src/tim.c.obj
 .ARM.attributes
                0x00000000000009c6       0x34 CMakeFiles/lab_03.dir/Core/Src/usart.c.obj
 .ARM.attributes
                0x00000000000009fa       0x34 CMakeFiles/lab_03.dir/Core/Src/stm32l4xx_it.c.obj
 .ARM.attributes
                0x0000000000000a2e       0x34 CMakeFiles/lab_03.dir/Core/Src/stm32l4xx_hal_msp.c.obj
 .ARM.attributes
                0x0000000000000a62       0x34 CMakeFiles/lab_03.dir/Drivers/STM32L4xx_HAL_Driver/Src/stm32l4xx_hal_tim.c.obj
 .ARM.attributes
                0x0000000000000a96       0x34 CMakeFiles/lab_03.dir/Drivers/STM32L4xx_HAL_Driver/Src/stm32l4xx_hal_tim_ex.c.obj
 .ARM.attributes
                0x0000000000000aca       0x34 CMakeFiles/lab_03.dir/Drivers/STM32L4xx_HAL_Driver/Src/stm32l4xx_hal.c.obj
 .ARM.attributes
                0x0000000000000afe       0x34 CMakeFiles/lab_03.dir/Drivers/STM32L4xx_HAL_Driver/Src/stm32l4xx_hal_rcc.c.obj
 .ARM.attributes
                0x0000000000000b32       0x34 CMakeFiles/lab_03.dir/Drivers/STM32L4xx_HAL_Driver/Src/stm32l4xx_hal_rcc_ex.c.obj
 .ARM.attributes
                0x0000000000000b66       0x34 CMakeFiles/lab_03.dir/Drivers/STM32L4xx_HAL_Driver/Src/stm32l4xx_hal_gpio.c.obj
 .ARM.attributes
                0x0000000000000b9a       0x34 CMakeFiles/lab_03.dir/Drivers/STM32L4xx_HAL_Driver/Src/stm32l4xx_hal_pwr_ex.c.obj
 .ARM.attributes
                0x0000000000000bce       0x34 CMakeFiles/lab_03.dir/Drivers/STM32L4xx_HAL_Driver/Src/stm32l4xx_hal_cortex.c.obj
 .ARM.attributes
                0x0000000000000c02       0x34 CMakeFiles/lab_03.dir/Drivers/STM32L4xx_HAL_Driver/Src/stm32l4xx_hal_uart.c.obj
 .ARM.attributes
                0x0000000000000c36       0x34 CMakeFiles/lab_03.dir/Core/Src/system_stm32l4xx.c.obj
 .ARM.attributes
                0x0000000000000c6a       0x34 CMakeFiles/lab_03.dir/Core/Src/sysmem.c.obj
 .ARM.attributes
                0x0000000000000c9e       0x34 CMakeFiles/lab_03.dir/Core/Src/syscalls.c.obj
 .ARM.attributes
                0x0000000000000cd2       0x21 CMakeFiles/lab_03.dir/startup_stm32l476xx.s.obj
 .ARM.attributes
                0x0000000000000cf3       0x1e /usr/lib/gcc/arm-none-eabi/10.3.1/thumb/v7e-m+fp/hard/libgcc.a(_arm_addsubdf3.o)
 .ARM.attributes
                0x0000000000000d11       0x1e /usr/lib/gcc/arm-none-eabi/10.3.1/thumb/v7e-m+fp/hard/libgcc.a(_arm_muldivdf3.o)
 .ARM.attributes
                0x0000000000000d2f       0x1e /usr/lib/gcc/arm-none-eabi/10.3.1/thumb/v7e-m+fp/hard/libgcc.a(_arm_cmpdf2.o)
 .ARM.attributes
                0x0000000000000d4d       0x1e /usr/lib/gcc/arm-none-eabi/10.3.1/thumb/v7e-m+fp/hard/libgcc.a(_arm_unorddf2.o)
 .ARM.attributes
                0x0000000000000d6b       0x1e /usr/lib/gcc/arm-none-eabi/10.3.1/thumb/v7e-m+fp/hard/libgcc.a(_arm_fixdfsi.o)
 .ARM.attributes
                0x0000000000000d89       0x1e /usr/lib/gcc/arm-none-eabi/10.3.1/thumb/v7e-m+fp/hard/libgcc.a(_arm_truncdfsf2.o)
 .ARM.attributes
                0x0000000000000da7       0x1e /usr/lib/gcc/arm-none-eabi/10.3.1/thumb/v7e-m+fp/hard/libgcc.a(_aeabi_uldivmod.o)
 .ARM.attributes
                0x0000000000000dc5       0x34 /usr/lib/gcc/arm-none-eabi/10.3.1/thumb/v7e-m+fp/hard/libgcc.a(_udivmoddi4.o)
 .ARM.attributes
                0x0000000000000df9       0x1e /usr/lib/gcc/arm-none-eabi/10.3.1/thumb/v7e-m+fp/hard/libgcc.a(_dvmd_tls.o)
 .ARM.attributes
                0x0000000000000e17       0x34 /usr/lib/gcc/arm-none-eabi/10.3.1/../../../arm-none-eabi/lib/thumb/v7e-m+fp/hard/libg_nano.a(lib_a-errno.o)
 .ARM.attributes
                0x0000000000000e4b       0x34 /usr/lib/gcc/arm-none-eabi/10.3.1/../../../arm-none-eabi/lib/thumb/v7e-m+fp/hard/libg_nano.a(lib_a-printf.o)
 .ARM.attributes
                0x0000000000000e7f       0x34 /usr/lib/gcc/arm-none-eabi/10.3.1/../../../arm-none-eabi/lib/thumb/v7e-m+fp/hard/libg_nano.a(lib_a-puts.o)
 .ARM.attributes
                0x0000000000000eb3       0x32 /usr/lib/gcc/arm-none-eabi/10.3.1/thumb/v7e-m+fp/hard/crtend.o
 .ARM.attributes
                0x0000000000000ee5       0x1e /usr/lib/gcc/arm-none-eabi/10.3.1/thumb/v7e-m+fp/hard/crtn.o
OUTPUT(lab_03.elf elf32-littlearm)
LOAD linker stubs
LOAD /usr/lib/gcc/arm-none-eabi/10.3.1/../../../arm-none-eabi/lib/thumb/v7e-m+fp/hard/libc.a
LOAD /usr/lib/gcc/arm-none-eabi/10.3.1/../../../arm-none-eabi/lib/thumb/v7e-m+fp/hard/libm.a
LOAD /usr/lib/gcc/arm-none-eabi/10.3.1/thumb/v7e-m+fp/hard/libgcc.a

.comment        0x0000000000000000       0x33
 .comment       0x0000000000000000       0x33 /usr/lib/gcc/arm-none-eabi/10.3.1/thumb/v7e-m+fp/hard/crtbegin.o
                                         0x34 (size before relaxing)
 .comment       0x0000000000000033       0x34 /usr/lib/gcc/arm-none-eabi/10.3.1/../../../arm-none-eabi/lib/thumb/v7e-m+fp/hard/libc_nano.a(lib_a-impure.o)
 .comment       0x0000000000000033       0x34 /usr/lib/gcc/arm-none-eabi/10.3.1/../../../arm-none-eabi/lib/thumb/v7e-m+fp/hard/libc_nano.a(lib_a-init.o)
 .comment       0x0000000000000033       0x34 /usr/lib/gcc/arm-none-eabi/10.3.1/../../../arm-none-eabi/lib/thumb/v7e-m+fp/hard/libc_nano.a(lib_a-memset.o)
 .comment       0x0000000000000033       0x34 /usr/lib/gcc/arm-none-eabi/10.3.1/../../../arm-none-eabi/lib/thumb/v7e-m+fp/hard/libc_nano.a(lib_a-nano-vfprintf_float.o)
 .comment       0x0000000000000033       0x34 /usr/lib/gcc/arm-none-eabi/10.3.1/../../../arm-none-eabi/lib/thumb/v7e-m+fp/hard/libc_nano.a(lib_a-nano-vfprintf_i.o)
 .comment       0x0000000000000033       0x34 /usr/lib/gcc/arm-none-eabi/10.3.1/../../../arm-none-eabi/lib/thumb/v7e-m+fp/hard/libc_nano.a(lib_a-dtoa.o)
 .comment       0x0000000000000033       0x34 /usr/lib/gcc/arm-none-eabi/10.3.1/../../../arm-none-eabi/lib/thumb/v7e-m+fp/hard/libc_nano.a(lib_a-localeconv.o)
 .comment       0x0000000000000033       0x34 /usr/lib/gcc/arm-none-eabi/10.3.1/../../../arm-none-eabi/lib/thumb/v7e-m+fp/hard/libc_nano.a(lib_a-malloc.o)
 .comment       0x0000000000000033       0x34 /usr/lib/gcc/arm-none-eabi/10.3.1/../../../arm-none-eabi/lib/thumb/v7e-m+fp/hard/libc_nano.a(lib_a-mprec.o)
 .comment       0x0000000000000033       0x34 /usr/lib/gcc/arm-none-eabi/10.3.1/../../../arm-none-eabi/lib/thumb/v7e-m+fp/hard/libc_nano.a(lib_a-nano-callocr.o)
 .comment       0x0000000000000033       0x34 /usr/lib/gcc/arm-none-eabi/10.3.1/../../../arm-none-eabi/lib/thumb/v7e-m+fp/hard/libc_nano.a(lib_a-nano-freer.o)
 .comment       0x0000000000000033       0x34 /usr/lib/gcc/arm-none-eabi/10.3.1/../../../arm-none-eabi/lib/thumb/v7e-m+fp/hard/libc_nano.a(lib_a-nano-mallocr.o)
 .comment       0x0000000000000033       0x34 /usr/lib/gcc/arm-none-eabi/10.3.1/../../../arm-none-eabi/lib/thumb/v7e-m+fp/hard/libc_nano.a(lib_a-sbrkr.o)
 .comment       0x0000000000000033       0x34 /usr/lib/gcc/arm-none-eabi/10.3.1/../../../arm-none-eabi/lib/thumb/v7e-m+fp/hard/libc_nano.a(lib_a-assert.o)
 .comment       0x0000000000000033       0x34 /usr/lib/gcc/arm-none-eabi/10.3.1/../../../arm-none-eabi/lib/thumb/v7e-m+fp/hard/libc_nano.a(lib_a-fprintf.o)
 .comment       0x0000000000000033       0x34 /usr/lib/gcc/arm-none-eabi/10.3.1/../../../arm-none-eabi/lib/thumb/v7e-m+fp/hard/libc_nano.a(lib_a-locale.o)
 .comment       0x0000000000000033       0x34 /usr/lib/gcc/arm-none-eabi/10.3.1/../../../arm-none-eabi/lib/thumb/v7e-m+fp/hard/libc_nano.a(lib_a-mbtowc_r.o)
 .comment       0x0000000000000033       0x34 /usr/lib/gcc/arm-none-eabi/10.3.1/../../../arm-none-eabi/lib/thumb/v7e-m+fp/hard/libc_nano.a(lib_a-mlock.o)
 .comment       0x0000000000000033       0x34 /usr/lib/gcc/arm-none-eabi/10.3.1/../../../arm-none-eabi/lib/thumb/v7e-m+fp/hard/libc_nano.a(lib_a-nano-vfprintf.o)
 .comment       0x0000000000000033       0x34 /usr/lib/gcc/arm-none-eabi/10.3.1/../../../arm-none-eabi/lib/thumb/v7e-m+fp/hard/libc_nano.a(lib_a-reent.o)
 .comment       0x0000000000000033       0x34 /usr/lib/gcc/arm-none-eabi/10.3.1/../../../arm-none-eabi/lib/thumb/v7e-m+fp/hard/libc_nano.a(lib_a-wbuf.o)
 .comment       0x0000000000000033       0x34 /usr/lib/gcc/arm-none-eabi/10.3.1/../../../arm-none-eabi/lib/thumb/v7e-m+fp/hard/libc_nano.a(lib_a-wctomb_r.o)
 .comment       0x0000000000000033       0x34 /usr/lib/gcc/arm-none-eabi/10.3.1/../../../arm-none-eabi/lib/thumb/v7e-m+fp/hard/libc_nano.a(lib_a-wsetup.o)
 .comment       0x0000000000000033       0x34 /usr/lib/gcc/arm-none-eabi/10.3.1/../../../arm-none-eabi/lib/thumb/v7e-m+fp/hard/libc_nano.a(lib_a-abort.o)
 .comment       0x0000000000000033       0x34 /usr/lib/gcc/arm-none-eabi/10.3.1/../../../arm-none-eabi/lib/thumb/v7e-m+fp/hard/libc_nano.a(lib_a-ctype_.o)
 .comment       0x0000000000000033       0x34 /usr/lib/gcc/arm-none-eabi/10.3.1/../../../arm-none-eabi/lib/thumb/v7e-m+fp/hard/libc_nano.a(lib_a-fflush.o)
 .comment       0x0000000000000033       0x34 /usr/lib/gcc/arm-none-eabi/10.3.1/../../../arm-none-eabi/lib/thumb/v7e-m+fp/hard/libc_nano.a(lib_a-findfp.o)
 .comment       0x0000000000000033       0x34 /usr/lib/gcc/arm-none-eabi/10.3.1/../../../arm-none-eabi/lib/thumb/v7e-m+fp/hard/libc_nano.a(lib_a-fvwrite.o)
 .comment       0x0000000000000033       0x34 /usr/lib/gcc/arm-none-eabi/10.3.1/../../../arm-none-eabi/lib/thumb/v7e-m+fp/hard/libc_nano.a(lib_a-fwalk.o)
 .comment       0x0000000000000033       0x34 /usr/lib/gcc/arm-none-eabi/10.3.1/../../../arm-none-eabi/lib/thumb/v7e-m+fp/hard/libc_nano.a(lib_a-makebuf.o)
 .comment       0x0000000000000033       0x34 /usr/lib/gcc/arm-none-eabi/10.3.1/../../../arm-none-eabi/lib/thumb/v7e-m+fp/hard/libc_nano.a(lib_a-memmove.o)
 .comment       0x0000000000000033       0x34 /usr/lib/gcc/arm-none-eabi/10.3.1/../../../arm-none-eabi/lib/thumb/v7e-m+fp/hard/libc_nano.a(lib_a-nano-reallocr.o)
 .comment       0x0000000000000033       0x34 /usr/lib/gcc/arm-none-eabi/10.3.1/../../../arm-none-eabi/lib/thumb/v7e-m+fp/hard/libc_nano.a(lib_a-signal.o)
 .comment       0x0000000000000033       0x34 /usr/lib/gcc/arm-none-eabi/10.3.1/../../../arm-none-eabi/lib/thumb/v7e-m+fp/hard/libc_nano.a(lib_a-signalr.o)
 .comment       0x0000000000000033       0x34 /usr/lib/gcc/arm-none-eabi/10.3.1/../../../arm-none-eabi/lib/thumb/v7e-m+fp/hard/libc_nano.a(lib_a-stdio.o)
 .comment       0x0000000000000033       0x34 /usr/lib/gcc/arm-none-eabi/10.3.1/../../../arm-none-eabi/lib/thumb/v7e-m+fp/hard/libc_nano.a(lib_a-writer.o)
 .comment       0x0000000000000033       0x34 /usr/lib/gcc/arm-none-eabi/10.3.1/../../../arm-none-eabi/lib/thumb/v7e-m+fp/hard/libc_nano.a(lib_a-closer.o)
 .comment       0x0000000000000033       0x34 /usr/lib/gcc/arm-none-eabi/10.3.1/../../../arm-none-eabi/lib/thumb/v7e-m+fp/hard/libc_nano.a(lib_a-fstatr.o)
 .comment       0x0000000000000033       0x34 /usr/lib/gcc/arm-none-eabi/10.3.1/../../../arm-none-eabi/lib/thumb/v7e-m+fp/hard/libc_nano.a(lib_a-isattyr.o)
 .comment       0x0000000000000033       0x34 /usr/lib/gcc/arm-none-eabi/10.3.1/../../../arm-none-eabi/lib/thumb/v7e-m+fp/hard/libc_nano.a(lib_a-lseekr.o)
 .comment       0x0000000000000033       0x34 /usr/lib/gcc/arm-none-eabi/10.3.1/../../../arm-none-eabi/lib/thumb/v7e-m+fp/hard/libc_nano.a(lib_a-nano-msizer.o)
 .comment       0x0000000000000033       0x34 /usr/lib/gcc/arm-none-eabi/10.3.1/../../../arm-none-eabi/lib/thumb/v7e-m+fp/hard/libc_nano.a(lib_a-readr.o)
 .comment       0x0000000000000033       0x34 CMakeFiles/lab_03.dir/Core/Src/main.c.obj
 .comment       0x0000000000000033       0x34 CMakeFiles/lab_03.dir/Core/Src/gpio.c.obj
 .comment       0x0000000000000033       0x34 CMakeFiles/lab_03.dir/Core/Src/tim.c.obj
 .comment       0x0000000000000033       0x34 CMakeFiles/lab_03.dir/Core/Src/usart.c.obj
 .comment       0x0000000000000033       0x34 CMakeFiles/lab_03.dir/Core/Src/stm32l4xx_it.c.obj
 .comment       0x0000000000000033       0x34 CMakeFiles/lab_03.dir/Core/Src/stm32l4xx_hal_msp.c.obj
 .comment       0x0000000000000033       0x34 CMakeFiles/lab_03.dir/Drivers/STM32L4xx_HAL_Driver/Src/stm32l4xx_hal_tim.c.obj
 .comment       0x0000000000000033       0x34 CMakeFiles/lab_03.dir/Drivers/STM32L4xx_HAL_Driver/Src/stm32l4xx_hal_tim_ex.c.obj
 .comment       0x0000000000000033       0x34 CMakeFiles/lab_03.dir/Drivers/STM32L4xx_HAL_Driver/Src/stm32l4xx_hal.c.obj
 .comment       0x0000000000000033       0x34 CMakeFiles/lab_03.dir/Drivers/STM32L4xx_HAL_Driver/Src/stm32l4xx_hal_rcc.c.obj
 .comment       0x0000000000000033       0x34 CMakeFiles/lab_03.dir/Drivers/STM32L4xx_HAL_Driver/Src/stm32l4xx_hal_rcc_ex.c.obj
 .comment       0x0000000000000033       0x34 CMakeFiles/lab_03.dir/Drivers/STM32L4xx_HAL_Driver/Src/stm32l4xx_hal_gpio.c.obj
 .comment       0x0000000000000033       0x34 CMakeFiles/lab_03.dir/Drivers/STM32L4xx_HAL_Driver/Src/stm32l4xx_hal_pwr_ex.c.obj
 .comment       0x0000000000000033       0x34 CMakeFiles/lab_03.dir/Drivers/STM32L4xx_HAL_Driver/Src/stm32l4xx_hal_cortex.c.obj
 .comment       0x0000000000000033       0x34 CMakeFiles/lab_03.dir/Drivers/STM32L4xx_HAL_Driver/Src/stm32l4xx_hal_uart.c.obj
 .comment       0x0000000000000033       0x34 CMakeFiles/lab_03.dir/Core/Src/system_stm32l4xx.c.obj
 .comment       0x0000000000000033       0x34 CMakeFiles/lab_03.dir/Core/Src/sysmem.c.obj
 .comment       0x0000000000000033       0x34 CMakeFiles/lab_03.dir/Core/Src/syscalls.c.obj
 .comment       0x0000000000000033       0x34 /usr/lib/gcc/arm-none-eabi/10.3.1/thumb/v7e-m+fp/hard/libgcc.a(_udivmoddi4.o)
 .comment       0x0000000000000033       0x34 /usr/lib/gcc/arm-none-eabi/10.3.1/../../../arm-none-eabi/lib/thumb/v7e-m+fp/hard/libg_nano.a(lib_a-errno.o)
 .comment       0x0000000000000033       0x34 /usr/lib/gcc/arm-none-eabi/10.3.1/../../../arm-none-eabi/lib/thumb/v7e-m+fp/hard/libg_nano.a(lib_a-printf.o)
 .comment       0x0000000000000033       0x34 /usr/lib/gcc/arm-none-eabi/10.3.1/../../../arm-none-eabi/lib/thumb/v7e-m+fp/hard/libg_nano.a(lib_a-puts.o)
 .comment       0x0000000000000033       0x34 /usr/lib/gcc/arm-none-eabi/10.3.1/thumb/v7e-m+fp/hard/crtend.o

.debug_info     0x0000000000000000    0x2e111
 .debug_info    0x0000000000000000      0x863 /usr/lib/gcc/arm-none-eabi/10.3.1/../../../arm-none-eabi/lib/thumb/v7e-m+fp/hard/libc_nano.a(lib_a-impure.o)
 .debug_info    0x0000000000000863      0x11a /usr/lib/gcc/arm-none-eabi/10.3.1/../../../arm-none-eabi/lib/thumb/v7e-m+fp/hard/libc_nano.a(lib_a-init.o)
 .debug_info    0x000000000000097d      0x137 /usr/lib/gcc/arm-none-eabi/10.3.1/../../../arm-none-eabi/lib/thumb/v7e-m+fp/hard/libc_nano.a(lib_a-memset.o)
 .debug_info    0x0000000000000ab4     0x147b /usr/lib/gcc/arm-none-eabi/10.3.1/../../../arm-none-eabi/lib/thumb/v7e-m+fp/hard/libc_nano.a(lib_a-nano-vfprintf_float.o)
 .debug_info    0x0000000000001f2f      0xe9e /usr/lib/gcc/arm-none-eabi/10.3.1/../../../arm-none-eabi/lib/thumb/v7e-m+fp/hard/libc_nano.a(lib_a-nano-vfprintf_i.o)
 .debug_info    0x0000000000002dcd       0x26 /usr/lib/gcc/arm-none-eabi/10.3.1/../../../arm-none-eabi/lib/thumb/v7e-m+fp/hard/libc_nano.a(lib_a-strlen.o)
 .debug_info    0x0000000000002df3     0x196c /usr/lib/gcc/arm-none-eabi/10.3.1/../../../arm-none-eabi/lib/thumb/v7e-m+fp/hard/libc_nano.a(lib_a-dtoa.o)
 .debug_info    0x000000000000475f      0xad8 /usr/lib/gcc/arm-none-eabi/10.3.1/../../../arm-none-eabi/lib/thumb/v7e-m+fp/hard/libc_nano.a(lib_a-localeconv.o)
 .debug_info    0x0000000000005237      0x832 /usr/lib/gcc/arm-none-eabi/10.3.1/../../../arm-none-eabi/lib/thumb/v7e-m+fp/hard/libc_nano.a(lib_a-malloc.o)
 .debug_info    0x0000000000005a69       0x26 /usr/lib/gcc/arm-none-eabi/10.3.1/../../../arm-none-eabi/lib/thumb/v7e-m+fp/hard/libc_nano.a(lib_a-memchr.o)
 .debug_info    0x0000000000005a8f       0x26 /usr/lib/gcc/arm-none-eabi/10.3.1/../../../arm-none-eabi/lib/thumb/v7e-m+fp/hard/libc_nano.a(lib_a-memcpy.o)
 .debug_info    0x0000000000005ab5     0x2009 /usr/lib/gcc/arm-none-eabi/10.3.1/../../../arm-none-eabi/lib/thumb/v7e-m+fp/hard/libc_nano.a(lib_a-mprec.o)
 .debug_info    0x0000000000007abe      0x858 /usr/lib/gcc/arm-none-eabi/10.3.1/../../../arm-none-eabi/lib/thumb/v7e-m+fp/hard/libc_nano.a(lib_a-nano-callocr.o)
 .debug_info    0x0000000000008316      0x903 /usr/lib/gcc/arm-none-eabi/10.3.1/../../../arm-none-eabi/lib/thumb/v7e-m+fp/hard/libc_nano.a(lib_a-nano-freer.o)
 .debug_info    0x0000000000008c19      0xa0c /usr/lib/gcc/arm-none-eabi/10.3.1/../../../arm-none-eabi/lib/thumb/v7e-m+fp/hard/libc_nano.a(lib_a-nano-mallocr.o)
 .debug_info    0x0000000000009625      0x828 /usr/lib/gcc/arm-none-eabi/10.3.1/../../../arm-none-eabi/lib/thumb/v7e-m+fp/hard/libc_nano.a(lib_a-sbrkr.o)
 .debug_info    0x0000000000009e4d      0x8bd /usr/lib/gcc/arm-none-eabi/10.3.1/../../../arm-none-eabi/lib/thumb/v7e-m+fp/hard/libc_nano.a(lib_a-assert.o)
 .debug_info    0x000000000000a70a      0x902 /usr/lib/gcc/arm-none-eabi/10.3.1/../../../arm-none-eabi/lib/thumb/v7e-m+fp/hard/libc_nano.a(lib_a-fprintf.o)
 .debug_info    0x000000000000b00c      0xca4 /usr/lib/gcc/arm-none-eabi/10.3.1/../../../arm-none-eabi/lib/thumb/v7e-m+fp/hard/libc_nano.a(lib_a-locale.o)
 .debug_info    0x000000000000bcb0      0xb67 /usr/lib/gcc/arm-none-eabi/10.3.1/../../../arm-none-eabi/lib/thumb/v7e-m+fp/hard/libc_nano.a(lib_a-mbtowc_r.o)
 .debug_info    0x000000000000c817      0x7dc /usr/lib/gcc/arm-none-eabi/10.3.1/../../../arm-none-eabi/lib/thumb/v7e-m+fp/hard/libc_nano.a(lib_a-mlock.o)
 .debug_info    0x000000000000cff3     0x115f /usr/lib/gcc/arm-none-eabi/10.3.1/../../../arm-none-eabi/lib/thumb/v7e-m+fp/hard/libc_nano.a(lib_a-nano-vfprintf.o)
 .debug_info    0x000000000000e152      0xa7e /usr/lib/gcc/arm-none-eabi/10.3.1/../../../arm-none-eabi/lib/thumb/v7e-m+fp/hard/libc_nano.a(lib_a-reent.o)
 .debug_info    0x000000000000ebd0      0x998 /usr/lib/gcc/arm-none-eabi/10.3.1/../../../arm-none-eabi/lib/thumb/v7e-m+fp/hard/libc_nano.a(lib_a-wbuf.o)
 .debug_info    0x000000000000f568      0xb20 /usr/lib/gcc/arm-none-eabi/10.3.1/../../../arm-none-eabi/lib/thumb/v7e-m+fp/hard/libc_nano.a(lib_a-wctomb_r.o)
 .debug_info    0x0000000000010088      0x902 /usr/lib/gcc/arm-none-eabi/10.3.1/../../../arm-none-eabi/lib/thumb/v7e-m+fp/hard/libc_nano.a(lib_a-wsetup.o)
 .debug_info    0x000000000001098a       0xcb /usr/lib/gcc/arm-none-eabi/10.3.1/../../../arm-none-eabi/lib/thumb/v7e-m+fp/hard/libc_nano.a(lib_a-abort.o)
 .debug_info    0x0000000000010a55       0xb8 /usr/lib/gcc/arm-none-eabi/10.3.1/../../../arm-none-eabi/lib/thumb/v7e-m+fp/hard/libc_nano.a(lib_a-ctype_.o)
 .debug_info    0x0000000000010b0d      0xb0d /usr/lib/gcc/arm-none-eabi/10.3.1/../../../arm-none-eabi/lib/thumb/v7e-m+fp/hard/libc_nano.a(lib_a-fflush.o)
 .debug_info    0x000000000001161a      0xfae /usr/lib/gcc/arm-none-eabi/10.3.1/../../../arm-none-eabi/lib/thumb/v7e-m+fp/hard/libc_nano.a(lib_a-findfp.o)
 .debug_info    0x00000000000125c8      0xb5e /usr/lib/gcc/arm-none-eabi/10.3.1/../../../arm-none-eabi/lib/thumb/v7e-m+fp/hard/libc_nano.a(lib_a-fvwrite.o)
 .debug_info    0x0000000000013126      0x900 /usr/lib/gcc/arm-none-eabi/10.3.1/../../../arm-none-eabi/lib/thumb/v7e-m+fp/hard/libc_nano.a(lib_a-fwalk.o)
 .debug_info    0x0000000000013a26      0xc8a /usr/lib/gcc/arm-none-eabi/10.3.1/../../../arm-none-eabi/lib/thumb/v7e-m+fp/hard/libc_nano.a(lib_a-makebuf.o)
 .debug_info    0x00000000000146b0      0x152 /usr/lib/gcc/arm-none-eabi/10.3.1/../../../arm-none-eabi/lib/thumb/v7e-m+fp/hard/libc_nano.a(lib_a-memmove.o)
 .debug_info    0x0000000000014802      0x911 /usr/lib/gcc/arm-none-eabi/10.3.1/../../../arm-none-eabi/lib/thumb/v7e-m+fp/hard/libc_nano.a(lib_a-nano-reallocr.o)
 .debug_info    0x0000000000015113      0xdcc /usr/lib/gcc/arm-none-eabi/10.3.1/../../../arm-none-eabi/lib/thumb/v7e-m+fp/hard/libc_nano.a(lib_a-signal.o)
 .debug_info    0x0000000000015edf      0x871 /usr/lib/gcc/arm-none-eabi/10.3.1/../../../arm-none-eabi/lib/thumb/v7e-m+fp/hard/libc_nano.a(lib_a-signalr.o)
 .debug_info    0x0000000000016750      0xabc /usr/lib/gcc/arm-none-eabi/10.3.1/../../../arm-none-eabi/lib/thumb/v7e-m+fp/hard/libc_nano.a(lib_a-stdio.o)
 .debug_info    0x000000000001720c      0x85a /usr/lib/gcc/arm-none-eabi/10.3.1/../../../arm-none-eabi/lib/thumb/v7e-m+fp/hard/libc_nano.a(lib_a-writer.o)
 .debug_info    0x0000000000017a66      0x805 /usr/lib/gcc/arm-none-eabi/10.3.1/../../../arm-none-eabi/lib/thumb/v7e-m+fp/hard/libc_nano.a(lib_a-closer.o)
 .debug_info    0x000000000001826b      0xa1d /usr/lib/gcc/arm-none-eabi/10.3.1/../../../arm-none-eabi/lib/thumb/v7e-m+fp/hard/libc_nano.a(lib_a-fstatr.o)
 .debug_info    0x0000000000018c88      0x805 /usr/lib/gcc/arm-none-eabi/10.3.1/../../../arm-none-eabi/lib/thumb/v7e-m+fp/hard/libc_nano.a(lib_a-isattyr.o)
 .debug_info    0x000000000001948d      0x83b /usr/lib/gcc/arm-none-eabi/10.3.1/../../../arm-none-eabi/lib/thumb/v7e-m+fp/hard/libc_nano.a(lib_a-lseekr.o)
 .debug_info    0x0000000000019cc8      0x840 /usr/lib/gcc/arm-none-eabi/10.3.1/../../../arm-none-eabi/lib/thumb/v7e-m+fp/hard/libc_nano.a(lib_a-nano-msizer.o)
 .debug_info    0x000000000001a508      0x853 /usr/lib/gcc/arm-none-eabi/10.3.1/../../../arm-none-eabi/lib/thumb/v7e-m+fp/hard/libc_nano.a(lib_a-readr.o)
 .debug_info    0x000000000001ad5b      0xf29 CMakeFiles/lab_03.dir/Core/Src/main.c.obj
 .debug_info    0x000000000001bc84      0x69a CMakeFiles/lab_03.dir/Core/Src/gpio.c.obj
 .debug_info    0x000000000001c31e      0xf25 CMakeFiles/lab_03.dir/Core/Src/tim.c.obj
 .debug_info    0x000000000001d243      0xcce CMakeFiles/lab_03.dir/Core/Src/usart.c.obj
 .debug_info    0x000000000001df11      0x7aa CMakeFiles/lab_03.dir/Core/Src/stm32l4xx_it.c.obj
 .debug_info    0x000000000001e6bb      0x2fc CMakeFiles/lab_03.dir/Core/Src/stm32l4xx_hal_msp.c.obj
 .debug_info    0x000000000001e9b7     0x2c75 CMakeFiles/lab_03.dir/Drivers/STM32L4xx_HAL_Driver/Src/stm32l4xx_hal_tim.c.obj
 .debug_info    0x000000000002162c     0x169f CMakeFiles/lab_03.dir/Drivers/STM32L4xx_HAL_Driver/Src/stm32l4xx_hal_tim_ex.c.obj
 .debug_info    0x0000000000022ccb      0xbf8 CMakeFiles/lab_03.dir/Drivers/STM32L4xx_HAL_Driver/Src/stm32l4xx_hal.c.obj
 .debug_info    0x00000000000238c3      0xc74 CMakeFiles/lab_03.dir/Drivers/STM32L4xx_HAL_Driver/Src/stm32l4xx_hal_rcc.c.obj
 .debug_info    0x0000000000024537      0xe10 CMakeFiles/lab_03.dir/Drivers/STM32L4xx_HAL_Driver/Src/stm32l4xx_hal_rcc_ex.c.obj
 .debug_info    0x0000000000025347      0x809 CMakeFiles/lab_03.dir/Drivers/STM32L4xx_HAL_Driver/Src/stm32l4xx_hal_gpio.c.obj