Archive member included to satisfy reference by file (symbol)

/usr/lib/gcc/arm-none-eabi/10.3.1/../../../arm-none-eabi/lib/thumb/v7e-m+fp/hard/libc_nano.a(lib_a-atexit.o)
                              /usr/lib/gcc/arm-none-eabi/10.3.1/../../../arm-none-eabi/lib/thumb/v7e-m+fp/hard/crt0.o (atexit)
/usr/lib/gcc/arm-none-eabi/10.3.1/../../../arm-none-eabi/lib/thumb/v7e-m+fp/hard/libc_nano.a(lib_a-exit.o)
                              /usr/lib/gcc/arm-none-eabi/10.3.1/../../../arm-none-eabi/lib/thumb/v7e-m+fp/hard/crt0.o (exit)
/usr/lib/gcc/arm-none-eabi/10.3.1/../../../arm-none-eabi/lib/thumb/v7e-m+fp/hard/libc_nano.a(lib_a-fini.o)
                              /usr/lib/gcc/arm-none-eabi/10.3.1/../../../arm-none-eabi/lib/thumb/v7e-m+fp/hard/crt0.o (__libc_fini_array)
/usr/lib/gcc/arm-none-eabi/10.3.1/../../../arm-none-eabi/lib/thumb/v7e-m+fp/hard/libc_nano.a(lib_a-impure.o)
                              /usr/lib/gcc/arm-none-eabi/10.3.1/../../../arm-none-eabi/lib/thumb/v7e-m+fp/hard/libc_nano.a(lib_a-exit.o) (_global_impure_ptr)
/usr/lib/gcc/arm-none-eabi/10.3.1/../../../arm-none-eabi/lib/thumb/v7e-m+fp/hard/libc_nano.a(lib_a-init.o)
                              /usr/lib/gcc/arm-none-eabi/10.3.1/../../../arm-none-eabi/lib/thumb/v7e-m+fp/hard/crt0.o (__libc_init_array)
/usr/lib/gcc/arm-none-eabi/10.3.1/../../../arm-none-eabi/lib/thumb/v7e-m+fp/hard/libc_nano.a(lib_a-memset.o)
                              /usr/lib/gcc/arm-none-eabi/10.3.1/../../../arm-none-eabi/lib/thumb/v7e-m+fp/hard/crt0.o (memset)
/usr/lib/gcc/arm-none-eabi/10.3.1/../../../arm-none-eabi/lib/thumb/v7e-m+fp/hard/libc_nano.a(lib_a-__atexit.o)
                              /usr/lib/gcc/arm-none-eabi/10.3.1/../../../arm-none-eabi/lib/thumb/v7e-m+fp/hard/libc_nano.a(lib_a-atexit.o) (__register_exitproc)
/usr/lib/gcc/arm-none-eabi/10.3.1/../../../arm-none-eabi/lib/thumb/v7e-m+fp/hard/libc_nano.a(lib_a-__call_atexit.o)
                              /usr/lib/gcc/arm-none-eabi/10.3.1/../../../arm-none-eabi/lib/thumb/v7e-m+fp/hard/libc_nano.a(lib_a-__atexit.o) (__call_exitprocs)
/usr/lib/gcc/arm-none-eabi/10.3.1/thumb/v7e-m+fp/hard/libgcc.a(_aeabi_uldivmod.o)
                              CMakeFiles/lab_03_stacjonarnie.dir/Drivers/STM32L4xx_HAL_Driver/Src/stm32l4xx_hal_uart.c.obj (__aeabi_uldivmod)
/usr/lib/gcc/arm-none-eabi/10.3.1/thumb/v7e-m+fp/hard/libgcc.a(_udivmoddi4.o)
                              /usr/lib/gcc/arm-none-eabi/10.3.1/thumb/v7e-m+fp/hard/libgcc.a(_aeabi_uldivmod.o) (__udivmoddi4)
/usr/lib/gcc/arm-none-eabi/10.3.1/thumb/v7e-m+fp/hard/libgcc.a(_dvmd_tls.o)
                              /usr/lib/gcc/arm-none-eabi/10.3.1/thumb/v7e-m+fp/hard/libgcc.a(_aeabi_uldivmod.o) (__aeabi_ldiv0)
/usr/lib/gcc/arm-none-eabi/10.3.1/../../../arm-none-eabi/lib/thumb/v7e-m+fp/hard/libg_nano.a(lib_a-errno.o)
                              CMakeFiles/lab_03_stacjonarnie.dir/Core/Src/sysmem.c.obj (__errno)
/usr/lib/gcc/arm-none-eabi/10.3.1/../../../arm-none-eabi/lib/thumb/v7e-m+fp/hard/libg_nano.a(lib_a-printf.o)
                              CMakeFiles/lab_03_stacjonarnie.dir/Core/Src/main.c.obj (printf)
/usr/lib/gcc/arm-none-eabi/10.3.1/../../../arm-none-eabi/lib/thumb/v7e-m+fp/hard/libg_nano.a(lib_a-findfp.o)
                              /usr/lib/gcc/arm-none-eabi/10.3.1/../../../arm-none-eabi/lib/thumb/v7e-m+fp/hard/libg_nano.a(lib_a-printf.o) (__sinit)
/usr/lib/gcc/arm-none-eabi/10.3.1/../../../arm-none-eabi/lib/thumb/v7e-m+fp/hard/libg_nano.a(lib_a-fwalk.o)
                              /usr/lib/gcc/arm-none-eabi/10.3.1/../../../arm-none-eabi/lib/thumb/v7e-m+fp/hard/libg_nano.a(lib_a-findfp.o) (_fwalk)
/usr/lib/gcc/arm-none-eabi/10.3.1/../../../arm-none-eabi/lib/thumb/v7e-m+fp/hard/libg_nano.a(lib_a-nano-mallocr.o)
                              /usr/lib/gcc/arm-none-eabi/10.3.1/../../../arm-none-eabi/lib/thumb/v7e-m+fp/hard/libg_nano.a(lib_a-findfp.o) (_malloc_r)
/usr/lib/gcc/arm-none-eabi/10.3.1/../../../arm-none-eabi/lib/thumb/v7e-m+fp/hard/libg_nano.a(lib_a-nano-vfprintf.o)
                              /usr/lib/gcc/arm-none-eabi/10.3.1/../../../arm-none-eabi/lib/thumb/v7e-m+fp/hard/libg_nano.a(lib_a-printf.o) (_vfprintf_r)
/usr/lib/gcc/arm-none-eabi/10.3.1/../../../arm-none-eabi/lib/thumb/v7e-m+fp/hard/libg_nano.a(lib_a-nano-vfprintf_i.o)
                              /usr/lib/gcc/arm-none-eabi/10.3.1/../../../arm-none-eabi/lib/thumb/v7e-m+fp/hard/libg_nano.a(lib_a-nano-vfprintf.o) (_printf_i)
/usr/lib/gcc/arm-none-eabi/10.3.1/../../../arm-none-eabi/lib/thumb/v7e-m+fp/hard/libg_nano.a(lib_a-sbrkr.o)
                              /usr/lib/gcc/arm-none-eabi/10.3.1/../../../arm-none-eabi/lib/thumb/v7e-m+fp/hard/libg_nano.a(lib_a-nano-mallocr.o) (_sbrk_r)
/usr/lib/gcc/arm-none-eabi/10.3.1/../../../arm-none-eabi/lib/thumb/v7e-m+fp/hard/libg_nano.a(lib_a-stdio.o)
                              /usr/lib/gcc/arm-none-eabi/10.3.1/../../../arm-none-eabi/lib/thumb/v7e-m+fp/hard/libg_nano.a(lib_a-findfp.o) (__sread)
[...]
Memory Configuration

Name             Origin             Length             Attributes
RAM              0x0000000020000000 0x0000000000018000 xrw
RAM2             0x0000000010000000 0x0000000000008000 xrw
FLASH            0x0000000008000000 0x0000000000100000 xr
*default*        0x0000000000000000 0xffffffffffffffff

Linker script and memory map

LOAD /usr/lib/gcc/arm-none-eabi/10.3.1/thumb/v7e-m+fp/hard/crti.o
LOAD /usr/lib/gcc/arm-none-eabi/10.3.1/thumb/v7e-m+fp/hard/crtbegin.o
LOAD /usr/lib/gcc/arm-none-eabi/10.3.1/../../../arm-none-eabi/lib/thumb/v7e-m+fp/hard/crt0.o
START GROUP
LOAD /usr/lib/gcc/arm-none-eabi/10.3.1/../../../arm-none-eabi/lib/thumb/v7e-m+fp/hard/libc_nano.a
LOAD /usr/lib/gcc/arm-none-eabi/10.3.1/../../../arm-none-eabi/lib/thumb/v7e-m+fp/hard/libm.a
END GROUP
LOAD CMakeFiles/lab_03_stacjonarnie.dir/Core/Src/main.c.obj
LOAD CMakeFiles/lab_03_stacjonarnie.dir/Core/Src/gpio.c.obj
LOAD CMakeFiles/lab_03_stacjonarnie.dir/Core/Src/tim.c.obj
LOAD CMakeFiles/lab_03_stacjonarnie.dir/Core/Src/usart.c.obj
LOAD CMakeFiles/lab_03_stacjonarnie.dir/Core/Src/stm32l4xx_it.c.obj
LOAD CMakeFiles/lab_03_stacjonarnie.dir/Core/Src/stm32l4xx_hal_msp.c.obj
LOAD CMakeFiles/lab_03_stacjonarnie.dir/Drivers/STM32L4xx_HAL_Driver/Src/stm32l4xx_hal_tim.c.obj
LOAD CMakeFiles/lab_03_stacjonarnie.dir/Drivers/STM32L4xx_HAL_Driver/Src/stm32l4xx_hal_tim_ex.c.obj
LOAD CMakeFiles/lab_03_stacjonarnie.dir/Drivers/STM32L4xx_HAL_Driver/Src/stm32l4xx_hal.c.obj
LOAD CMakeFiles/lab_03_stacjonarnie.dir/Drivers/STM32L4xx_HAL_Driver/Src/stm32l4xx_hal_rcc.c.obj
LOAD CMakeFiles/lab_03_stacjonarnie.dir/Drivers/STM32L4xx_HAL_Driver/Src/stm32l4xx_hal_rcc_ex.c.obj
LOAD CMakeFiles/lab_03_stacjonarnie.dir/Drivers/STM32L4xx_HAL_Driver/Src/stm32l4xx_hal_flash.c.obj
LOAD CMakeFiles/lab_03_stacjonarnie.dir/Drivers/STM32L4xx_HAL_Driver/Src/stm32l4xx_hal_flash_ex.c.obj
LOAD CMakeFiles/lab_03_stacjonarnie.dir/Drivers/STM32L4xx_HAL_Driver/Src/stm32l4xx_hal_flash_ramfunc.c.obj
LOAD CMakeFiles/lab_03_stacjonarnie.dir/Drivers/STM32L4xx_HAL_Driver/Src/stm32l4xx_hal_gpio.c.obj
LOAD CMakeFiles/lab_03_stacjonarnie.dir/Drivers/STM32L4xx_HAL_Driver/Src/stm32l4xx_hal_i2c.c.obj
LOAD CMakeFiles/lab_03_stacjonarnie.dir/Drivers/STM32L4xx_HAL_Driver/Src/stm32l4xx_hal_i2c_ex.c.obj
LOAD CMakeFiles/lab_03_stacjonarnie.dir/Drivers/STM32L4xx_HAL_Driver/Src/stm32l4xx_hal_dma.c.obj
LOAD CMakeFiles/lab_03_stacjonarnie.dir/Drivers/STM32L4xx_HAL_Driver/Src/stm32l4xx_hal_dma_ex.c.obj
LOAD CMakeFiles/lab_03_stacjonarnie.dir/Drivers/STM32L4xx_HAL_Driver/Src/stm32l4xx_hal_pwr.c.obj
LOAD CMakeFiles/lab_03_stacjonarnie.dir/Drivers/STM32L4xx_HAL_Driver/Src/stm32l4xx_hal_pwr_ex.c.obj
LOAD CMakeFiles/lab_03_stacjonarnie.dir/Drivers/STM32L4xx_HAL_Driver/Src/stm32l4xx_hal_cortex.c.obj
LOAD CMakeFiles/lab_03_stacjonarnie.dir/Drivers/STM32L4xx_HAL_Driver/Src/stm32l4xx_hal_exti.c.obj
LOAD CMakeFiles/lab_03_stacjonarnie.dir/Drivers/STM32L4xx_HAL_Driver/Src/stm32l4xx_hal_uart.c.obj
LOAD CMakeFiles/lab_03_stacjonarnie.dir/Drivers/STM32L4xx_HAL_Driver/Src/stm32l4xx_hal_uart_ex.c.obj
LOAD CMakeFiles/lab_03_stacjonarnie.dir/Core/Src/system_stm32l4xx.c.obj
LOAD CMakeFiles/lab_03_stacjonarnie.dir/Core/Src/sysmem.c.obj
LOAD CMakeFiles/lab_03_stacjonarnie.dir/Core/Src/syscalls.c.obj
LOAD CMakeFiles/lab_03_stacjonarnie.dir/startup_stm32l476xx.s.obj
START GROUP
LOAD /usr/lib/gcc/arm-none-eabi/10.3.1/thumb/v7e-m+fp/hard/libgcc.a
LOAD /usr/lib/gcc/arm-none-eabi/10.3.1/../../../arm-none-eabi/lib/thumb/v7e-m+fp/hard/libg_nano.a
LOAD /usr/lib/gcc/arm-none-eabi/10.3.1/../../../arm-none-eabi/lib/thumb/v7e-m+fp/hard/libc_nano.a
END GROUP
START GROUP
LOAD /usr/lib/gcc/arm-none-eabi/10.3.1/thumb/v7e-m+fp/hard/libgcc.a
LOAD /usr/lib/gcc/arm-none-eabi/10.3.1/../../../arm-none-eabi/lib/thumb/v7e-m+fp/hard/libc_nano.a
END GROUP
LOAD /usr/lib/gcc/arm-none-eabi/10.3.1/thumb/v7e-m+fp/hard/crtend.o
LOAD /usr/lib/gcc/arm-none-eabi/10.3.1/thumb/v7e-m+fp/hard/crtn.o
                0x0000000020018000                _estack = (ORIGIN (RAM) + LENGTH (RAM))
                0x0000000000000200                _Min_Heap_Size = 0x200
                0x0000000000000400                _Min_Stack_Size = 0x400

.isr_vector     0x0000000008000000      0x188
                0x0000000008000000                . = ALIGN (0x8)
 *(.isr_vector)
 .isr_vector    0x0000000008000000      0x188 CMakeFiles/lab_03_stacjonarnie.dir/startup_stm32l476xx.s.obj
                0x0000000008000000                g_pfnVectors
                0x0000000008000188                . = ALIGN (0x8)

.text           0x0000000008000190     0x5cd8
                0x0000000008000190                . = ALIGN (0x8)
 *(.text)
 .text          0x0000000008000190       0x88 /usr/lib/gcc/arm-none-eabi/10.3.1/thumb/v7e-m+fp/hard/crtbegin.o
 .text          0x0000000008000218       0x48 /usr/lib/gcc/arm-none-eabi/10.3.1/../../../arm-none-eabi/lib/thumb/v7e-m+fp/hard/libc_nano.a(lib_a-init.o)
                0x0000000008000218                __libc_init_array
 .text          0x0000000008000260       0xa4 /usr/lib/gcc/arm-none-eabi/10.3.1/../../../arm-none-eabi/lib/thumb/v7e-m+fp/hard/libc_nano.a(lib_a-memset.o)
                0x0000000008000260                memset
 .text          0x0000000008000304       0x30 /usr/lib/gcc/arm-none-eabi/10.3.1/thumb/v7e-m+fp/hard/libgcc.a(_aeabi_uldivmod.o)
                0x0000000008000304                __aeabi_uldivmod
 .text          0x0000000008000334      0x2d0 /usr/lib/gcc/arm-none-eabi/10.3.1/thumb/v7e-m+fp/hard/libgcc.a(_udivmoddi4.o)
                0x0000000008000334                __udivmoddi4
 .text          0x0000000008000604        0x4 /usr/lib/gcc/arm-none-eabi/10.3.1/thumb/v7e-m+fp/hard/libgcc.a(_dvmd_tls.o)
                0x0000000008000604                __aeabi_ldiv0
                0x0000000008000604                __aeabi_idiv0
 .text          0x0000000008000608        0xc /usr/lib/gcc/arm-none-eabi/10.3.1/../../../arm-none-eabi/lib/thumb/v7e-m+fp/hard/libg_nano.a(lib_a-errno.o)
                0x0000000008000608                __errno
 .text          0x0000000008000614       0x60 /usr/lib/gcc/arm-none-eabi/10.3.1/../../../arm-none-eabi/lib/thumb/v7e-m+fp/hard/libg_nano.a(lib_a-printf.o)
                0x0000000008000614                _printf_r
                0x0000000008000614                _iprintf_r
                0x0000000008000640                printf
                0x0000000008000640                iprintf
 .text          0x0000000008000674      0x238 /usr/lib/gcc/arm-none-eabi/10.3.1/../../../arm-none-eabi/lib/thumb/v7e-m+fp/hard/libg_nano.a(lib_a-findfp.o)
                0x0000000008000678                _cleanup_r
                0x0000000008000688                __sfmoreglue
                0x00000000080006b8                __sfp
                0x0000000008000858                _cleanup
                0x000000000800086c                __sinit
                0x0000000008000874                __sfp_lock_acquire
                0x0000000008000878                __sfp_lock_release
                0x000000000800087c                __sinit_lock_acquire
                0x0000000008000880                __sinit_lock_release
                0x0000000008000884                __fp_lock_all
                0x0000000008000898                __fp_unlock_all
 .text          0x00000000080008ac       0x88 /usr/lib/gcc/arm-none-eabi/10.3.1/../../../arm-none-eabi/lib/thumb/v7e-m+fp/hard/libg_nano.a(lib_a-fwalk.o)
                0x00000000080008ac                _fwalk
                0x00000000080008ec                _fwalk_reent
 .text          0x0000000008000934       0xb4 /usr/lib/gcc/arm-none-eabi/10.3.1/../../../arm-none-eabi/lib/thumb/v7e-m+fp/hard/libg_nano.a(lib_a-nano-mallocr.o)
                0x0000000008000934                _malloc_r
 .text          0x00000000080009e8      0x328 /usr/lib/gcc/arm-none-eabi/10.3.1/../../../arm-none-eabi/lib/thumb/v7e-m+fp/hard/libg_nano.a(lib_a-nano-vfprintf.o)
                0x0000000008000a24                __sfputs_r
                0x0000000008000a54                __sprint_r
                0x0000000008000a70                _vfiprintf_r
                0x0000000008000a70                _vfprintf_r
                0x0000000008000cf4                vfiprintf
                0x0000000008000cf4                vfprintf
 .text          0x0000000008000d10      0x3dc /usr/lib/gcc/arm-none-eabi/10.3.1/../../../arm-none-eabi/lib/thumb/v7e-m+fp/hard/libg_nano.a(lib_a-nano-vfprintf_i.o)
                0x0000000008000d10                _printf_common
                0x0000000008000e3c                _printf_i
 .text          0x00000000080010ec       0x24 /usr/lib/gcc/arm-none-eabi/10.3.1/../../../arm-none-eabi/lib/thumb/v7e-m+fp/hard/libg_nano.a(lib_a-sbrkr.o)
                0x00000000080010ec                _sbrk_r
 .text          0x0000000008001110       0x90 /usr/lib/gcc/arm-none-eabi/10.3.1/../../../arm-none-eabi/lib/thumb/v7e-m+fp/hard/libg_nano.a(lib_a-stdio.o)
                0x0000000008001110                __sread
                0x0000000008001134                __seofread
                0x0000000008001138                __swrite
                0x0000000008001178                __sseek
                0x0000000008001198                __sclose
 .text          0x00000000080011a0       0xc8 /usr/lib/gcc/arm-none-eabi/10.3.1/../../../arm-none-eabi/lib/thumb/v7e-m+fp/hard/libg_nano.a(lib_a-wbuf.o)
                0x00000000080011a0                __swbuf_r
                0x0000000008001250                __swbuf
 .text          0x0000000008001268       0x2c /usr/lib/gcc/arm-none-eabi/10.3.1/../../../arm-none-eabi/lib/thumb/v7e-m+fp/hard/libg_nano.a(lib_a-writer.o)
                0x0000000008001268                _write_r
 .text          0x0000000008001294      0x104 /usr/lib/gcc/arm-none-eabi/10.3.1/../../../arm-none-eabi/lib/thumb/v7e-m+fp/hard/libg_nano.a(lib_a-wsetup.o)
                0x0000000008001294                __swsetup_r
 .text          0x0000000008001398       0x24 /usr/lib/gcc/arm-none-eabi/10.3.1/../../../arm-none-eabi/lib/thumb/v7e-m+fp/hard/libg_nano.a(lib_a-closer.o)
                0x0000000008001398                _close_r
 .text          0x00000000080013bc      0x1e8 /usr/lib/gcc/arm-none-eabi/10.3.1/../../../arm-none-eabi/lib/thumb/v7e-m+fp/hard/libg_nano.a(lib_a-fflush.o)
                0x00000000080013bc                __sflush_r
                0x00000000080014d0                _fflush_r
                0x0000000008001524                fflush
 .text          0x00000000080015a4      0x2f0 /usr/lib/gcc/arm-none-eabi/10.3.1/../../../arm-none-eabi/lib/thumb/v7e-m+fp/hard/libg_nano.a(lib_a-fvwrite.o)
                0x00000000080015a4                __sfvwrite_r
 .text          0x0000000008001894       0x2c /usr/lib/gcc/arm-none-eabi/10.3.1/../../../arm-none-eabi/lib/thumb/v7e-m+fp/hard/libg_nano.a(lib_a-lseekr.o)
                0x0000000008001894                _lseek_r
 .text          0x00000000080018c0      0x11c /usr/lib/gcc/arm-none-eabi/10.3.1/../../../arm-none-eabi/lib/thumb/v7e-m+fp/hard/libg_nano.a(lib_a-makebuf.o)
                0x00000000080018c0                __smakebuf_r
                0x0000000008001980                __swhatbuf_r
 *fill*         0x00000000080019dc        0x4 
 .text          0x00000000080019e0       0xa0 /usr/lib/gcc/arm-none-eabi/10.3.1/../../../arm-none-eabi/lib/thumb/v7e-m+fp/hard/libg_nano.a(lib_a-memchr.o)
                0x00000000080019e0                memchr
 .text          0x0000000008001a80      0x134 /usr/lib/gcc/arm-none-eabi/10.3.1/../../../arm-none-eabi/lib/thumb/v7e-m+fp/hard/libg_nano.a(lib_a-memcpy.o)
                0x0000000008001a80                memcpy
 .text          0x0000000008001bb4       0xf8 /usr/lib/gcc/arm-none-eabi/10.3.1/../../../arm-none-eabi/lib/thumb/v7e-m+fp/hard/libg_nano.a(lib_a-memmove.o)
                0x0000000008001bb4                memmove
 .text          0x0000000008001cac        0x8 /usr/lib/gcc/arm-none-eabi/10.3.1/../../../arm-none-eabi/lib/thumb/v7e-m+fp/hard/libg_nano.a(lib_a-mlock.o)
                0x0000000008001cac                __malloc_lock
                0x0000000008001cb0                __malloc_unlock
 .text          0x0000000008001cb4       0xc4 /usr/lib/gcc/arm-none-eabi/10.3.1/../../../arm-none-eabi/lib/thumb/v7e-m+fp/hard/libg_nano.a(lib_a-nano-freer.o)
                0x0000000008001cb4                _free_r
 .text          0x0000000008001d78       0x50 /usr/lib/gcc/arm-none-eabi/10.3.1/../../../arm-none-eabi/lib/thumb/v7e-m+fp/hard/libg_nano.a(lib_a-nano-reallocr.o)
                0x0000000008001d78                _realloc_r
 .text          0x0000000008001dc8       0x2c /usr/lib/gcc/arm-none-eabi/10.3.1/../../../arm-none-eabi/lib/thumb/v7e-m+fp/hard/libg_nano.a(lib_a-readr.o)
                0x0000000008001dc8                _read_r
 .text          0x0000000008001df4       0x2c /usr/lib/gcc/arm-none-eabi/10.3.1/../../../arm-none-eabi/lib/thumb/v7e-m+fp/hard/libg_nano.a(lib_a-fstatr.o)
                0x0000000008001df4                _fstat_r
 .text          0x0000000008001e20       0x24 /usr/lib/gcc/arm-none-eabi/10.3.1/../../../arm-none-eabi/lib/thumb/v7e-m+fp/hard/libg_nano.a(lib_a-isattyr.o)
                0x0000000008001e20                _isatty_r
 .text          0x0000000008001e44       0x14 /usr/lib/gcc/arm-none-eabi/10.3.1/../../../arm-none-eabi/lib/thumb/v7e-m+fp/hard/libg_nano.a(lib_a-nano-msizer.o)
                0x0000000008001e44                _malloc_usable_size_r
 *(.text*)
 .text._write   0x0000000008001e58       0x28 CMakeFiles/lab_03_stacjonarnie.dir/Core/Src/main.c.obj
                0x0000000008001e58                _write
 .text.HAL_TIM_IC_CaptureCallback
                0x0000000008001e80       0x4c CMakeFiles/lab_03_stacjonarnie.dir/Core/Src/main.c.obj
                0x0000000008001e80                HAL_TIM_IC_CaptureCallback
 .text.main     0x0000000008001ecc       0x78 CMakeFiles/lab_03_stacjonarnie.dir/Core/Src/main.c.obj
                0x0000000008001ecc                main
 .text.SystemClock_Config
                0x0000000008001f44       0xa2 CMakeFiles/lab_03_stacjonarnie.dir/Core/Src/main.c.obj
                0x0000000008001f44                SystemClock_Config
 .text.Error_Handler
                0x0000000008001fe6        0xa CMakeFiles/lab_03_stacjonarnie.dir/Core/Src/main.c.obj
                0x0000000008001fe6                Error_Handler
 .text.MX_GPIO_Init
                0x0000000008001ff0       0xcc CMakeFiles/lab_03_stacjonarnie.dir/Core/Src/gpio.c.obj
                0x0000000008001ff0                MX_GPIO_Init
 .text.MX_TIM2_Init
                0x00000000080020bc       0xa8 CMakeFiles/lab_03_stacjonarnie.dir/Core/Src/tim.c.obj
                0x00000000080020bc                MX_TIM2_Init
 .text.MX_TIM5_Init
                0x0000000008002164       0x9c CMakeFiles/lab_03_stacjonarnie.dir/Core/Src/tim.c.obj
                0x0000000008002164                MX_TIM5_Init
 .text.HAL_TIM_IC_MspInit
                0x0000000008002200       0x90 CMakeFiles/lab_03_stacjonarnie.dir/Core/Src/tim.c.obj
                0x0000000008002200                HAL_TIM_IC_MspInit
 .text.HAL_TIM_Base_MspInit
                0x0000000008002290       0x40 CMakeFiles/lab_03_stacjonarnie.dir/Core/Src/tim.c.obj
                0x0000000008002290                HAL_TIM_Base_MspInit
 .text.MX_USART2_UART_Init
                0x00000000080022d0       0x60 CMakeFiles/lab_03_stacjonarnie.dir/Core/Src/usart.c.obj
                0x00000000080022d0                MX_USART2_UART_Init
 .text.HAL_UART_MspInit
                0x0000000008002330       0xb8 CMakeFiles/lab_03_stacjonarnie.dir/Core/Src/usart.c.obj
                0x0000000008002330                HAL_UART_MspInit
 .text.NMI_Handler
                0x00000000080023e8        0x6 CMakeFiles/lab_03_stacjonarnie.dir/Core/Src/stm32l4xx_it.c.obj
                0x00000000080023e8                NMI_Handler
 .text.HardFault_Handler
                0x00000000080023ee        0x6 CMakeFiles/lab_03_stacjonarnie.dir/Core/Src/stm32l4xx_it.c.obj
                0x00000000080023ee                HardFault_Handler
 .text.MemManage_Handler
                0x00000000080023f4        0x6 CMakeFiles/lab_03_stacjonarnie.dir/Core/Src/stm32l4xx_it.c.obj
                0x00000000080023f4                MemManage_Handler
 .text.BusFault_Handler
                0x00000000080023fa        0x6 CMakeFiles/lab_03_stacjonarnie.dir/Core/Src/stm32l4xx_it.c.obj
                0x00000000080023fa                BusFault_Handler
 .text.UsageFault_Handler
                0x0000000008002400        0x6 CMakeFiles/lab_03_stacjonarnie.dir/Core/Src/stm32l4xx_it.c.obj
                0x0000000008002400                UsageFault_Handler
 .text.SVC_Handler
                0x0000000008002406        0xe CMakeFiles/lab_03_stacjonarnie.dir/Core/Src/stm32l4xx_it.c.obj
                0x0000000008002406                SVC_Handler
 .text.DebugMon_Handler
                0x0000000008002414        0xe CMakeFiles/lab_03_stacjonarnie.dir/Core/Src/stm32l4xx_it.c.obj
                0x0000000008002414                DebugMon_Handler
 .text.PendSV_Handler
                0x0000000008002422        0xe CMakeFiles/lab_03_stacjonarnie.dir/Core/Src/stm32l4xx_it.c.obj
                0x0000000008002422                PendSV_Handler
 .text.SysTick_Handler
                0x0000000008002430        0xc CMakeFiles/lab_03_stacjonarnie.dir/Core/Src/stm32l4xx_it.c.obj
                0x0000000008002430                SysTick_Handler
 .text.TIM2_IRQHandler
                0x000000000800243c       0x14 CMakeFiles/lab_03_stacjonarnie.dir/Core/Src/stm32l4xx_it.c.obj
                0x000000000800243c                TIM2_IRQHandler
 .text.HAL_MspInit
                0x0000000008002450       0x48 CMakeFiles/lab_03_stacjonarnie.dir/Core/Src/stm32l4xx_hal_msp.c.obj
                0x0000000008002450                HAL_MspInit
 .text.HAL_TIM_Base_Init
                0x0000000008002498       0xae CMakeFiles/lab_03_stacjonarnie.dir/Drivers/STM32L4xx_HAL_Driver/Src/stm32l4xx_hal_tim.c.obj
                0x0000000008002498                HAL_TIM_Base_Init
 .text.HAL_TIM_IC_Init
                0x0000000008002546       0xae CMakeFiles/lab_03_stacjonarnie.dir/Drivers/STM32L4xx_HAL_Driver/Src/stm32l4xx_hal_tim.c.obj
                0x0000000008002546                HAL_TIM_IC_Init
 .text.HAL_TIM_IC_Start_IT
                0x00000000080025f4      0x294 CMakeFiles/lab_03_stacjonarnie.dir/Drivers/STM32L4xx_HAL_Driver/Src/stm32l4xx_hal_tim.c.obj
                0x00000000080025f4                HAL_TIM_IC_Start_IT
 .text.HAL_TIM_IRQHandler
                0x0000000008002888      0x20e CMakeFiles/lab_03_stacjonarnie.dir/Drivers/STM32L4xx_HAL_Driver/Src/stm32l4xx_hal_tim.c.obj
                0x0000000008002888                HAL_TIM_IRQHandler
 .text.HAL_TIM_IC_ConfigChannel
                0x0000000008002a96      0x138 CMakeFiles/lab_03_stacjonarnie.dir/Drivers/STM32L4xx_HAL_Driver/Src/stm32l4xx_hal_tim.c.obj
                0x0000000008002a96                HAL_TIM_IC_ConfigChannel
 .text.HAL_TIM_ConfigClockSource
                0x0000000008002bce      0x192 CMakeFiles/lab_03_stacjonarnie.dir/Drivers/STM32L4xx_HAL_Driver/Src/stm32l4xx_hal_tim.c.obj
                0x0000000008002bce                HAL_TIM_ConfigClockSource
 .text.HAL_TIM_PeriodElapsedCallback
                0x0000000008002d60       0x14 CMakeFiles/lab_03_stacjonarnie.dir/Drivers/STM32L4xx_HAL_Driver/Src/stm32l4xx_hal_tim.c.obj
                0x0000000008002d60                HAL_TIM_PeriodElapsedCallback
 .text.HAL_TIM_OC_DelayElapsedCallback
                0x0000000008002d74       0x14 CMakeFiles/lab_03_stacjonarnie.dir/Drivers/STM32L4xx_HAL_Driver/Src/stm32l4xx_hal_tim.c.obj
                0x0000000008002d74                HAL_TIM_OC_DelayElapsedCallback
 .text.HAL_TIM_PWM_PulseFinishedCallback
                0x0000000008002d88       0x14 CMakeFiles/lab_03_stacjonarnie.dir/Drivers/STM32L4xx_HAL_Driver/Src/stm32l4xx_hal_tim.c.obj
                0x0000000008002d88                HAL_TIM_PWM_PulseFinishedCallback
 .text.HAL_TIM_TriggerCallback
                0x0000000008002d9c       0x14 CMakeFiles/lab_03_stacjonarnie.dir/Drivers/STM32L4xx_HAL_Driver/Src/stm32l4xx_hal_tim.c.obj
                0x0000000008002d9c                HAL_TIM_TriggerCallback
 .text.TIM_Base_SetConfig
                0x0000000008002db0      0x14c CMakeFiles/lab_03_stacjonarnie.dir/Drivers/STM32L4xx_HAL_Driver/Src/stm32l4xx_hal_tim.c.obj
                0x0000000008002db0                TIM_Base_SetConfig
 .text.TIM_TI1_SetConfig
                0x0000000008002efc       0xdc CMakeFiles/lab_03_stacjonarnie.dir/Drivers/STM32L4xx_HAL_Driver/Src/stm32l4xx_hal_tim.c.obj
                0x0000000008002efc                TIM_TI1_SetConfig
 .text.TIM_TI1_ConfigInputStage
                0x0000000008002fd8       0x5e CMakeFiles/lab_03_stacjonarnie.dir/Drivers/STM32L4xx_HAL_Driver/Src/stm32l4xx_hal_tim.c.obj
 .text.TIM_TI2_SetConfig
                0x0000000008003036       0x7a CMakeFiles/lab_03_stacjonarnie.dir/Drivers/STM32L4xx_HAL_Driver/Src/stm32l4xx_hal_tim.c.obj
 .text.TIM_TI2_ConfigInputStage
                0x00000000080030b0       0x60 CMakeFiles/lab_03_stacjonarnie.dir/Drivers/STM32L4xx_HAL_Driver/Src/stm32l4xx_hal_tim.c.obj
 .text.TIM_TI3_SetConfig
                0x0000000008003110       0x78 CMakeFiles/lab_03_stacjonarnie.dir/Drivers/STM32L4xx_HAL_Driver/Src/stm32l4xx_hal_tim.c.obj
 .text.TIM_TI4_SetConfig
                0x0000000008003188       0x7a CMakeFiles/lab_03_stacjonarnie.dir/Drivers/STM32L4xx_HAL_Driver/Src/stm32l4xx_hal_tim.c.obj
 .text.TIM_ITRx_SetConfig
                0x0000000008003202       0x36 CMakeFiles/lab_03_stacjonarnie.dir/Drivers/STM32L4xx_HAL_Driver/Src/stm32l4xx_hal_tim.c.obj
 .text.TIM_ETR_SetConfig
                0x0000000008003238       0x40 CMakeFiles/lab_03_stacjonarnie.dir/Drivers/STM32L4xx_HAL_Driver/Src/stm32l4xx_hal_tim.c.obj
                0x0000000008003238                TIM_ETR_SetConfig
 .text.TIM_CCxChannelCmd
                0x0000000008003278       0x4a CMakeFiles/lab_03_stacjonarnie.dir/Drivers/STM32L4xx_HAL_Driver/Src/stm32l4xx_hal_tim.c.obj
                0x0000000008003278                TIM_CCxChannelCmd
 *fill*         0x00000000080032c2        0x2 
 .text.HAL_TIMEx_MasterConfigSynchronization
                0x00000000080032c4      0x110 CMakeFiles/lab_03_stacjonarnie.dir/Drivers/STM32L4xx_HAL_Driver/Src/stm32l4xx_hal_tim_ex.c.obj
                0x00000000080032c4                HAL_TIMEx_MasterConfigSynchronization
 .text.HAL_TIMEx_CommutCallback
                0x00000000080033d4       0x14 CMakeFiles/lab_03_stacjonarnie.dir/Drivers/STM32L4xx_HAL_Driver/Src/stm32l4xx_hal_tim_ex.c.obj
                0x00000000080033d4                HAL_TIMEx_CommutCallback
 .text.HAL_TIMEx_BreakCallback
                0x00000000080033e8       0x14 CMakeFiles/lab_03_stacjonarnie.dir/Drivers/STM32L4xx_HAL_Driver/Src/stm32l4xx_hal_tim_ex.c.obj
                0x00000000080033e8                HAL_TIMEx_BreakCallback
 .text.HAL_TIMEx_Break2Callback
                0x00000000080033fc       0x14 CMakeFiles/lab_03_stacjonarnie.dir/Drivers/STM32L4xx_HAL_Driver/Src/stm32l4xx_hal_tim_ex.c.obj
                0x00000000080033fc                HAL_TIMEx_Break2Callback
 .text.HAL_Init
                0x0000000008003410       0x40 CMakeFiles/lab_03_stacjonarnie.dir/Drivers/STM32L4xx_HAL_Driver/Src/stm32l4xx_hal.c.obj
                0x0000000008003410                HAL_Init
 .text.HAL_InitTick
                0x0000000008003450       0x78 CMakeFiles/lab_03_stacjonarnie.dir/Drivers/STM32L4xx_HAL_Driver/Src/stm32l4xx_hal.c.obj
                0x0000000008003450                HAL_InitTick
 .text.HAL_IncTick
                0x00000000080034c8       0x28 CMakeFiles/lab_03_stacjonarnie.dir/Drivers/STM32L4xx_HAL_Driver/Src/stm32l4xx_hal.c.obj
                0x00000000080034c8                HAL_IncTick
 .text.HAL_GetTick
                0x00000000080034f0       0x18 CMakeFiles/lab_03_stacjonarnie.dir/Drivers/STM32L4xx_HAL_Driver/Src/stm32l4xx_hal.c.obj
                0x00000000080034f0                HAL_GetTick
 .text.HAL_Delay
                0x0000000008003508       0x48 CMakeFiles/lab_03_stacjonarnie.dir/Drivers/STM32L4xx_HAL_Driver/Src/stm32l4xx_hal.c.obj
                0x0000000008003508                HAL_Delay
 .text.HAL_RCC_OscConfig
                0x0000000008003550      0x7b8 CMakeFiles/lab_03_stacjonarnie.dir/Drivers/STM32L4xx_HAL_Driver/Src/stm32l4xx_hal_rcc.c.obj
                0x0000000008003550                HAL_RCC_OscConfig
 .text.HAL_RCC_ClockConfig
                0x0000000008003d08      0x200 CMakeFiles/lab_03_stacjonarnie.dir/Drivers/STM32L4xx_HAL_Driver/Src/stm32l4xx_hal_rcc.c.obj
                0x0000000008003d08                HAL_RCC_ClockConfig
 .text.HAL_RCC_GetSysClockFreq
                0x0000000008003f08      0x118 CMakeFiles/lab_03_stacjonarnie.dir/Drivers/STM32L4xx_HAL_Driver/Src/stm32l4xx_hal_rcc.c.obj
                0x0000000008003f08                HAL_RCC_GetSysClockFreq
 .text.HAL_RCC_GetHCLKFreq
                0x0000000008004020       0x18 CMakeFiles/lab_03_stacjonarnie.dir/Drivers/STM32L4xx_HAL_Driver/Src/stm32l4xx_hal_rcc.c.obj
                0x0000000008004020                HAL_RCC_GetHCLKFreq
 .text.HAL_RCC_GetPCLK1Freq
                0x0000000008004038       0x2c CMakeFiles/lab_03_stacjonarnie.dir/Drivers/STM32L4xx_HAL_Driver/Src/stm32l4xx_hal_rcc.c.obj
                0x0000000008004038                HAL_RCC_GetPCLK1Freq
 .text.HAL_RCC_GetPCLK2Freq
                0x0000000008004064       0x2c CMakeFiles/lab_03_stacjonarnie.dir/Drivers/STM32L4xx_HAL_Driver/Src/stm32l4xx_hal_rcc.c.obj
                0x0000000008004064                HAL_RCC_GetPCLK2Freq
 .text.RCC_SetFlashLatencyFromMSIRange
                0x0000000008004090       0xc0 CMakeFiles/lab_03_stacjonarnie.dir/Drivers/STM32L4xx_HAL_Driver/Src/stm32l4xx_hal_rcc.c.obj
 .text.HAL_RCCEx_PeriphCLKConfig
                0x0000000008004150      0x5d4 CMakeFiles/lab_03_stacjonarnie.dir/Drivers/STM32L4xx_HAL_Driver/Src/stm32l4xx_hal_rcc_ex.c.obj
                0x0000000008004150                HAL_RCCEx_PeriphCLKConfig
 .text.RCCEx_PLLSAI1_Config
                0x0000000008004724      0x1e8 CMakeFiles/lab_03_stacjonarnie.dir/Drivers/STM32L4xx_HAL_Driver/Src/stm32l4xx_hal_rcc_ex.c.obj
 .text.RCCEx_PLLSAI2_Config
                0x000000000800490c      0x1bc CMakeFiles/lab_03_stacjonarnie.dir/Drivers/STM32L4xx_HAL_Driver/Src/stm32l4xx_hal_rcc_ex.c.obj
 .text.HAL_GPIO_Init
                0x0000000008004ac8      0x354 CMakeFiles/lab_03_stacjonarnie.dir/Drivers/STM32L4xx_HAL_Driver/Src/stm32l4xx_hal_gpio.c.obj
                0x0000000008004ac8                HAL_GPIO_Init
 .text.HAL_GPIO_WritePin
                0x0000000008004e1c       0x30 CMakeFiles/lab_03_stacjonarnie.dir/Drivers/STM32L4xx_HAL_Driver/Src/stm32l4xx_hal_gpio.c.obj
                0x0000000008004e1c                HAL_GPIO_WritePin
 .text.HAL_GPIO_TogglePin
                0x0000000008004e4c       0x34 CMakeFiles/lab_03_stacjonarnie.dir/Drivers/STM32L4xx_HAL_Driver/Src/stm32l4xx_hal_gpio.c.obj
                0x0000000008004e4c                HAL_GPIO_TogglePin
 .text.HAL_PWREx_GetVoltageRange
                0x0000000008004e80       0x1c CMakeFiles/lab_03_stacjonarnie.dir/Drivers/STM32L4xx_HAL_Driver/Src/stm32l4xx_hal_pwr_ex.c.obj
                0x0000000008004e80                HAL_PWREx_GetVoltageRange
 .text.HAL_PWREx_ControlVoltageScaling
                0x0000000008004e9c       0xac CMakeFiles/lab_03_stacjonarnie.dir/Drivers/STM32L4xx_HAL_Driver/Src/stm32l4xx_hal_pwr_ex.c.obj
                0x0000000008004e9c                HAL_PWREx_ControlVoltageScaling
 .text.__NVIC_SetPriorityGrouping
                0x0000000008004f48       0x48 CMakeFiles/lab_03_stacjonarnie.dir/Drivers/STM32L4xx_HAL_Driver/Src/stm32l4xx_hal_cortex.c.obj
 .text.__NVIC_GetPriorityGrouping
                0x0000000008004f90       0x1c CMakeFiles/lab_03_stacjonarnie.dir/Drivers/STM32L4xx_HAL_Driver/Src/stm32l4xx_hal_cortex.c.obj
 .text.__NVIC_EnableIRQ
                0x0000000008004fac       0x3c CMakeFiles/lab_03_stacjonarnie.dir/Drivers/STM32L4xx_HAL_Driver/Src/stm32l4xx_hal_cortex.c.obj
 .text.__NVIC_SetPriority
                0x0000000008004fe8       0x54 CMakeFiles/lab_03_stacjonarnie.dir/Drivers/STM32L4xx_HAL_Driver/Src/stm32l4xx_hal_cortex.c.obj
 .text.NVIC_EncodePriority
                0x000000000800503c       0x66 CMakeFiles/lab_03_stacjonarnie.dir/Drivers/STM32L4xx_HAL_Driver/Src/stm32l4xx_hal_cortex.c.obj
 *fill*         0x00000000080050a2        0x2 
 .text.SysTick_Config
                0x00000000080050a4       0x44 CMakeFiles/lab_03_stacjonarnie.dir/Drivers/STM32L4xx_HAL_Driver/Src/stm32l4xx_hal_cortex.c.obj
 .text.HAL_NVIC_SetPriorityGrouping
                0x00000000080050e8       0x16 CMakeFiles/lab_03_stacjonarnie.dir/Drivers/STM32L4xx_HAL_Driver/Src/stm32l4xx_hal_cortex.c.obj
                0x00000000080050e8                HAL_NVIC_SetPriorityGrouping
 .text.HAL_NVIC_SetPriority
                0x00000000080050fe       0x38 CMakeFiles/lab_03_stacjonarnie.dir/Drivers/STM32L4xx_HAL_Driver/Src/stm32l4xx_hal_cortex.c.obj
                0x00000000080050fe                HAL_NVIC_SetPriority
 .text.HAL_NVIC_EnableIRQ
                0x0000000008005136       0x1c CMakeFiles/lab_03_stacjonarnie.dir/Drivers/STM32L4xx_HAL_Driver/Src/stm32l4xx_hal_cortex.c.obj
                0x0000000008005136                HAL_NVIC_EnableIRQ
 .text.HAL_SYSTICK_Config
                0x0000000008005152       0x18 CMakeFiles/lab_03_stacjonarnie.dir/Drivers/STM32L4xx_HAL_Driver/Src/stm32l4xx_hal_cortex.c.obj
                0x0000000008005152                HAL_SYSTICK_Config
 .text.HAL_UART_Init
                0x000000000800516a       0x9c CMakeFiles/lab_03_stacjonarnie.dir/Drivers/STM32L4xx_HAL_Driver/Src/stm32l4xx_hal_uart.c.obj
                0x000000000800516a                HAL_UART_Init
 .text.HAL_UART_Transmit
                0x0000000008005206      0x114 CMakeFiles/lab_03_stacjonarnie.dir/Drivers/STM32L4xx_HAL_Driver/Src/stm32l4xx_hal_uart.c.obj
                0x0000000008005206                HAL_UART_Transmit
 *fill*         0x000000000800531a        0x2 
 .text.UART_SetConfig
                0x000000000800531c      0x570 CMakeFiles/lab_03_stacjonarnie.dir/Drivers/STM32L4xx_HAL_Driver/Src/stm32l4xx_hal_uart.c.obj
                0x000000000800531c                UART_SetConfig
 .text.UART_AdvFeatureConfig
                0x000000000800588c      0x144 CMakeFiles/lab_03_stacjonarnie.dir/Drivers/STM32L4xx_HAL_Driver/Src/stm32l4xx_hal_uart.c.obj
                0x000000000800588c                UART_AdvFeatureConfig
 .text.UART_CheckIdleState
                0x00000000080059d0      0x150 CMakeFiles/lab_03_stacjonarnie.dir/Drivers/STM32L4xx_HAL_Driver/Src/stm32l4xx_hal_uart.c.obj
                0x00000000080059d0                UART_CheckIdleState
 .text.UART_WaitOnFlagUntilTimeout
                0x0000000008005b20       0xda CMakeFiles/lab_03_stacjonarnie.dir/Drivers/STM32L4xx_HAL_Driver/Src/stm32l4xx_hal_uart.c.obj
                0x0000000008005b20                UART_WaitOnFlagUntilTimeout
 .text.UART_EndRxTransfer
                0x0000000008005bfa       0xc8 CMakeFiles/lab_03_stacjonarnie.dir/Drivers/STM32L4xx_HAL_Driver/Src/stm32l4xx_hal_uart.c.obj
 *fill*         0x0000000008005cc2        0x2 
 .text.SystemInit
                0x0000000008005cc4       0x24 CMakeFiles/lab_03_stacjonarnie.dir/Core/Src/system_stm32l4xx.c.obj
                0x0000000008005cc4                SystemInit
 .text._sbrk    0x0000000008005ce8       0x6c CMakeFiles/lab_03_stacjonarnie.dir/Core/Src/sysmem.c.obj
                0x0000000008005ce8                _sbrk
 .text._read    0x0000000008005d54       0x3a CMakeFiles/lab_03_stacjonarnie.dir/Core/Src/syscalls.c.obj
                0x0000000008005d54                _read
 .text._close   0x0000000008005d8e       0x18 CMakeFiles/lab_03_stacjonarnie.dir/Core/Src/syscalls.c.obj
                0x0000000008005d8e                _close
 .text._fstat   0x0000000008005da6       0x20 CMakeFiles/lab_03_stacjonarnie.dir/Core/Src/syscalls.c.obj
                0x0000000008005da6                _fstat
 .text._isatty  0x0000000008005dc6       0x16 CMakeFiles/lab_03_stacjonarnie.dir/Core/Src/syscalls.c.obj
                0x0000000008005dc6                _isatty
 .text._lseek   0x0000000008005ddc       0x1a CMakeFiles/lab_03_stacjonarnie.dir/Core/Src/syscalls.c.obj
                0x0000000008005ddc                _lseek
 *fill*         0x0000000008005df6        0x2 
 .text.Reset_Handler
                0x0000000008005df8       0x50 CMakeFiles/lab_03_stacjonarnie.dir/startup_stm32l476xx.s.obj
                0x0000000008005df8                Reset_Handler
 .text.Default_Handler
                0x0000000008005e48        0x2 CMakeFiles/lab_03_stacjonarnie.dir/startup_stm32l476xx.s.obj
                0x0000000008005e48                RTC_Alarm_IRQHandler
                0x0000000008005e48                EXTI2_IRQHandler
                0x0000000008005e48                TIM8_TRG_COM_IRQHandler
                0x0000000008005e48                TIM8_CC_IRQHandler
                0x0000000008005e48                TIM1_CC_IRQHandler
                0x0000000008005e48                TSC_IRQHandler
                0x0000000008005e48                TAMP_STAMP_IRQHandler
                0x0000000008005e48                EXTI3_IRQHandler
                0x0000000008005e48                LPTIM2_IRQHandler
                0x0000000008005e48                DFSDM1_FLT1_IRQHandler
                0x0000000008005e48                I2C3_ER_IRQHandler
                0x0000000008005e48                DFSDM1_FLT2_IRQHandler
                0x0000000008005e48                EXTI0_IRQHandler
                0x0000000008005e48                I2C2_EV_IRQHandler
                0x0000000008005e48                CAN1_RX0_IRQHandler
                0x0000000008005e48                FPU_IRQHandler
                0x0000000008005e48                TIM1_UP_TIM16_IRQHandler
                0x0000000008005e48                ADC1_2_IRQHandler
                0x0000000008005e48                SPI1_IRQHandler
                0x0000000008005e48                TIM6_DAC_IRQHandler
                0x0000000008005e48                TIM8_UP_IRQHandler
                0x0000000008005e48                DMA2_Channel2_IRQHandler
                0x0000000008005e48                DMA1_Channel4_IRQHandler
                0x0000000008005e48                SAI2_IRQHandler
                0x0000000008005e48                DFSDM1_FLT3_IRQHandler
                0x0000000008005e48                USART3_IRQHandler
                0x0000000008005e48                DMA1_Channel7_IRQHandler
                0x0000000008005e48                CAN1_RX1_IRQHandler
                0x0000000008005e48                LCD_IRQHandler
                0x0000000008005e48                UART5_IRQHandler
                0x0000000008005e48                ADC3_IRQHandler
                0x0000000008005e48                TIM4_IRQHandler
                0x0000000008005e48                DMA2_Channel1_IRQHandler
                0x0000000008005e48                QUADSPI_IRQHandler
                0x0000000008005e48                I2C1_EV_IRQHandler
                0x0000000008005e48                DMA1_Channel6_IRQHandler
                0x0000000008005e48                UART4_IRQHandler
                0x0000000008005e48                DMA2_Channel4_IRQHandler
                0x0000000008005e48                TIM3_IRQHandler
                0x0000000008005e48                RCC_IRQHandler
                0x0000000008005e48                DMA1_Channel1_IRQHandler
                0x0000000008005e48                Default_Handler
                0x0000000008005e48                DMA2_Channel7_IRQHandler
                0x0000000008005e48                EXTI15_10_IRQHandler
                0x0000000008005e48                TIM7_IRQHandler
                0x0000000008005e48                SDMMC1_IRQHandler
                0x0000000008005e48                TIM5_IRQHandler
                0x0000000008005e48                I2C3_EV_IRQHandler
                0x0000000008005e48                EXTI9_5_IRQHandler
                0x0000000008005e48                RTC_WKUP_IRQHandler
                0x0000000008005e48                PVD_PVM_IRQHandler
                0x0000000008005e48                SPI2_IRQHandler
                0x0000000008005e48                CAN1_TX_IRQHandler
                0x0000000008005e48                DMA2_Channel5_IRQHandler
                0x0000000008005e48                DMA1_Channel5_IRQHandler
                0x0000000008005e48                EXTI4_IRQHandler
                0x0000000008005e48                RNG_IRQHandler
                0x0000000008005e48                TIM1_TRG_COM_TIM17_IRQHandler
                0x0000000008005e48                DMA1_Channel3_IRQHandler
                0x0000000008005e48                COMP_IRQHandler
                0x0000000008005e48                WWDG_IRQHandler
                0x0000000008005e48                LPUART1_IRQHandler
                0x0000000008005e48                DMA2_Channel6_IRQHandler
                0x0000000008005e48                EXTI1_IRQHandler
                0x0000000008005e48                USART2_IRQHandler
                0x0000000008005e48                DFSDM1_FLT0_IRQHandler
                0x0000000008005e48                I2C2_ER_IRQHandler
                0x0000000008005e48                DMA1_Channel2_IRQHandler
                0x0000000008005e48                TIM8_BRK_IRQHandler
                0x0000000008005e48                CAN1_SCE_IRQHandler
                0x0000000008005e48                FLASH_IRQHandler
                0x0000000008005e48                USART1_IRQHandler
                0x0000000008005e48                OTG_FS_IRQHandler
                0x0000000008005e48                SPI3_IRQHandler
                0x0000000008005e48                I2C1_ER_IRQHandler
                0x0000000008005e48                FMC_IRQHandler
                0x0000000008005e48                SWPMI1_IRQHandler
                0x0000000008005e48                LPTIM1_IRQHandler
                0x0000000008005e48                SAI1_IRQHandler
                0x0000000008005e48                DMA2_Channel3_IRQHandler
                0x0000000008005e48                TIM1_BRK_TIM15_IRQHandler
 *(.glue_7)
 .glue_7        0x0000000008005e4a        0x0 linker stubs
 *(.glue_7t)
 .glue_7t       0x0000000008005e4a        0x0 linker stubs
 *(.eh_frame)
 *fill*         0x0000000008005e4a        0x2 
 .eh_frame      0x0000000008005e4c        0x0 /usr/lib/gcc/arm-none-eabi/10.3.1/thumb/v7e-m+fp/hard/crtbegin.o
 *(.init)
 .init          0x0000000008005e4c        0x4 /usr/lib/gcc/arm-none-eabi/10.3.1/thumb/v7e-m+fp/hard/crti.o
                0x0000000008005e4c                _init
 .init          0x0000000008005e50        0x8 /usr/lib/gcc/arm-none-eabi/10.3.1/thumb/v7e-m+fp/hard/crtn.o
 *(.fini)
 .fini          0x0000000008005e58        0x4 /usr/lib/gcc/arm-none-eabi/10.3.1/thumb/v7e-m+fp/hard/crti.o
                0x0000000008005e58                _fini
 .fini          0x0000000008005e5c        0x8 /usr/lib/gcc/arm-none-eabi/10.3.1/thumb/v7e-m+fp/hard/crtn.o
                0x0000000008005e68                . = ALIGN (0x8)
 *fill*         0x0000000008005e64        0x4 
                0x0000000008005e68                _etext = .

.vfp11_veneer   0x0000000008005e68        0x0
 .vfp11_veneer  0x0000000008005e68        0x0 linker stubs

.v4_bx          0x0000000008005e68        0x0
 .v4_bx         0x0000000008005e68        0x0 linker stubs

.iplt           0x0000000008005e68        0x0
 .iplt          0x0000000008005e68        0x0 /usr/lib/gcc/arm-none-eabi/10.3.1/thumb/v7e-m+fp/hard/crtbegin.o

.rodata         0x0000000008005e68      0x110
                0x0000000008005e68                . = ALIGN (0x8)
 *(.rodata)
 .rodata        0x0000000008005e68        0x4 /usr/lib/gcc/arm-none-eabi/10.3.1/../../../arm-none-eabi/lib/thumb/v7e-m+fp/hard/libc_nano.a(lib_a-impure.o)
                0x0000000008005e68                _global_impure_ptr
 .rodata        0x0000000008005e6c       0x21 CMakeFiles/lab_03_stacjonarnie.dir/Core/Src/main.c.obj
 *fill*         0x0000000008005e8d        0x3 
 .rodata        0x0000000008005e90       0x60 /usr/lib/gcc/arm-none-eabi/10.3.1/../../../arm-none-eabi/lib/thumb/v7e-m+fp/hard/libg_nano.a(lib_a-findfp.o)
                0x0000000008005e90                __sf_fake_stderr
                0x0000000008005eb0                __sf_fake_stdout
                0x0000000008005ed0                __sf_fake_stdin
 *(.rodata*)
 .rodata.AHBPrescTable
                0x0000000008005ef0       0x10 CMakeFiles/lab_03_stacjonarnie.dir/Core/Src/system_stm32l4xx.c.obj
                0x0000000008005ef0                AHBPrescTable
 .rodata.APBPrescTable
                0x0000000008005f00        0x8 CMakeFiles/lab_03_stacjonarnie.dir/Core/Src/system_stm32l4xx.c.obj
                0x0000000008005f00                APBPrescTable
 .rodata.MSIRangeTable
                0x0000000008005f08       0x30 CMakeFiles/lab_03_stacjonarnie.dir/Core/Src/system_stm32l4xx.c.obj
                0x0000000008005f08                MSIRangeTable
 .rodata.str1.4
                0x0000000008005f38       0x13 /usr/lib/gcc/arm-none-eabi/10.3.1/../../../arm-none-eabi/lib/thumb/v7e-m+fp/hard/libg_nano.a(lib_a-nano-vfprintf.o)
 *fill*         0x0000000008005f4b        0x1 
 .rodata.str1.4
                0x0000000008005f4c       0x25 /usr/lib/gcc/arm-none-eabi/10.3.1/../../../arm-none-eabi/lib/thumb/v7e-m+fp/hard/libg_nano.a(lib_a-nano-vfprintf_i.o)
                0x0000000008005f78                . = ALIGN (0x8)
 *fill*         0x0000000008005f71        0x7 

.ARM.extab      0x0000000008005f78        0x0
                0x0000000008005f78                . = ALIGN (0x8)
 *(.ARM.extab* .gnu.linkonce.armextab.*)
                0x0000000008005f78                . = ALIGN (0x8)

.ARM            0x0000000008005f78        0x8
                0x0000000008005f78                . = ALIGN (0x8)
                0x0000000008005f78                __exidx_start = .
 *(.ARM.exidx*)
 .ARM.exidx     0x0000000008005f78        0x8 /usr/lib/gcc/arm-none-eabi/10.3.1/thumb/v7e-m+fp/hard/libgcc.a(_udivmoddi4.o)
                0x0000000008005f80                __exidx_end = .
                0x0000000008005f80                . = ALIGN (0x8)

.rel.dyn        0x0000000008005f80        0x0
 .rel.iplt      0x0000000008005f80        0x0 /usr/lib/gcc/arm-none-eabi/10.3.1/thumb/v7e-m+fp/hard/crtbegin.o

.preinit_array  0x0000000008005f80        0x0
                0x0000000008005f80                . = ALIGN (0x8)
                0x0000000008005f80                PROVIDE (__preinit_array_start = .)
 *(.preinit_array*)
                0x0000000008005f80                PROVIDE (__preinit_array_end = .)
                0x0000000008005f80                . = ALIGN (0x8)

.init_array     0x0000000008005f80        0x8
                0x0000000008005f80                . = ALIGN (0x8)
                0x0000000008005f80                PROVIDE (__init_array_start = .)
 *(SORT_BY_NAME(.init_array.*))
 *(.init_array*)
 .init_array    0x0000000008005f80        0x4 /usr/lib/gcc/arm-none-eabi/10.3.1/thumb/v7e-m+fp/hard/crtbegin.o
                0x0000000008005f84                PROVIDE (__init_array_end = .)
                0x0000000008005f88                . = ALIGN (0x8)
 *fill*         0x0000000008005f84        0x4 

.fini_array     0x0000000008005f88        0x8
                0x0000000008005f88                . = ALIGN (0x8)
                0x0000000008005f88                PROVIDE (__fini_array_start = .)
 *(SORT_BY_NAME(.fini_array.*))
 *(.fini_array*)
 .fini_array    0x0000000008005f88        0x4 /usr/lib/gcc/arm-none-eabi/10.3.1/thumb/v7e-m+fp/hard/crtbegin.o
                0x0000000008005f8c                PROVIDE (__fini_array_end = .)
                0x0000000008005f90                . = ALIGN (0x8)
 *fill*         0x0000000008005f8c        0x4 
                0x0000000008005f90                _sidata = LOADADDR (.data)

.data           0x0000000020000000       0x70 load address 0x0000000008005f90
                0x0000000020000000                . = ALIGN (0x8)
                0x0000000020000000                _sdata = .
 *(.data)
 .data          0x0000000020000000       0x64 /usr/lib/gcc/arm-none-eabi/10.3.1/../../../arm-none-eabi/lib/thumb/v7e-m+fp/hard/libc_nano.a(lib_a-impure.o)
                0x0000000020000000                _impure_ptr
 *(.data*)
 .data.uwTickPrio
                0x0000000020000064        0x4 CMakeFiles/lab_03_stacjonarnie.dir/Drivers/STM32L4xx_HAL_Driver/Src/stm32l4xx_hal.c.obj
                0x0000000020000064                uwTickPrio
 .data.uwTickFreq
                0x0000000020000068        0x1 CMakeFiles/lab_03_stacjonarnie.dir/Drivers/STM32L4xx_HAL_Driver/Src/stm32l4xx_hal.c.obj
                0x0000000020000068                uwTickFreq
 *fill*         0x0000000020000069        0x3 
 .data.SystemCoreClock
                0x000000002000006c        0x4 CMakeFiles/lab_03_stacjonarnie.dir/Core/Src/system_stm32l4xx.c.obj
                0x000000002000006c                SystemCoreClock
                0x0000000020000070                . = ALIGN (0x8)
                0x0000000020000070                _edata = .

.tm_clone_table
                0x0000000020000070        0x0 load address 0x0000000008006000
 .tm_clone_table
                0x0000000020000070        0x0 /usr/lib/gcc/arm-none-eabi/10.3.1/thumb/v7e-m+fp/hard/crtbegin.o
 .tm_clone_table
                0x0000000020000070        0x0 /usr/lib/gcc/arm-none-eabi/10.3.1/thumb/v7e-m+fp/hard/crtend.o

.igot.plt       0x0000000020000070        0x0 load address 0x0000000008006000
 .igot.plt      0x0000000020000070        0x0 /usr/lib/gcc/arm-none-eabi/10.3.1/thumb/v7e-m+fp/hard/crtbegin.o
                0x0000000020000070                . = ALIGN (0x4)

.bss            0x0000000020000070      0x158 load address 0x0000000008006000
                0x0000000020000070                _sbss = .
                0x0000000020000070                __bss_start__ = _sbss
 *(.bss)
 .bss           0x0000000020000070       0x1c /usr/lib/gcc/arm-none-eabi/10.3.1/thumb/v7e-m+fp/hard/crtbegin.o
 .bss           0x000000002000008c        0x8 /usr/lib/gcc/arm-none-eabi/10.3.1/../../../arm-none-eabi/lib/thumb/v7e-m+fp/hard/libg_nano.a(lib_a-nano-mallocr.o)
                0x000000002000008c                __malloc_free_list
                0x0000000020000090                __malloc_sbrk_start
 .bss           0x0000000020000094        0x4 /usr/lib/gcc/arm-none-eabi/10.3.1/../../../arm-none-eabi/lib/thumb/v7e-m+fp/hard/libg_nano.a(lib_a-reent.o)
                0x0000000020000094                errno
 *(.bss*)
 .bss.flag      0x0000000020000098        0x4 CMakeFiles/lab_03_stacjonarnie.dir/Core/Src/main.c.obj
                0x0000000020000098                flag
 .bss.period    0x000000002000009c        0x4 CMakeFiles/lab_03_stacjonarnie.dir/Core/Src/main.c.obj
                0x000000002000009c                period
 .bss.htim2     0x00000000200000a0       0x4c CMakeFiles/lab_03_stacjonarnie.dir/Core/Src/tim.c.obj
                0x00000000200000a0                htim2
 .bss.htim5     0x00000000200000ec       0x4c CMakeFiles/lab_03_stacjonarnie.dir/Core/Src/tim.c.obj
                0x00000000200000ec                htim5
 .bss.huart2    0x0000000020000138       0x88 CMakeFiles/lab_03_stacjonarnie.dir/Core/Src/usart.c.obj
                0x0000000020000138                huart2
 .bss.uwTick    0x00000000200001c0        0x4 CMakeFiles/lab_03_stacjonarnie.dir/Drivers/STM32L4xx_HAL_Driver/Src/stm32l4xx_hal.c.obj
                0x00000000200001c0                uwTick
 .bss.__sbrk_heap_end
                0x00000000200001c4        0x4 CMakeFiles/lab_03_stacjonarnie.dir/Core/Src/sysmem.c.obj
 *(COMMON)
                0x00000000200001c8                . = ALIGN (0x4)
                0x00000000200001c8                _ebss = .
                0x00000000200001c8                __bss_end__ = _ebss

._user_heap_stack
                0x00000000200001c8      0x600 load address 0x0000000008006000
                0x00000000200001c8                . = ALIGN (0x8)
                [!provide]                        PROVIDE (end = .)
                0x00000000200001c8                PROVIDE (_end = .)
                0x00000000200003c8                . = (. + _Min_Heap_Size)
 *fill*         0x00000000200001c8      0x200 
                0x00000000200007c8                . = (. + _Min_Stack_Size)
 *fill*         0x00000000200003c8      0x400 
                0x00000000200007c8                . = ALIGN (0x8)

/DISCARD/
 libc.a(*)
 libm.a(*)
 libgcc.a(*)

.ARM.attributes
                0x0000000000000000       0x30
 *(.ARM.attributes)
 .ARM.attributes
                0x0000000000000000       0x1e /usr/lib/gcc/arm-none-eabi/10.3.1/thumb/v7e-m+fp/hard/crti.o
 .ARM.attributes
                0x000000000000001e       0x34 /usr/lib/gcc/arm-none-eabi/10.3.1/thumb/v7e-m+fp/hard/crtbegin.o
 .ARM.attributes
                0x0000000000000052       0x32 /usr/lib/gcc/arm-none-eabi/10.3.1/../../../arm-none-eabi/lib/thumb/v7e-m+fp/hard/libc_nano.a(lib_a-impure.o)
 .ARM.attributes
                0x0000000000000084       0x34 /usr/lib/gcc/arm-none-eabi/10.3.1/../../../arm-none-eabi/lib/thumb/v7e-m+fp/hard/libc_nano.a(lib_a-init.o)
 .ARM.attributes
                0x00000000000000b8       0x34 /usr/lib/gcc/arm-none-eabi/10.3.1/../../../arm-none-eabi/lib/thumb/v7e-m+fp/hard/libc_nano.a(lib_a-memset.o)
 .ARM.attributes
                0x00000000000000ec       0x34 CMakeFiles/lab_03_stacjonarnie.dir/Core/Src/main.c.obj
 .ARM.attributes
                0x0000000000000120       0x34 CMakeFiles/lab_03_stacjonarnie.dir/Core/Src/gpio.c.obj
 .ARM.attributes
                0x0000000000000154       0x34 CMakeFiles/lab_03_stacjonarnie.dir/Core/Src/tim.c.obj
 .ARM.attributes
                0x0000000000000188       0x34 CMakeFiles/lab_03_stacjonarnie.dir/Core/Src/usart.c.obj
 .ARM.attributes
                0x00000000000001bc       0x34 CMakeFiles/lab_03_stacjonarnie.dir/Core/Src/stm32l4xx_it.c.obj
 .ARM.attributes
                0x00000000000001f0       0x34 CMakeFiles/lab_03_stacjonarnie.dir/Core/Src/stm32l4xx_hal_msp.c.obj
 .ARM.attributes
                0x0000000000000224       0x34 CMakeFiles/lab_03_stacjonarnie.dir/Drivers/STM32L4xx_HAL_Driver/Src/stm32l4xx_hal_tim.c.obj
 .ARM.attributes
                0x0000000000000258       0x34 CMakeFiles/lab_03_stacjonarnie.dir/Drivers/STM32L4xx_HAL_Driver/Src/stm32l4xx_hal_tim_ex.c.obj
 .ARM.attributes
                0x000000000000028c       0x34 CMakeFiles/lab_03_stacjonarnie.dir/Drivers/STM32L4xx_HAL_Driver/Src/stm32l4xx_hal.c.obj
 .ARM.attributes
                0x00000000000002c0       0x34 CMakeFiles/lab_03_stacjonarnie.dir/Drivers/STM32L4xx_HAL_Driver/Src/stm32l4xx_hal_rcc.c.obj
 .ARM.attributes
                0x00000000000002f4       0x34 CMakeFiles/lab_03_stacjonarnie.dir/Drivers/STM32L4xx_HAL_Driver/Src/stm32l4xx_hal_rcc_ex.c.obj
 .ARM.attributes
                0x0000000000000328       0x34 CMakeFiles/lab_03_stacjonarnie.dir/Drivers/STM32L4xx_HAL_Driver/Src/stm32l4xx_hal_gpio.c.obj
 .ARM.attributes
                0x000000000000035c       0x34 CMakeFiles/lab_03_stacjonarnie.dir/Drivers/STM32L4xx_HAL_Driver/Src/stm32l4xx_hal_pwr_ex.c.obj
 .ARM.attributes
                0x0000000000000390       0x34 CMakeFiles/lab_03_stacjonarnie.dir/Drivers/STM32L4xx_HAL_Driver/Src/stm32l4xx_hal_cortex.c.obj
 .ARM.attributes
                0x00000000000003c4       0x34 CMakeFiles/lab_03_stacjonarnie.dir/Drivers/STM32L4xx_HAL_Driver/Src/stm32l4xx_hal_uart.c.obj
 .ARM.attributes
                0x00000000000003f8       0x34 CMakeFiles/lab_03_stacjonarnie.dir/Core/Src/system_stm32l4xx.c.obj
 .ARM.attributes
                0x000000000000042c       0x34 CMakeFiles/lab_03_stacjonarnie.dir/Core/Src/sysmem.c.obj
 .ARM.attributes
                0x0000000000000460       0x34 CMakeFiles/lab_03_stacjonarnie.dir/Core/Src/syscalls.c.obj
 .ARM.attributes
                0x0000000000000494       0x21 CMakeFiles/lab_03_stacjonarnie.dir/startup_stm32l476xx.s.obj
 .ARM.attributes
                0x00000000000004b5       0x1e /usr/lib/gcc/arm-none-eabi/10.3.1/thumb/v7e-m+fp/hard/libgcc.a(_aeabi_uldivmod.o)
 .ARM.attributes
                0x00000000000004d3       0x34 /usr/lib/gcc/arm-none-eabi/10.3.1/thumb/v7e-m+fp/hard/libgcc.a(_udivmoddi4.o)
 .ARM.attributes
                0x0000000000000507       0x1e /usr/lib/gcc/arm-none-eabi/10.3.1/thumb/v7e-m+fp/hard/libgcc.a(_dvmd_tls.o)
 .ARM.attributes
                0x0000000000000525       0x34 /usr/lib/gcc/arm-none-eabi/10.3.1/../../../arm-none-eabi/lib/thumb/v7e-m+fp/hard/libg_nano.a(lib_a-errno.o)
 .ARM.attributes
                0x0000000000000559       0x34 /usr/lib/gcc/arm-none-eabi/10.3.1/../../../arm-none-eabi/lib/thumb/v7e-m+fp/hard/libg_nano.a(lib_a-printf.o)
 .ARM.attributes
                0x000000000000058d       0x34 /usr/lib/gcc/arm-none-eabi/10.3.1/../../../arm-none-eabi/lib/thumb/v7e-m+fp/hard/libg_nano.a(lib_a-findfp.o)
 .ARM.attributes
                0x00000000000005c1       0x34 /usr/lib/gcc/arm-none-eabi/10.3.1/../../../arm-none-eabi/lib/thumb/v7e-m+fp/hard/libg_nano.a(lib_a-fwalk.o)
 .ARM.attributes
                0x00000000000005f5       0x34 /usr/lib/gcc/arm-none-eabi/10.3.1/../../../arm-none-eabi/lib/thumb/v7e-m+fp/hard/libg_nano.a(lib_a-nano-mallocr.o)
 .ARM.attributes
                0x0000000000000629       0x34 /usr/lib/gcc/arm-none-eabi/10.3.1/../../../arm-none-eabi/lib/thumb/v7e-m+fp/hard/libg_nano.a(lib_a-nano-vfprintf.o)
 .ARM.attributes
                0x000000000000065d       0x34 /usr/lib/gcc/arm-none-eabi/10.3.1/../../../arm-none-eabi/lib/thumb/v7e-m+fp/hard/libg_nano.a(lib_a-nano-vfprintf_i.o)
 .ARM.attributes
                0x0000000000000691       0x34 /usr/lib/gcc/arm-none-eabi/10.3.1/../../../arm-none-eabi/lib/thumb/v7e-m+fp/hard/libg_nano.a(lib_a-sbrkr.o)
 .ARM.attributes
                0x00000000000006c5       0x34 /usr/lib/gcc/arm-none-eabi/10.3.1/../../../arm-none-eabi/lib/thumb/v7e-m+fp/hard/libg_nano.a(lib_a-stdio.o)
 .ARM.attributes
                0x00000000000006f9       0x34 /usr/lib/gcc/arm-none-eabi/10.3.1/../../../arm-none-eabi/lib/thumb/v7e-m+fp/hard/libg_nano.a(lib_a-wbuf.o)
 .ARM.attributes
                0x000000000000072d       0x34 /usr/lib/gcc/arm-none-eabi/10.3.1/../../../arm-none-eabi/lib/thumb/v7e-m+fp/hard/libg_nano.a(lib_a-writer.o)
 .ARM.attributes
                0x0000000000000761       0x34 /usr/lib/gcc/arm-none-eabi/10.3.1/../../../arm-none-eabi/lib/thumb/v7e-m+fp/hard/libg_nano.a(lib_a-wsetup.o)
 .ARM.attributes
                0x0000000000000795       0x34 /usr/lib/gcc/arm-none-eabi/10.3.1/../../../arm-none-eabi/lib/thumb/v7e-m+fp/hard/libg_nano.a(lib_a-closer.o)
 .ARM.attributes
                0x00000000000007c9       0x34 /usr/lib/gcc/arm-none-eabi/10.3.1/../../../arm-none-eabi/lib/thumb/v7e-m+fp/hard/libg_nano.a(lib_a-fflush.o)
 .ARM.attributes
                0x00000000000007fd       0x34 /usr/lib/gcc/arm-none-eabi/10.3.1/../../../arm-none-eabi/lib/thumb/v7e-m+fp/hard/libg_nano.a(lib_a-fvwrite.o)
 .ARM.attributes
                0x0000000000000831       0x34 /usr/lib/gcc/arm-none-eabi/10.3.1/../../../arm-none-eabi/lib/thumb/v7e-m+fp/hard/libg_nano.a(lib_a-lseekr.o)
 .ARM.attributes
                0x0000000000000865       0x34 /usr/lib/gcc/arm-none-eabi/10.3.1/../../../arm-none-eabi/lib/thumb/v7e-m+fp/hard/libg_nano.a(lib_a-makebuf.o)
 .ARM.attributes
                0x0000000000000899       0x1c /usr/lib/gcc/arm-none-eabi/10.3.1/../../../arm-none-eabi/lib/thumb/v7e-m+fp/hard/libg_nano.a(lib_a-memchr.o)
 .ARM.attributes
                0x00000000000008b5       0x1c /usr/lib/gcc/arm-none-eabi/10.3.1/../../../arm-none-eabi/lib/thumb/v7e-m+fp/hard/libg_nano.a(lib_a-memcpy.o)
 .ARM.attributes
                0x00000000000008d1       0x34 /usr/lib/gcc/arm-none-eabi/10.3.1/../../../arm-none-eabi/lib/thumb/v7e-m+fp/hard/libg_nano.a(lib_a-memmove.o)
 .ARM.attributes
                0x0000000000000905       0x34 /usr/lib/gcc/arm-none-eabi/10.3.1/../../../arm-none-eabi/lib/thumb/v7e-m+fp/hard/libg_nano.a(lib_a-mlock.o)
 .ARM.attributes
                0x0000000000000939       0x34 /usr/lib/gcc/arm-none-eabi/10.3.1/../../../arm-none-eabi/lib/thumb/v7e-m+fp/hard/libg_nano.a(lib_a-nano-freer.o)
 .ARM.attributes
                0x000000000000096d       0x34 /usr/lib/gcc/arm-none-eabi/10.3.1/../../../arm-none-eabi/lib/thumb/v7e-m+fp/hard/libg_nano.a(lib_a-nano-reallocr.o)
 .ARM.attributes
                0x00000000000009a1       0x34 /usr/lib/gcc/arm-none-eabi/10.3.1/../../../arm-none-eabi/lib/thumb/v7e-m+fp/hard/libg_nano.a(lib_a-readr.o)
 .ARM.attributes
                0x00000000000009d5       0x34 /usr/lib/gcc/arm-none-eabi/10.3.1/../../../arm-none-eabi/lib/thumb/v7e-m+fp/hard/libg_nano.a(lib_a-reent.o)
 .ARM.attributes
                0x0000000000000a09       0x34 /usr/lib/gcc/arm-none-eabi/10.3.1/../../../arm-none-eabi/lib/thumb/v7e-m+fp/hard/libg_nano.a(lib_a-fstatr.o)
 .ARM.attributes
                0x0000000000000a3d       0x34 /usr/lib/gcc/arm-none-eabi/10.3.1/../../../arm-none-eabi/lib/thumb/v7e-m+fp/hard/libg_nano.a(lib_a-isattyr.o)
 .ARM.attributes
                0x0000000000000a71       0x34 /usr/lib/gcc/arm-none-eabi/10.3.1/../../../arm-none-eabi/lib/thumb/v7e-m+fp/hard/libg_nano.a(lib_a-nano-msizer.o)
 .ARM.attributes
                0x0000000000000aa5       0x32 /usr/lib/gcc/arm-none-eabi/10.3.1/thumb/v7e-m+fp/hard/crtend.o
 .ARM.attributes
                0x0000000000000ad7       0x1e /usr/lib/gcc/arm-none-eabi/10.3.1/thumb/v7e-m+fp/hard/crtn.o
OUTPUT(lab_03_stacjonarnie.elf elf32-littlearm)
LOAD linker stubs
LOAD /usr/lib/gcc/arm-none-eabi/10.3.1/../../../arm-none-eabi/lib/thumb/v7e-m+fp/hard/libc.a
LOAD /usr/lib/gcc/arm-none-eabi/10.3.1/../../../arm-none-eabi/lib/thumb/v7e-m+fp/hard/libm.a
LOAD /usr/lib/gcc/arm-none-eabi/10.3.1/thumb/v7e-m+fp/hard/libgcc.a

.comment        0x0000000000000000       0x33
 .comment       0x0000000000000000       0x33 /usr/lib/gcc/arm-none-eabi/10.3.1/thumb/v7e-m+fp/hard/crtbegin.o
                                         0x34 (size before relaxing)
 .comment       0x0000000000000033       0x34 /usr/lib/gcc/arm-none-eabi/10.3.1/../../../arm-none-eabi/lib/thumb/v7e-m+fp/hard/libc_nano.a(lib_a-impure.o)
 .comment       0x0000000000000033       0x34 /usr/lib/gcc/arm-none-eabi/10.3.1/../../../arm-none-eabi/lib/thumb/v7e-m+fp/hard/libc_nano.a(lib_a-init.o)
 .comment       0x0000000000000033       0x34 /usr/lib/gcc/arm-none-eabi/10.3.1/../../../arm-none-eabi/lib/thumb/v7e-m+fp/hard/libc_nano.a(lib_a-memset.o)
 .comment       0x0000000000000033       0x34 CMakeFiles/lab_03_stacjonarnie.dir/Core/Src/main.c.obj
 .comment       0x0000000000000033       0x34 CMakeFiles/lab_03_stacjonarnie.dir/Core/Src/gpio.c.obj
 .comment       0x0000000000000033       0x34 CMakeFiles/lab_03_stacjonarnie.dir/Core/Src/tim.c.obj
 .comment       0x0000000000000033       0x34 CMakeFiles/lab_03_stacjonarnie.dir/Core/Src/usart.c.obj
 .comment       0x0000000000000033       0x34 CMakeFiles/lab_03_stacjonarnie.dir/Core/Src/stm32l4xx_it.c.obj
 .comment       0x0000000000000033       0x34 CMakeFiles/lab_03_stacjonarnie.dir/Core/Src/stm32l4xx_hal_msp.c.obj
 .comment       0x0000000000000033       0x34 CMakeFiles/lab_03_stacjonarnie.dir/Drivers/STM32L4xx_HAL_Driver/Src/stm32l4xx_hal_tim.c.obj
 .comment       0x0000000000000033       0x34 CMakeFiles/lab_03_stacjonarnie.dir/Drivers/STM32L4xx_HAL_Driver/Src/stm32l4xx_hal_tim_ex.c.obj
 .comment       0x0000000000000033       0x34 CMakeFiles/lab_03_stacjonarnie.dir/Drivers/STM32L4xx_HAL_Driver/Src/stm32l4xx_hal.c.obj
 .comment       0x0000000000000033       0x34 CMakeFiles/lab_03_stacjonarnie.dir/Drivers/STM32L4xx_HAL_Driver/Src/stm32l4xx_hal_rcc.c.obj
 .comment       0x0000000000000033       0x34 CMakeFiles/lab_03_stacjonarnie.dir/Drivers/STM32L4xx_HAL_Driver/Src/stm32l4xx_hal_rcc_ex.c.obj
 .comment       0x0000000000000033       0x34 CMakeFiles/lab_03_stacjonarnie.dir/Drivers/STM32L4xx_HAL_Driver/Src/stm32l4xx_hal_gpio.c.obj
 .comment       0x0000000000000033       0x34 CMakeFiles/lab_03_stacjonarnie.dir/Drivers/STM32L4xx_HAL_Driver/Src/stm32l4xx_hal_pwr_ex.c.obj
 .comment       0x0000000000000033       0x34 CMakeFiles/lab_03_stacjonarnie.dir/Drivers/STM32L4xx_HAL_Driver/Src/stm32l4xx_hal_cortex.c.obj
 .comment       0x0000000000000033       0x34 CMakeFiles/lab_03_stacjonarnie.dir/Drivers/STM32L4xx_HAL_Driver/Src/stm32l4xx_hal_uart.c.obj
 .comment       0x0000000000000033       0x34 CMakeFiles/lab_03_stacjonarnie.dir/Core/Src/system_stm32l4xx.c.obj
 .comment       0x0000000000000033       0x34 CMakeFiles/lab_03_stacjonarnie.dir/Core/Src/sysmem.c.obj
 .comment       0x0000000000000033       0x34 CMakeFiles/lab_03_stacjonarnie.dir/Core/Src/syscalls.c.obj
 .comment       0x0000000000000033       0x34 /usr/lib/gcc/arm-none-eabi/10.3.1/thumb/v7e-m+fp/hard/libgcc.a(_udivmoddi4.o)
 .comment       0x0000000000000033       0x34 /usr/lib/gcc/arm-none-eabi/10.3.1/../../../arm-none-eabi/lib/thumb/v7e-m+fp/hard/libg_nano.a(lib_a-errno.o)
 .comment       0x0000000000000033       0x34 /usr/lib/gcc/arm-none-eabi/10.3.1/../../../arm-none-eabi/lib/thumb/v7e-m+fp/hard/libg_nano.a(lib_a-printf.o)
 .comment       0x0000000000000033       0x34 /usr/lib/gcc/arm-none-eabi/10.3.1/../../../arm-none-eabi/lib/thumb/v7e-m+fp/hard/libg_nano.a(lib_a-findfp.o)
 .comment       0x0000000000000033       0x34 /usr/lib/gcc/arm-none-eabi/10.3.1/../../../arm-none-eabi/lib/thumb/v7e-m+fp/hard/libg_nano.a(lib_a-fwalk.o)
 .comment       0x0000000000000033       0x34 /usr/lib/gcc/arm-none-eabi/10.3.1/../../../arm-none-eabi/lib/thumb/v7e-m+fp/hard/libg_nano.a(lib_a-nano-mallocr.o)
 .comment       0x0000000000000033       0x34 /usr/lib/gcc/arm-none-eabi/10.3.1/../../../arm-none-eabi/lib/thumb/v7e-m+fp/hard/libg_nano.a(lib_a-nano-vfprintf.o)
 .comment       0x0000000000000033       0x34 /usr/lib/gcc/arm-none-eabi/10.3.1/../../../arm-none-eabi/lib/thumb/v7e-m+fp/hard/libg_nano.a(lib_a-nano-vfprintf_i.o)
 .comment       0x0000000000000033       0x34 /usr/lib/gcc/arm-none-eabi/10.3.1/../../../arm-none-eabi/lib/thumb/v7e-m+fp/hard/libg_nano.a(lib_a-sbrkr.o)
 .comment       0x0000000000000033       0x34 /usr/lib/gcc/arm-none-eabi/10.3.1/../../../arm-none-eabi/lib/thumb/v7e-m+fp/hard/libg_nano.a(lib_a-stdio.o)
 .comment       0x0000000000000033       0x34 /usr/lib/gcc/arm-none-eabi/10.3.1/../../../arm-none-eabi/lib/thumb/v7e-m+fp/hard/libg_nano.a(lib_a-wbuf.o)
 .comment       0x0000000000000033       0x34 /usr/lib/gcc/arm-none-eabi/10.3.1/../../../arm-none-eabi/lib/thumb/v7e-m+fp/hard/libg_nano.a(lib_a-writer.o)
 .comment       0x0000000000000033       0x34 /usr/lib/gcc/arm-none-eabi/10.3.1/../../../arm-none-eabi/lib/thumb/v7e-m+fp/hard/libg_nano.a(lib_a-wsetup.o)
 .comment       0x0000000000000033       0x34 /usr/lib/gcc/arm-none-eabi/10.3.1/../../../arm-none-eabi/lib/thumb/v7e-m+fp/hard/libg_nano.a(lib_a-closer.o)
 .comment       0x0000000000000033       0x34 /usr/lib/gcc/arm-none-eabi/10.3.1/../../../arm-none-eabi/lib/thumb/v7e-m+fp/hard/libg_nano.a(lib_a-fflush.o)
 .comment       0x0000000000000033       0x34 /usr/lib/gcc/arm-none-eabi/10.3.1/../../../arm-none-eabi/lib/thumb/v7e-m+fp/hard/libg_nano.a(lib_a-fvwrite.o)
 .comment       0x0000000000000033       0x34 /usr/lib/gcc/arm-none-eabi/10.3.1/../../../arm-none-eabi/lib/thumb/v7e-m+fp/hard/libg_nano.a(lib_a-lseekr.o)
 .comment       0x0000000000000033       0x34 /usr/lib/gcc/arm-none-eabi/10.3.1/../../../arm-none-eabi/lib/thumb/v7e-m+fp/hard/libg_nano.a(lib_a-makebuf.o)
 .comment       0x0000000000000033       0x34 /usr/lib/gcc/arm-none-eabi/10.3.1/../../../arm-none-eabi/lib/thumb/v7e-m+fp/hard/libg_nano.a(lib_a-memmove.o)
 .comment       0x0000000000000033       0x34 /usr/lib/gcc/arm-none-eabi/10.3.1/../../../arm-none-eabi/lib/thumb/v7e-m+fp/hard/libg_nano.a(lib_a-mlock.o)
 .comment       0x0000000000000033       0x34 /usr/lib/gcc/arm-none-eabi/10.3.1/../../../arm-none-eabi/lib/thumb/v7e-m+fp/hard/libg_nano.a(lib_a-nano-freer.o)
 .comment       0x0000000000000033       0x34 /usr/lib/gcc/arm-none-eabi/10.3.1/../../../arm-none-eabi/lib/thumb/v7e-m+fp/hard/libg_nano.a(lib_a-nano-reallocr.o)
 .comment       0x0000000000000033       0x34 /usr/lib/gcc/arm-none-eabi/10.3.1/../../../arm-none-eabi/lib/thumb/v7e-m+fp/hard/libg_nano.a(lib_a-readr.o)
 .comment       0x0000000000000033       0x34 /usr/lib/gcc/arm-none-eabi/10.3.1/../../../arm-none-eabi/lib/thumb/v7e-m+fp/hard/libg_nano.a(lib_a-reent.o)
 .comment       0x0000000000000033       0x34 /usr/lib/gcc/arm-none-eabi/10.3.1/../../../arm-none-eabi/lib/thumb/v7e-m+fp/hard/libg_nano.a(lib_a-fstatr.o)
 .comment       0x0000000000000033       0x34 /usr/lib/gcc/arm-none-eabi/10.3.1/../../../arm-none-eabi/lib/thumb/v7e-m+fp/hard/libg_nano.a(lib_a-isattyr.o)
 .comment       0x0000000000000033       0x34 /usr/lib/gcc/arm-none-eabi/10.3.1/../../../arm-none-eabi/lib/thumb/v7e-m+fp/hard/libg_nano.a(lib_a-nano-msizer.o)
 .comment       0x0000000000000033       0x34 /usr/lib/gcc/arm-none-eabi/10.3.1/thumb/v7e-m+fp/hard/crtend.o

.debug_info     0x0000000000000000    0x21b3e
 .debug_info    0x0000000000000000      0x863 /usr/lib/gcc/arm-none-eabi/10.3.1/../../../arm-none-eabi/lib/thumb/v7e-m+fp/hard/libc_nano.a(lib_a-impure.o)
 .debug_info    0x0000000000000863      0x11a /usr/lib/gcc/arm-none-eabi/10.3.1/../../../arm-none-eabi/lib/thumb/v7e-m+fp/hard/libc_nano.a(lib_a-init.o)
 .debug_info    0x000000000000097d      0x137 /usr/lib/gcc/arm-none-eabi/10.3.1/../../../arm-none-eabi/lib/thumb/v7e-m+fp/hard/libc_nano.a(lib_a-memset.o)
 .debug_info    0x0000000000000ab4      0xdb6 CMakeFiles/lab_03_stacjonarnie.dir/Core/Src/main.c.obj
 .debug_info    0x000000000000186a      0x48a CMakeFiles/lab_03_stacjonarnie.dir/Core/Src/gpio.c.obj
 .debug_info    0x0000000000001cf4      0xe90 CMakeFiles/lab_03_stacjonarnie.dir/Core/Src/tim.c.obj
 .debug_info    0x0000000000002b84      0xcce CMakeFiles/lab_03_stacjonarnie.dir/Core/Src/usart.c.obj
 .debug_info    0x0000000000003852      0x736 CMakeFiles/lab_03_stacjonarnie.dir/Core/Src/stm32l4xx_it.c.obj
 .debug_info    0x0000000000003f88      0x2fc CMakeFiles/lab_03_stacjonarnie.dir/Core/Src/stm32l4xx_hal_msp.c.obj
 .debug_info    0x0000000000004284     0x2c75 CMakeFiles/lab_03_stacjonarnie.dir/Drivers/STM32L4xx_HAL_Driver/Src/stm32l4xx_hal_tim.c.obj
 .debug_info    0x0000000000006ef9     0x169f CMakeFiles/lab_03_stacjonarnie.dir/Drivers/STM32L4xx_HAL_Driver/Src/stm32l4xx_hal_tim_ex.c.obj
 .debug_info    0x0000000000008598      0xbf8 CMakeFiles/lab_03_stacjonarnie.dir/Drivers/STM32L4xx_HAL_Driver/Src/stm32l4xx_hal.c.obj
 .debug_info    0x0000000000009190      0xc74 CMakeFiles/lab_03_stacjonarnie.dir/Drivers/STM32L4xx_HAL_Driver/Src/stm32l4xx_hal_rcc.c.obj
 .debug_info    0x0000000000009e04      0xe10 CMakeFiles/lab_03_stacjonarnie.dir/Drivers/STM32L4xx_HAL_Driver/Src/stm32l4xx_hal_rcc_ex.c.obj
 .debug_info    0x000000000000ac14      0x809 CMakeFiles/lab_03_stacjonarnie.dir/Drivers/STM32L4xx_HAL_Driver/Src/stm32l4xx_hal_gpio.c.obj
 .debug_info    0x000000000000b41d      0x9cf CMakeFiles/lab_03_stacjonarnie.dir/Drivers/STM32L4xx_HAL_Driver/Src/stm32l4xx_hal_pwr_ex.c.obj
 .debug_info    0x000000000000bdec      0xe32 CMakeFiles/lab_03_stacjonarnie.dir/Drivers/STM32L4xx_HAL_Driver/Src/stm32l4xx_hal_cortex.c.obj
 .debug_info    0x000000000000cc1e     0x3cc4 CMakeFiles/lab_03_stacjonarnie.dir/Drivers/STM32L4xx_HAL_Driver/Src/stm32l4xx_hal_uart.c.obj
 .debug_info    0x00000000000108e2      0x5ae CMakeFiles/lab_03_stacjonarnie.dir/Core/Src/system_stm32l4xx.c.obj
 .debug_info    0x0000000000010e90      0x147 CMakeFiles/lab_03_stacjonarnie.dir/Core/Src/sysmem.c.obj
 .debug_info    0x0000000000010fd7      0x6b2 CMakeFiles/lab_03_stacjonarnie.dir/Core/Src/syscalls.c.obj
 .debug_info    0x0000000000011689       0x22 CMakeFiles/lab_03_stacjonarnie.dir/startup_stm32l476xx.s.obj
 .debug_info    0x00000000000116ab       0x26 /usr/lib/gcc/arm-none-eabi/10.3.1/thumb/v7e-m+fp/hard/libgcc.a(_aeabi_uldivmod.o)
 .debug_info    0x00000000000116d1      0x717 /usr/lib/gcc/arm-none-eabi/10.3.1/thumb/v7e-m+fp/hard/libgcc.a(_udivmoddi4.o)
 .debug_info    0x0000000000011de8       0x26 /usr/lib/gcc/arm-none-eabi/10.3.1/thumb/v7e-m+fp/hard/libgcc.a(_dvmd_tls.o)
 .debug_info    0x0000000000011e0e      0x7ae /usr/lib/gcc/arm-none-eabi/10.3.1/../../../arm-none-eabi/lib/thumb/v7e-m+fp/hard/libg_nano.a(lib_a-errno.o)
 .debug_info    0x00000000000125bc      0x8fd /usr/lib/gcc/arm-none-eabi/10.3.1/../../../arm-none-eabi/lib/thumb/v7e-m+fp/hard/libg_nano.a(lib_a-printf.o)
 .debug_info    0x0000000000012eb9      0xfae /usr/lib/gcc/arm-none-eabi/10.3.1/../../../arm-none-eabi/lib/thumb/v7e-m+fp/hard/libg_nano.a(lib_a-findfp.o)
 .debug_info    0x0000000000013e67      0x900 /usr/lib/gcc/arm-none-eabi/10.3.1/../../../arm-none-eabi/lib/thumb/v7e-m+fp/hard/libg_nano.a(lib_a-fwalk.o)
 .debug_info    0x0000000000014767      0xa0c /usr/lib/gcc/arm-none-eabi/10.3.1/../../../arm-none-eabi/lib/thumb/v7e-m+fp/hard/libg_nano.a(lib_a-nano-mallocr.o)
 .debug_info    0x0000000000015173     0x115f /usr/lib/gcc/arm-none-eabi/10.3.1/../../../arm-none-eabi/lib/thumb/v7e-m+fp/hard/libg_nano.a(lib_a-nano-vfprintf.o)
 .debug_info    0x00000000000162d2      0xe9e /usr/lib/gcc/arm-none-eabi/10.3.1/../../../arm-none-eabi/lib/thumb/v7e-m+fp/hard/libg_nano.a(lib_a-nano-vfprintf_i.o)
 .debug_info    0x0000000000017170      0x828 /usr/lib/gcc/arm-none-eabi/10.3.1/../../../arm-none-eabi/lib/thumb/v7e-m+fp/hard/libg_nano.a(lib_a-sbrkr.o)
 .debug_info    0x0000000000017998      0xabc /usr/lib/gcc/arm-none-eabi/10.3.1/../../../arm-none-eabi/lib/thumb/v7e-m+fp/hard/libg_nano.a(lib_a-stdio.o)
 .debug_info    0x0000000000018454      0x998 /usr/lib/gcc/arm-none-eabi/10.3.1/../../../arm-none-eabi/lib/thumb/v7e-m+fp/hard/libg_nano.a(lib_a-wbuf.o)
 .debug_info    0x0000000000018dec      0x85a /usr/lib/gcc/arm-none-eabi/10.3.1/../../../arm-none-eabi/lib/thumb/v7e-m+fp/hard/libg_nano.a(lib_a-writer.o)
 .debug_info    0x0000000000019646      0x902 /usr/lib/gcc/arm-none-eabi/10.3.1/../../../arm-none-eabi/lib/thumb/v7e-m+fp/hard/libg_nano.a(lib_a-wsetup.o)
 .debug_info    0x0000000000019f48      0x805 /usr/lib/gcc/arm-none-eabi/10.3.1/../../../arm-none-eabi/lib/thumb/v7e-m+fp/hard/libg_nano.a(lib_a-closer.o)
 .debug_info    0x000000000001a74d      0xb0d /usr/lib/gcc/arm-none-eabi/10.3.1/../../../arm-none-eabi/lib/thumb/v7e-m+fp/hard/libg_nano.a(lib_a-fflush.o)
 .debug_info    0x000000000001b25a      0xb5e /usr/lib/gcc/arm-none-eabi/10.3.1/../../../arm-none-eabi/lib/thumb/v7e-m+fp/hard/libg_nano.a(lib_a-fvwrite.o)
 .debug_info    0x000000000001bdb8      0x83b /usr/lib/gcc/arm-none-eabi/10.3.1/../../../arm-none-eabi/lib/thumb/v7e-m+fp/hard/libg_nano.a(lib_a-lseekr.o)
 .debug_info    0x000000000001c5f3      0xc8a /usr/lib/gcc/arm-none-eabi/10.3.1/../../../arm-none-eabi/lib/thumb/v7e-m+fp/hard/libg_nano.a(lib_a-makebuf.o)
 .debug_info    0x000000000001d27d       0x26 /usr/lib/gcc/arm-none-eabi/10.3.1/../../../arm-none-eabi/lib/thumb/v7e-m+fp/hard/libg_nano.a(lib_a-memchr.o)
 .debug_info    0x000000000001d2a3       0x26 /usr/lib/gcc/arm-none-eabi/10.3.1/../../../arm-none-eabi/lib/thumb/v7e-m+fp/hard/libg_nano.a(lib_a-memcpy.o)
 .debug_info    0x000000000001d2c9      0x152 /usr/lib/gcc/arm-none-eabi/10.3.1/../../../arm-none-eabi/lib/thumb/v7e-m+fp/hard/libg_nano.a(lib_a-memmove.o)
 .debug_info    0x000000000001d41b      0x7dc /usr/lib/gcc/arm-none-eabi/10.3.1/../../../arm-none-eabi/lib/thumb/v7e-m+fp/hard/libg_nano.a(lib_a-mlock.o)
 .debug_info    0x000000000001dbf7      0x903 /usr/lib/gcc/arm-none-eabi/10.3.1/../../../arm-none-eabi/lib/thumb/v7e-m+fp/hard/libg_nano.a(lib_a-nano-freer.o)
 .debug_info    0x000000000001e4fa      0x911 /usr/lib/gcc/arm-none-eabi/10.3.1/../../../arm-none-eabi/lib/thumb/v7e-m+fp/hard/libg_nano.a(lib_a-nano-reallocr.o)
 .debug_info    0x000000000001ee0b      0x853 /usr/lib/gcc/arm-none-eabi/10.3.1/../../../arm-none-eabi/lib/thumb/v7e-m+fp/hard/libg_nano.a(lib_a-readr.o)
 .debug_info    0x000000000001f65e      0xa7e /usr/lib/gcc/arm-none-eabi/10.3.1/../../../arm-none-eabi/lib/thumb/v7e-m+fp/hard/libg_nano.a(lib_a-reent.o)
 .debug_info    0x00000000000200dc      0xa1d /usr/lib/gcc/arm-none-eabi/10.3.1/../../../arm-none-eabi/lib/thumb/v7e-m+fp/hard/libg_nano.a(lib_a-fstatr.o)
 .debug_info    0x0000000000020af9      0x805 /usr/lib/gcc/arm-none-eabi/10.3.1/../../../arm-none-eabi/lib/thumb/v7e-m+fp/hard/libg_nano.a(lib_a-isattyr.o)
 .debug_info    0x00000000000212fe      0x840 /usr/lib/gcc/arm-none-eabi/10.3.1/../../../arm-none-eabi/lib/thumb/v7e-m+fp/hard/libg_nano.a(lib_a-nano-msizer.o)

.debug_abbrev   0x0000000000000000     0x59de
 .debug_abbrev  0x0000000000000000      0x151 /usr/lib/gcc/arm-none-eabi/10.3.1/../../../arm-none-eabi/lib/thumb/v7e-m+fp/hard/libc_nano.a(lib_a-impure.o)
 .debug_abbrev  0x0000000000000151       0xcc /usr/lib/gcc/arm-none-eabi/10.3.1/../../../arm-none-eabi/lib/thumb/v7e-m+fp/hard/libc_nano.a(lib_a-init.o)
 .debug_abbrev  0x000000000000021d       0xb4 /usr/lib/gcc/arm-none-eabi/10.3.1/../../../arm-none-eabi/lib/thumb/v7e-m+fp/hard/libc_nano.a(lib_a-memset.o)
 .debug_abbrev  0x00000000000002d1      0x21a CMakeFiles/lab_03_stacjonarnie.dir/Core/Src/main.c.obj
 .debug_abbrev  0x00000000000004eb      0x121 CMakeFiles/lab_03_stacjonarnie.dir/Core/Src/gpio.c.obj
 .debug_abbrev  0x000000000000060c      0x1d9 CMakeFiles/lab_03_stacjonarnie.dir/Core/Src/tim.c.obj
 .debug_abbrev  0x00000000000007e5      0x1a8 CMakeFiles/lab_03_stacjonarnie.dir/Core/Src/usart.c.obj
 .debug_abbrev  0x000000000000098d      0x15c CMakeFiles/lab_03_stacjonarnie.dir/Core/Src/stm32l4xx_it.c.obj
 .debug_abbrev  0x0000000000000ae9       0xc2 CMakeFiles/lab_03_stacjonarnie.dir/Core/Src/stm32l4xx_hal_msp.c.obj
 .debug_abbrev  0x0000000000000bab      0x238 CMakeFiles/lab_03_stacjonarnie.dir/Drivers/STM32L4xx_HAL_Driver/Src/stm32l4xx_hal_tim.c.obj
 .debug_abbrev  0x0000000000000de3      0x240 CMakeFiles/lab_03_stacjonarnie.dir/Drivers/STM32L4xx_HAL_Driver/Src/stm32l4xx_hal_tim_ex.c.obj
 .debug_abbrev  0x0000000000001023      0x207 CMakeFiles/lab_03_stacjonarnie.dir/Drivers/STM32L4xx_HAL_Driver/Src/stm32l4xx_hal.c.obj
 .debug_abbrev  0x000000000000122a      0x275 CMakeFiles/lab_03_stacjonarnie.dir/Drivers/STM32L4xx_HAL_Driver/Src/stm32l4xx_hal_rcc.c.obj
 .debug_abbrev  0x000000000000149f      0x255 CMakeFiles/lab_03_stacjonarnie.dir/Drivers/STM32L4xx_HAL_Driver/Src/stm32l4xx_hal_rcc_ex.c.obj
 .debug_abbrev  0x00000000000016f4      0x1bb CMakeFiles/lab_03_stacjonarnie.dir/Drivers/STM32L4xx_HAL_Driver/Src/stm32l4xx_hal_gpio.c.obj
 .debug_abbrev  0x00000000000018af      0x1e0 CMakeFiles/lab_03_stacjonarnie.dir/Drivers/STM32L4xx_HAL_Driver/Src/stm32l4xx_hal_pwr_ex.c.obj
 .debug_abbrev  0x0000000000001a8f      0x30d CMakeFiles/lab_03_stacjonarnie.dir/Drivers/STM32L4xx_HAL_Driver/Src/stm32l4xx_hal_cortex.c.obj
 .debug_abbrev  0x0000000000001d9c      0x27b CMakeFiles/lab_03_stacjonarnie.dir/Drivers/STM32L4xx_HAL_Driver/Src/stm32l4xx_hal_uart.c.obj
 .debug_abbrev  0x0000000000002017      0x116 CMakeFiles/lab_03_stacjonarnie.dir/Core/Src/system_stm32l4xx.c.obj
 .debug_abbrev  0x000000000000212d       0xa6 CMakeFiles/lab_03_stacjonarnie.dir/Core/Src/sysmem.c.obj
 .debug_abbrev  0x00000000000021d3      0x180 CMakeFiles/lab_03_stacjonarnie.dir/Core/Src/syscalls.c.obj
 .debug_abbrev  0x0000000000002353       0x12 CMakeFiles/lab_03_stacjonarnie.dir/startup_stm32l476xx.s.obj
 .debug_abbrev  0x0000000000002365       0x14 /usr/lib/gcc/arm-none-eabi/10.3.1/thumb/v7e-m+fp/hard/libgcc.a(_aeabi_uldivmod.o)
 .debug_abbrev  0x0000000000002379      0x163 /usr/lib/gcc/arm-none-eabi/10.3.1/thumb/v7e-m+fp/hard/libgcc.a(_udivmoddi4.o)
 .debug_abbrev  0x00000000000024dc       0x14 /usr/lib/gcc/arm-none-eabi/10.3.1/thumb/v7e-m+fp/hard/libgcc.a(_dvmd_tls.o)
 .debug_abbrev  0x00000000000024f0      0x157 /usr/lib/gcc/arm-none-eabi/10.3.1/../../../arm-none-eabi/lib/thumb/v7e-m+fp/hard/libg_nano.a(lib_a-errno.o)
 .debug_abbrev  0x0000000000002647      0x23e /usr/lib/gcc/arm-none-eabi/10.3.1/../../../arm-none-eabi/lib/thumb/v7e-m+fp/hard/libg_nano.a(lib_a-printf.o)
 .debug_abbrev  0x0000000000002885      0x3cd /usr/lib/gcc/arm-none-eabi/10.3.1/../../../arm-none-eabi/lib/thumb/v7e-m+fp/hard/libg_nano.a(lib_a-findfp.o)
 .debug_abbrev  0x0000000000002c52      0x197 /usr/lib/gcc/arm-none-eabi/10.3.1/../../../arm-none-eabi/lib/thumb/v7e-m+fp/hard/libg_nano.a(lib_a-fwalk.o)
 .debug_abbrev  0x0000000000002de9      0x290 /usr/lib/gcc/arm-none-eabi/10.3.1/../../../arm-none-eabi/lib/thumb/v7e-m+fp/hard/libg_nano.a(lib_a-nano-mallocr.o)
 .debug_abbrev  0x0000000000003079      0x358 /usr/lib/gcc/arm-none-eabi/10.3.1/../../../arm-none-eabi/lib/thumb/v7e-m+fp/hard/libg_nano.a(lib_a-nano-vfprintf.o)
 .debug_abbrev  0x00000000000033d1      0x25c /usr/lib/gcc/arm-none-eabi/10.3.1/../../../arm-none-eabi/lib/thumb/v7e-m+fp/hard/libg_nano.a(lib_a-nano-vfprintf_i.o)
 .debug_abbrev  0x000000000000362d      0x1d6 /usr/lib/gcc/arm-none-eabi/10.3.1/../../../arm-none-eabi/lib/thumb/v7e-m+fp/hard/libg_nano.a(lib_a-sbrkr.o)
 .debug_abbrev  0x0000000000003803      0x1fb /usr/lib/gcc/arm-none-eabi/10.3.1/../../../arm-none-eabi/lib/thumb/v7e-m+fp/hard/libg_nano.a(lib_a-stdio.o)
 .debug_abbrev  0x00000000000039fe      0x21f /usr/lib/gcc/arm-none-eabi/10.3.1/../../../arm-none-eabi/lib/thumb/v7e-m+fp/hard/libg_nano.a(lib_a-wbuf.o)
 .debug_abbrev  0x0000000000003c1d      0x1b0 /usr/lib/gcc/arm-none-eabi/10.3.1/../../../arm-none-eabi/lib/thumb/v7e-m+fp/hard/libg_nano.a(lib_a-writer.o)
 .debug_abbrev  0x0000000000003dcd      0x1d4 /usr/lib/gcc/arm-none-eabi/10.3.1/../../../arm-none-eabi/lib/thumb/v7e-m+fp/hard/libg_nano.a(lib_a-wsetup.o)
 .debug_abbrev  0x0000000000003fa1      0x1ab /usr/lib/gcc/arm-none-eabi/10.3.1/../../../arm-none-eabi/lib/thumb/v7e-m+fp/hard/libg_nano.a(lib_a-closer.o)
 .debug_abbrev  0x000000000000414c      0x2dd /usr/lib/gcc/arm-none-eabi/10.3.1/../../../arm-none-eabi/lib/thumb/v7e-m+fp/hard/libg_nano.a(lib_a-fflush.o)
 .debug_abbrev  0x0000000000004429      0x1f7 /usr/lib/gcc/arm-none-eabi/10.3.1/../../../arm-none-eabi/lib/thumb/v7e-m+fp/hard/libg_nano.a(lib_a-fvwrite.o)
 .debug_abbrev  0x0000000000004620      0x1bf /usr/lib/gcc/arm-none-eabi/10.3.1/../../../arm-none-eabi/lib/thumb/v7e-m+fp/hard/libg_nano.a(lib_a-lseekr.o)
 .debug_abbrev  0x00000000000047df      0x278 /usr/lib/gcc/arm-none-eabi/10.3.1/../../../arm-none-eabi/lib/thumb/v7e-m+fp/hard/libg_nano.a(lib_a-makebuf.o)
 .debug_abbrev  0x0000000000004a57       0x14 /usr/lib/gcc/arm-none-eabi/10.3.1/../../../arm-none-eabi/lib/thumb/v7e-m+fp/hard/libg_nano.a(lib_a-memchr.o)
 .debug_abbrev  0x0000000000004a6b       0x14 /usr/lib/gcc/arm-none-eabi/10.3.1/../../../arm-none-eabi/lib/thumb/v7e-m+fp/hard/libg_nano.a(lib_a-memcpy.o)
 .debug_abbrev  0x0000000000004a7f       0xc0 /usr/lib/gcc/arm-none-eabi/10.3.1/../../../arm-none-eabi/lib/thumb/v7e-m+fp/hard/libg_nano.a(lib_a-memmove.o)
 .debug_abbrev  0x0000000000004b3f      0x189 /usr/lib/gcc/arm-none-eabi/10.3.1/../../../arm-none-eabi/lib/thumb/v7e-m+fp/hard/libg_nano.a(lib_a-mlock.o)
 .debug_abbrev  0x0000000000004cc8      0x235 /usr/lib/gcc/arm-none-eabi/10.3.1/../../../arm-none-eabi/lib/thumb/v7e-m+fp/hard/libg_nano.a(lib_a-nano-freer.o)
 .debug_abbrev  0x0000000000004efd      0x1d6 /usr/lib/gcc/arm-none-eabi/10.3.1/../../../arm-none-eabi/lib/thumb/v7e-m+fp/hard/libg_nano.a(lib_a-nano-reallocr.o)
 .debug_abbrev  0x00000000000050d3      0x1ab /usr/lib/gcc/arm-none-eabi/10.3.1/../../../arm-none-eabi/lib/thumb/v7e-m+fp/hard/libg_nano.a(lib_a-readr.o)
 .debug_abbrev  0x000000000000527e      0x265 /usr/lib/gcc/arm-none-eabi/10.3.1/../../../arm-none-eabi/lib/thumb/v7e-m+fp/hard/libg_nano.a(lib_a-reent.o)
 .debug_abbrev  0x00000000000054e3      0x1bf /usr/lib/gcc/arm-none-eabi/10.3.1/../../../arm-none-eabi/lib/thumb/v7e-m+fp/hard/libg_nano.a(lib_a-fstatr.o)
 .debug_abbrev  0x00000000000056a2      0x1ab /usr/lib/gcc/arm-none-eabi/10.3.1/../../../arm-none-eabi/lib/thumb/v7e-m+fp/hard/libg_nano.a(lib_a-isattyr.o)
 .debug_abbrev  0x000000000000584d      0x191 /usr/lib/gcc/arm-none-eabi/10.3.1/../../../arm-none-eabi/lib/thumb/v7e-m+fp/hard/libg_nano.a(lib_a-nano-msizer.o)

.debug_aranges  0x0000000000000000     0x1398
 .debug_aranges
                0x0000000000000000       0x18 /usr/lib/gcc/arm-none-eabi/10.3.1/../../../arm-none-eabi/lib/thumb/v7e-m+fp/hard/libc_nano.a(lib_a-impure.o)
 .debug_aranges
                0x0000000000000018       0x20 /usr/lib/gcc/arm-none-eabi/10.3.1/../../../arm-none-eabi/lib/thumb/v7e-m+fp/hard/libc_nano.a(lib_a-init.o)
 .debug_aranges
                0x0000000000000038       0x20 /usr/lib/gcc/arm-none-eabi/10.3.1/../../../arm-none-eabi/lib/thumb/v7e-m+fp/hard/libc_nano.a(lib_a-memset.o)
 .debug_aranges
                0x0000000000000058       0x40 CMakeFiles/lab_03_stacjonarnie.dir/Core/Src/main.c.obj
 .debug_aranges
                0x0000000000000098       0x20 CMakeFiles/lab_03_stacjonarnie.dir/Core/Src/gpio.c.obj
 .debug_aranges
                0x00000000000000b8       0x48 CMakeFiles/lab_03_stacjonarnie.dir/Core/Src/tim.c.obj
 .debug_aranges
                0x0000000000000100       0x30 CMakeFiles/lab_03_stacjonarnie.dir/Core/Src/usart.c.obj
 .debug_aranges
                0x0000000000000130       0x68 CMakeFiles/lab_03_stacjonarnie.dir/Core/Src/stm32l4xx_it.c.obj
 .debug_aranges
                0x0000000000000198       0x20 CMakeFiles/lab_03_stacjonarnie.dir/Core/Src/stm32l4xx_hal_msp.c.obj
 .debug_aranges
                0x00000000000001b8      0x3e0 CMakeFiles/lab_03_stacjonarnie.dir/Drivers/STM32L4xx_HAL_Driver/Src/stm32l4xx_hal_tim.c.obj
 .debug_aranges
                0x0000000000000598      0x180 CMakeFiles/lab_03_stacjonarnie.dir/Drivers/STM32L4xx_HAL_Driver/Src/stm32l4xx_hal_tim_ex.c.obj
 .debug_aranges
                0x0000000000000718      0x130 CMakeFiles/lab_03_stacjonarnie.dir/Drivers/STM32L4xx_HAL_Driver/Src/stm32l4xx_hal.c.obj
 .debug_aranges
                0x0000000000000848       0x90 CMakeFiles/lab_03_stacjonarnie.dir/Drivers/STM32L4xx_HAL_Driver/Src/stm32l4xx_hal_rcc.c.obj
 .debug_aranges
                0x00000000000008d8       0xc0 CMakeFiles/lab_03_stacjonarnie.dir/Drivers/STM32L4xx_HAL_Driver/Src/stm32l4xx_hal_rcc_ex.c.obj
 .debug_aranges
                0x0000000000000998       0x58 CMakeFiles/lab_03_stacjonarnie.dir/Drivers/STM32L4xx_HAL_Driver/Src/stm32l4xx_hal_gpio.c.obj
 .debug_aranges
                0x00000000000009f0      0x160 CMakeFiles/lab_03_stacjonarnie.dir/Drivers/STM32L4xx_HAL_Driver/Src/stm32l4xx_hal_pwr_ex.c.obj
 .debug_aranges
                0x0000000000000b50      0x128 CMakeFiles/lab_03_stacjonarnie.dir/Drivers/STM32L4xx_HAL_Driver/Src/stm32l4xx_hal_cortex.c.obj
 .debug_aranges
                0x0000000000000c78      0x228 CMakeFiles/lab_03_stacjonarnie.dir/Drivers/STM32L4xx_HAL_Driver/Src/stm32l4xx_hal_uart.c.obj
 .debug_aranges
                0x0000000000000ea0       0x28 CMakeFiles/lab_03_stacjonarnie.dir/Core/Src/system_stm32l4xx.c.obj
 .debug_aranges
                0x0000000000000ec8       0x20 CMakeFiles/lab_03_stacjonarnie.dir/Core/Src/sysmem.c.obj
 .debug_aranges
                0x0000000000000ee8       0xa8 CMakeFiles/lab_03_stacjonarnie.dir/Core/Src/syscalls.c.obj
 .debug_aranges
                0x0000000000000f90       0x28 CMakeFiles/lab_03_stacjonarnie.dir/startup_stm32l476xx.s.obj
 .debug_aranges
                0x0000000000000fb8       0x20 /usr/lib/gcc/arm-none-eabi/10.3.1/thumb/v7e-m+fp/hard/libgcc.a(_aeabi_uldivmod.o)
 .debug_aranges
                0x0000000000000fd8       0x20 /usr/lib/gcc/arm-none-eabi/10.3.1/thumb/v7e-m+fp/hard/libgcc.a(_udivmoddi4.o)
 .debug_aranges
                0x0000000000000ff8       0x20 /usr/lib/gcc/arm-none-eabi/10.3.1/thumb/v7e-m+fp/hard/libgcc.a(_dvmd_tls.o)
 .debug_aranges
                0x0000000000001018       0x20 /usr/lib/gcc/arm-none-eabi/10.3.1/../../../arm-none-eabi/lib/thumb/v7e-m+fp/hard/libg_nano.a(lib_a-errno.o)
 .debug_aranges
                0x0000000000001038       0x20 /usr/lib/gcc/arm-none-eabi/10.3.1/../../../arm-none-eabi/lib/thumb/v7e-m+fp/hard/libg_nano.a(lib_a-printf.o)
 .debug_aranges
                0x0000000000001058       0x20 /usr/lib/gcc/arm-none-eabi/10.3.1/../../../arm-none-eabi/lib/thumb/v7e-m+fp/hard/libg_nano.a(lib_a-findfp.o)
 .debug_aranges
                0x0000000000001078       0x20 /usr/lib/gcc/arm-none-eabi/10.3.1/../../../arm-none-eabi/lib/thumb/v7e-m+fp/hard/libg_nano.a(lib_a-fwalk.o)
 .debug_aranges
                0x0000000000001098       0x20 /usr/lib/gcc/arm-none-eabi/10.3.1/../../../arm-none-eabi/lib/thumb/v7e-m+fp/hard/libg_nano.a(lib_a-nano-mallocr.o)
 .debug_aranges
                0x00000000000010b8       0x20 /usr/lib/gcc/arm-none-eabi/10.3.1/../../../arm-none-eabi/lib/thumb/v7e-m+fp/hard/libg_nano.a(lib_a-nano-vfprintf.o)
 .debug_aranges
                0x00000000000010d8       0x20 /usr/lib/gcc/arm-none-eabi/10.3.1/../../../arm-none-eabi/lib/thumb/v7e-m+fp/hard/libg_nano.a(lib_a-nano-vfprintf_i.o)
 .debug_aranges
                0x00000000000010f8       0x20 /usr/lib/gcc/arm-none-eabi/10.3.1/../../../arm-none-eabi/lib/thumb/v7e-m+fp/hard/libg_nano.a(lib_a-sbrkr.o)
 .debug_aranges
                0x0000000000001118       0x20 /usr/lib/gcc/arm-none-eabi/10.3.1/../../../arm-none-eabi/lib/thumb/v7e-m+fp/hard/libg_nano.a(lib_a-stdio.o)
 .debug_aranges
                0x0000000000001138       0x20 /usr/lib/gcc/arm-none-eabi/10.3.1/../../../arm-none-eabi/lib/thumb/v7e-m+fp/hard/libg_nano.a(lib_a-wbuf.o)
 .debug_aranges
                0x0000000000001158       0x20 /usr/lib/gcc/arm-none-eabi/10.3.1/../../../arm-none-eabi/lib/thumb/v7e-m+fp/hard/libg_nano.a(lib_a-writer.o)
 .debug_aranges
                0x0000000000001178       0x20 /usr/lib/gcc/arm-none-eabi/10.3.1/../../../arm-none-eabi/lib/thumb/v7e-m+fp/hard/libg_nano.a(lib_a-wsetup.o)
 .debug_aranges
                0x0000000000001198       0x20 /usr/lib/gcc/arm-none-eabi/10.3.1/../../../arm-none-eabi/lib/thumb/v7e-m+fp/hard/libg_nano.a(lib_a-closer.o)
 .debug_aranges
                0x00000000000011b8       0x20 /usr/lib/gcc/arm-none-eabi/10.3.1/../../../arm-none-eabi/lib/thumb/v7e-m+fp/hard/libg_nano.a(lib_a-fflush.o)
 .debug_aranges
                0x00000000000011d8       0x20 /usr/lib/gcc/arm-none-eabi/10.3.1/../../../arm-none-eabi/lib/thumb/v7e-m+fp/hard/libg_nano.a(lib_a-fvwrite.o)
 .debug_aranges
                0x00000000000011f8       0x20 /usr/lib/gcc/arm-none-eabi/10.3.1/../../../arm-none-eabi/lib/thumb/v7e-m+fp/hard/libg_nano.a(lib_a-lseekr.o)
 .debug_aranges
                0x0000000000001218       0x20 /usr/lib/gcc/arm-none-eabi/10.3.1/../../../arm-none-eabi/lib/thumb/v7e-m+fp/hard/libg_nano.a(lib_a-makebuf.o)
 .debug_aranges
                0x0000000000001238       0x20 /usr/lib/gcc/arm-none-eabi/10.3.1/../../../arm-none-eabi/lib/thumb/v7e-m+fp/hard/libg_nano.a(lib_a-memchr.o)
 .debug_aranges
                0x0000000000001258       0x20 /usr/lib/gcc/arm-none-eabi/10.3.1/../../../arm-none-eabi/lib/thumb/v7e-m+fp/hard/libg_nano.a(lib_a-memcpy.o)
 .debug_aranges
                0x0000000000001278       0x20 /usr/lib/gcc/arm-none-eabi/10.3.1/../../../arm-none-eabi/lib/thumb/v7e-m+fp/hard/libg_nano.a(lib_a-memmove.o)
 .debug_aranges
                0x0000000000001298       0x20 /usr/lib/gcc/arm-none-eabi/10.3.1/../../../arm-none-eabi/lib/thumb/v7e-m+fp/hard/libg_nano.a(lib_a-mlock.o)
 .debug_aranges
                0x00000000000012b8       0x20 /usr/lib/gcc/arm-none-eabi/10.3.1/../../../arm-none-eabi/lib/thumb/v7e-m+fp/hard/libg_nano.a(lib_a-nano-freer.o)
 .debug_aranges
                0x00000000000012d8       0x20 /usr/lib/gcc/arm-none-eabi/10.3.1/../../../arm-none-eabi/lib/thumb/v7e-m+fp/hard/libg_nano.a(lib_a-nano-reallocr.o)
 .debug_aranges
                0x00000000000012f8       0x20 /usr/lib/gcc/arm-none-eabi/10.3.1/../../../arm-none-eabi/lib/thumb/v7e-m+fp/hard/libg_nano.a(lib_a-readr.o)
 .debug_aranges
                0x0000000000001318       0x20 /usr/lib/gcc/arm-none-eabi/10.3.1/../../../arm-none-eabi/lib/thumb/v7e-m+fp/hard/libg_nano.a(lib_a-reent.o)
 .debug_aranges
                0x0000000000001338       0x20 /usr/lib/gcc/arm-none-eabi/10.3.1/../../../arm-none-eabi/lib/thumb/v7e-m+fp/hard/libg_nano.a(lib_a-fstatr.o)
 .debug_aranges
                0x0000000000001358       0x20 /usr/lib/gcc/arm-none-eabi/10.3.1/../../../arm-none-eabi/lib/thumb/v7e-m+fp/hard/libg_nano.a(lib_a-isattyr.o)
 .debug_aranges
                0x0000000000001378       0x20 /usr/lib/gcc/arm-none-eabi/10.3.1/../../../arm-none-eabi/lib/thumb/v7e-m+fp/hard/libg_nano.a(lib_a-nano-msizer.o)

.debug_line     0x0000000000000000    0x162fc
 .debug_line    0x0000000000000000       0xe4 /usr/lib/gcc/arm-none-eabi/10.3.1/../../../arm-none-eabi/lib/thumb/v7e-m+fp/hard/libc_nano.a(lib_a-impure.o)
 .debug_line    0x00000000000000e4      0x138 /usr/lib/gcc/arm-none-eabi/10.3.1/../../../arm-none-eabi/lib/thumb/v7e-m+fp/hard/libc_nano.a(lib_a-init.o)
 .debug_line    0x000000000000021c      0x1bf /usr/lib/gcc/arm-none-eabi/10.3.1/../../../arm-none-eabi/lib/thumb/v7e-m+fp/hard/libc_nano.a(lib_a-memset.o)
 .debug_line    0x00000000000003db      0x894 CMakeFiles/lab_03_stacjonarnie.dir/Core/Src/main.c.obj
 .debug_line    0x0000000000000c6f      0x618 CMakeFiles/lab_03_stacjonarnie.dir/Core/Src/gpio.c.obj
 .debug_line    0x0000000000001287      0x711 CMakeFiles/lab_03_stacjonarnie.dir/Core/Src/tim.c.obj
 .debug_line    0x0000000000001998      0x680 CMakeFiles/lab_03_stacjonarnie.dir/Core/Src/usart.c.obj
 .debug_line    0x0000000000002018      0x6d9 CMakeFiles/lab_03_stacjonarnie.dir/Core/Src/stm32l4xx_it.c.obj
 .debug_line    0x00000000000026f1      0x5fe CMakeFiles/lab_03_stacjonarnie.dir/Core/Src/stm32l4xx_hal_msp.c.obj
 .debug_line    0x0000000000002cef     0x3c7e CMakeFiles/lab_03_stacjonarnie.dir/Drivers/STM32L4xx_HAL_Driver/Src/stm32l4xx_hal_tim.c.obj
 .debug_line    0x000000000000696d     0x1ae4 CMakeFiles/lab_03_stacjonarnie.dir/Drivers/STM32L4xx_HAL_Driver/Src/stm32l4xx_hal_tim_ex.c.obj
 .debug_line    0x0000000000008451      0x9ef CMakeFiles/lab_03_stacjonarnie.dir/Drivers/STM32L4xx_HAL_Driver/Src/stm32l4xx_hal.c.obj
 .debug_line    0x0000000000008e40      0xe6a CMakeFiles/lab_03_stacjonarnie.dir/Drivers/STM32L4xx_HAL_Driver/Src/stm32l4xx_hal_rcc.c.obj
 .debug_line    0x0000000000009caa     0x13a7 CMakeFiles/lab_03_stacjonarnie.dir/Drivers/STM32L4xx_HAL_Driver/Src/stm32l4xx_hal_rcc_ex.c.obj
 .debug_line    0x000000000000b051      0xa62 CMakeFiles/lab_03_stacjonarnie.dir/Drivers/STM32L4xx_HAL_Driver/Src/stm32l4xx_hal_gpio.c.obj
 .debug_line    0x000000000000bab3      0xbe6 CMakeFiles/lab_03_stacjonarnie.dir/Drivers/STM32L4xx_HAL_Driver/Src/stm32l4xx_hal_pwr_ex.c.obj
 .debug_line    0x000000000000c699      0xbc3 CMakeFiles/lab_03_stacjonarnie.dir/Drivers/STM32L4xx_HAL_Driver/Src/stm32l4xx_hal_cortex.c.obj
 .debug_line    0x000000000000d25c     0x30f9 CMakeFiles/lab_03_stacjonarnie.dir/Drivers/STM32L4xx_HAL_Driver/Src/stm32l4xx_hal_uart.c.obj
 .debug_line    0x0000000000010355      0x696 CMakeFiles/lab_03_stacjonarnie.dir/Core/Src/system_stm32l4xx.c.obj
 .debug_line    0x00000000000109eb      0x1f3 CMakeFiles/lab_03_stacjonarnie.dir/Core/Src/sysmem.c.obj
 .debug_line    0x0000000000010bde      0x523 CMakeFiles/lab_03_stacjonarnie.dir/Core/Src/syscalls.c.obj
 .debug_line    0x0000000000011101       0xc5 CMakeFiles/lab_03_stacjonarnie.dir/startup_stm32l476xx.s.obj
 .debug_line    0x00000000000111c6       0x60 /usr/lib/gcc/arm-none-eabi/10.3.1/thumb/v7e-m+fp/hard/libgcc.a(_aeabi_uldivmod.o)
 .debug_line    0x0000000000011226      0x5ae /usr/lib/gcc/arm-none-eabi/10.3.1/thumb/v7e-m+fp/hard/libgcc.a(_udivmoddi4.o)
 .debug_line    0x00000000000117d4       0x60 /usr/lib/gcc/arm-none-eabi/10.3.1/thumb/v7e-m+fp/hard/libgcc.a(_dvmd_tls.o)
 .debug_line    0x0000000000011834      0x109 /usr/lib/gcc/arm-none-eabi/10.3.1/../../../arm-none-eabi/lib/thumb/v7e-m+fp/hard/libg_nano.a(lib_a-errno.o)
 .debug_line    0x000000000001193d      0x22c /usr/lib/gcc/arm-none-eabi/10.3.1/../../../arm-none-eabi/lib/thumb/v7e-m+fp/hard/libg_nano.a(lib_a-printf.o)
 .debug_line    0x0000000000011b69      0x589 /usr/lib/gcc/arm-none-eabi/10.3.1/../../../arm-none-eabi/lib/thumb/v7e-m+fp/hard/libg_nano.a(lib_a-findfp.o)
 .debug_line    0x00000000000120f2      0x29e /usr/lib/gcc/arm-none-eabi/10.3.1/../../../arm-none-eabi/lib/thumb/v7e-m+fp/hard/libg_nano.a(lib_a-fwalk.o)
 .debug_line    0x0000000000012390      0x2d0 /usr/lib/gcc/arm-none-eabi/10.3.1/../../../arm-none-eabi/lib/thumb/v7e-m+fp/hard/libg_nano.a(lib_a-nano-mallocr.o)
 .debug_line    0x0000000000012660      0x700 /usr/lib/gcc/arm-none-eabi/10.3.1/../../../arm-none-eabi/lib/thumb/v7e-m+fp/hard/libg_nano.a(lib_a-nano-vfprintf.o)
 .debug_line    0x0000000000012d60      0x746 /usr/lib/gcc/arm-none-eabi/10.3.1/../../../arm-none-eabi/lib/thumb/v7e-m+fp/hard/libg_nano.a(lib_a-nano-vfprintf_i.o)
 .debug_line    0x00000000000134a6      0x183 /usr/lib/gcc/arm-none-eabi/10.3.1/../../../arm-none-eabi/lib/thumb/v7e-m+fp/hard/libg_nano.a(lib_a-sbrkr.o)
 .debug_line    0x0000000000013629      0x231 /usr/lib/gcc/arm-none-eabi/10.3.1/../../../arm-none-eabi/lib/thumb/v7e-m+fp/hard/libg_nano.a(lib_a-stdio.o)
 .debug_line    0x000000000001385a      0x279 /usr/lib/gcc/arm-none-eabi/10.3.1/../../../arm-none-eabi/lib/thumb/v7e-m+fp/hard/libg_nano.a(lib_a-wbuf.o)
 .debug_line    0x0000000000013ad3      0x189 /usr/lib/gcc/arm-none-eabi/10.3.1/../../../arm-none-eabi/lib/thumb/v7e-m+fp/hard/libg_nano.a(lib_a-writer.o)
 .debug_line    0x0000000000013c5c      0x33e /usr/lib/gcc/arm-none-eabi/10.3.1/../../../arm-none-eabi/lib/thumb/v7e-m+fp/hard/libg_nano.a(lib_a-wsetup.o)
 .debug_line    0x0000000000013f9a      0x183 /usr/lib/gcc/arm-none-eabi/10.3.1/../../../arm-none-eabi/lib/thumb/v7e-m+fp/hard/libg_nano.a(lib_a-closer.o)
 .debug_line    0x000000000001411d      0x46d /usr/lib/gcc/arm-none-eabi/10.3.1/../../../arm-none-eabi/lib/thumb/v7e-m+fp/hard/libg_nano.a(lib_a-fflush.o)
 .debug_line    0x000000000001458a      0x5e4 /usr/lib/gcc/arm-none-eabi/10.3.1/../../../arm-none-eabi/lib/thumb/v7e-m+fp/hard/libg_nano.a(lib_a-fvwrite.o)
 .debug_line    0x0000000000014b6e      0x189 /usr/lib/gcc/arm-none-eabi/10.3.1/../../../arm-none-eabi/lib/thumb/v7e-m+fp/hard/libg_nano.a(lib_a-lseekr.o)